Component: ARM Compiler 6.16 Tool: armlink [5dfeaa00]

==============================================================================

Section Cross References

    command_parsing.o(.text.command_parsing) refers to command_parsing.o(.rodata.cmd_table) for cmd_table
    command_parsing.o(.text.command_parsing) refers to command_parsing.o(.bss.send_buffer) for send_buffer
    command_parsing.o(.text.command_parsing) refers to debug_uart.o(.bss.Debug_Receive_Buffer) for Debug_Receive_Buffer
    command_parsing.o(.text.command_parsing) refers to memcmp.o(.text) for memcmp
    command_parsing.o(.text.command_parsing) refers to command_parsing.o(.bss.send_idx) for send_idx
    command_parsing.o(.text.command_parsing) refers to strlen.o(.text) for strlen
    command_parsing.o(.text.command_parsing) refers to debug_uart.o(.text.debug_send_it_data) for debug_send_it_data
    command_parsing.o(.ARM.exidx.text.command_parsing) refers to command_parsing.o(.text.command_parsing) for [Anonymous Symbol]
    command_parsing.o(.text.handle_bus_voltage) refers to ina226.o(.rodata.INA226_Device_Info) for INA226_Device_Info
    command_parsing.o(.text.handle_bus_voltage) refers to f2d.o(.text) for __aeabi_f2d
    command_parsing.o(.text.handle_bus_voltage) refers to command_parsing.o(.bss.send_buffer) for send_buffer
    command_parsing.o(.text.handle_bus_voltage) refers to printfa.o(i.__0sprintf) for __2sprintf
    command_parsing.o(.ARM.exidx.text.handle_bus_voltage) refers to command_parsing.o(.text.handle_bus_voltage) for [Anonymous Symbol]
    command_parsing.o(.text.handle_current) refers to ina226.o(.rodata.INA226_Device_Info) for INA226_Device_Info
    command_parsing.o(.text.handle_current) refers to f2d.o(.text) for __aeabi_f2d
    command_parsing.o(.text.handle_current) refers to command_parsing.o(.bss.send_buffer) for send_buffer
    command_parsing.o(.text.handle_current) refers to printfa.o(i.__0sprintf) for __2sprintf
    command_parsing.o(.ARM.exidx.text.handle_current) refers to command_parsing.o(.text.handle_current) for [Anonymous Symbol]
    command_parsing.o(.text.handle_shunt_voltage) refers to ina226.o(.rodata.INA226_Device_Info) for INA226_Device_Info
    command_parsing.o(.text.handle_shunt_voltage) refers to f2d.o(.text) for __aeabi_f2d
    command_parsing.o(.text.handle_shunt_voltage) refers to command_parsing.o(.bss.send_buffer) for send_buffer
    command_parsing.o(.text.handle_shunt_voltage) refers to printfa.o(i.__0sprintf) for __2sprintf
    command_parsing.o(.ARM.exidx.text.handle_shunt_voltage) refers to command_parsing.o(.text.handle_shunt_voltage) for [Anonymous Symbol]
    command_parsing.o(.text.handle_power) refers to ina226.o(.rodata.INA226_Device_Info) for INA226_Device_Info
    command_parsing.o(.text.handle_power) refers to command_parsing.o(.bss.send_buffer) for send_buffer
    command_parsing.o(.text.handle_power) refers to printfa.o(i.__0sprintf) for __2sprintf
    command_parsing.o(.ARM.exidx.text.handle_power) refers to command_parsing.o(.text.handle_power) for [Anonymous Symbol]
    command_parsing.o(.text.handle_unlock_alert) refers to ina226.o(.rodata.INA226_Device_Info) for INA226_Device_Info
    command_parsing.o(.text.handle_unlock_alert) refers to command_parsing.o(.bss.send_buffer) for send_buffer
    command_parsing.o(.text.handle_unlock_alert) refers to printfa.o(i.__0sprintf) for __2sprintf
    command_parsing.o(.ARM.exidx.text.handle_unlock_alert) refers to command_parsing.o(.text.handle_unlock_alert) for [Anonymous Symbol]
    command_parsing.o(.text.handle_manufacturer_id) refers to ina226.o(.rodata.INA226_Device_Info) for INA226_Device_Info
    command_parsing.o(.text.handle_manufacturer_id) refers to command_parsing.o(.bss.send_buffer) for send_buffer
    command_parsing.o(.text.handle_manufacturer_id) refers to printfa.o(i.__0sprintf) for __2sprintf
    command_parsing.o(.ARM.exidx.text.handle_manufacturer_id) refers to command_parsing.o(.text.handle_manufacturer_id) for [Anonymous Symbol]
    command_parsing.o(.text.handle_die_id) refers to ina226.o(.rodata.INA226_Device_Info) for INA226_Device_Info
    command_parsing.o(.text.handle_die_id) refers to command_parsing.o(.bss.send_buffer) for send_buffer
    command_parsing.o(.text.handle_die_id) refers to printfa.o(i.__0sprintf) for __2sprintf
    command_parsing.o(.ARM.exidx.text.handle_die_id) refers to command_parsing.o(.text.handle_die_id) for [Anonymous Symbol]
    command_parsing.o(.rodata.cmd_table) refers to command_parsing.o(.rodata.str1.1) for [Anonymous Symbol]
    command_parsing.o(.rodata.cmd_table) refers to command_parsing.o(.text.handle_bus_voltage) for handle_bus_voltage
    command_parsing.o(.rodata.cmd_table) refers to command_parsing.o(.text.handle_current) for handle_current
    command_parsing.o(.rodata.cmd_table) refers to command_parsing.o(.text.handle_shunt_voltage) for handle_shunt_voltage
[...]
    Removing main.o(.ARM.exidx.text.main), (8 bytes).
    Removing main.o(.ARM.exidx.text.systick_task_config), (8 bytes).
    Removing main.o(.ARM.use_no_argv), (4 bytes).
    Removing gd32f4xx_it.o(.text), (0 bytes).
    Removing gd32f4xx_it.o(.ARM.exidx.text.NMI_Handler), (8 bytes).
    Removing gd32f4xx_it.o(.ARM.exidx.text.HardFault_Handler), (8 bytes).
    Removing gd32f4xx_it.o(.ARM.exidx.text.MemManage_Handler), (8 bytes).
    Removing gd32f4xx_it.o(.ARM.exidx.text.BusFault_Handler), (8 bytes).
    Removing gd32f4xx_it.o(.ARM.exidx.text.UsageFault_Handler), (8 bytes).
    Removing gd32f4xx_it.o(.ARM.exidx.text.SVC_Handler), (8 bytes).
    Removing gd32f4xx_it.o(.ARM.exidx.text.DebugMon_Handler), (8 bytes).
    Removing gd32f4xx_it.o(.ARM.exidx.text.PendSV_Handler), (8 bytes).
    Removing gd32f4xx_it.o(.ARM.exidx.text.SysTick_Handler), (8 bytes).

1907 unused section(s) (total 60763 bytes) removed from the image.

==============================================================================

Image Symbol Table

    Local Symbols

    Symbol Name                              Value     Ov Type        Size  Object(Section)

    ../Firmware/CMSIS/GD/GD32F4xx/Source/ARM/startup_gd32f450_470.s 0x00000000   Number         0  startup_gd32f450_470.o ABSOLUTE
    ../clib/division.s                       0x00000000   Number         0  aeabi_sdiv.o ABSOLUTE
    ../clib/microlib/division.c              0x00000000   Number         0  uidiv.o ABSOLUTE
    ../clib/microlib/division.c              0x00000000   Number         0  uldiv.o ABSOLUTE
    ../clib/microlib/init/entry.s            0x00000000   Number         0  entry.o ABSOLUTE
    ../clib/microlib/init/entry.s            0x00000000   Number         0  entry2.o ABSOLUTE
    ../clib/microlib/init/entry.s            0x00000000   Number         0  entry5.o ABSOLUTE
    ../clib/microlib/init/entry.s            0x00000000   Number         0  entry7a.o ABSOLUTE
    ../clib/microlib/init/entry.s            0x00000000   Number         0  entry7b.o ABSOLUTE
    ../clib/microlib/init/entry.s            0x00000000   Number         0  entry8a.o ABSOLUTE
    ../clib/microlib/init/entry.s            0x00000000   Number         0  entry8b.o ABSOLUTE
    ../clib/microlib/init/entry.s            0x00000000   Number         0  entry9a.o ABSOLUTE
    ../clib/microlib/init/entry.s            0x00000000   Number         0  entry9b.o ABSOLUTE
    ../clib/microlib/init/entry.s            0x00000000   Number         0  entry10a.o ABSOLUTE
    ../clib/microlib/init/entry.s            0x00000000   Number         0  entry10b.o ABSOLUTE
    ../clib/microlib/init/entry.s            0x00000000   Number         0  entry11a.o ABSOLUTE
    ../clib/microlib/init/entry.s            0x00000000   Number         0  entry11b.o ABSOLUTE
    ../clib/microlib/longlong.c              0x00000000   Number         0  llshl.o ABSOLUTE
    ../clib/microlib/longlong.c              0x00000000   Number         0  llushr.o ABSOLUTE
    ../clib/microlib/longlong.c              0x00000000   Number         0  llsshr.o ABSOLUTE
    ../clib/microlib/printf/printf.c         0x00000000   Number         0  printfb.o ABSOLUTE
    ../clib/microlib/printf/printf.c         0x00000000   Number         0  printf0.o ABSOLUTE
    ../clib/microlib/printf/printf.c         0x00000000   Number         0  printf1.o ABSOLUTE
    ../clib/microlib/printf/printf.c         0x00000000   Number         0  printf2.o ABSOLUTE
    ../clib/microlib/printf/printf.c         0x00000000   Number         0  printf3.o ABSOLUTE
    ../clib/microlib/printf/printf.c         0x00000000   Number         0  printf4.o ABSOLUTE
    ../clib/microlib/printf/printf.c         0x00000000   Number         0  printf5.o ABSOLUTE
    ../clib/microlib/printf/printf.c         0x00000000   Number         0  printf6.o ABSOLUTE
    ../clib/microlib/printf/printf.c         0x00000000   Number         0  printf7.o ABSOLUTE
    ../clib/microlib/printf/printf.c         0x00000000   Number         0  printf8.o ABSOLUTE
    ../clib/microlib/printf/printf.c         0x00000000   Number         0  printfa.o ABSOLUTE
    ../clib/microlib/printf/stubs.s          0x00000000   Number         0  printfstubs.o ABSOLUTE
    ../clib/microlib/stdio/puts.c            0x00000000   Number         0  puts.o ABSOLUTE
    ../clib/microlib/stdio/puts.c            0x00000000   Number         0  puts_e.o ABSOLUTE
    ../clib/microlib/stdio/streams.c         0x00000000   Number         0  stdout.o ABSOLUTE
    ../clib/microlib/string/memchr.c         0x00000000   Number         0  memchr.o ABSOLUTE
    ../clib/microlib/string/memcmp.c         0x00000000   Number         0  memcmp.o ABSOLUTE
    ../clib/microlib/string/memcpy.c         0x00000000   Number         0  memcpya.o ABSOLUTE
    ../clib/microlib/string/memcpy.c         0x00000000   Number         0  memcpyb.o ABSOLUTE
    ../clib/microlib/string/memset.c         0x00000000   Number         0  memseta.o ABSOLUTE
    ../clib/microlib/string/strcmp.c         0x00000000   Number         0  strcmp.o ABSOLUTE
    ../clib/microlib/string/strcpy.c         0x00000000   Number         0  strcpy.o ABSOLUTE
    ../clib/microlib/string/strlen.c         0x00000000   Number         0  strlen.o ABSOLUTE
    ../clib/microlib/stubs.s                 0x00000000   Number         0  iusefp.o ABSOLUTE
    ../fplib/microlib/f2d.c                  0x00000000   Number         0  f2d.o ABSOLUTE
    ../fplib/microlib/fpadd.c                0x00000000   Number         0  dadd.o ABSOLUTE
    ../fplib/microlib/fpdiv.c                0x00000000   Number         0  ddiv.o ABSOLUTE
    ../fplib/microlib/fpepilogue.c           0x00000000   Number         0  depilogue.o ABSOLUTE
    ../fplib/microlib/fpfix.c                0x00000000   Number         0  dfixul.o ABSOLUTE
    ../fplib/microlib/fpmul.c                0x00000000   Number         0  dmul.o ABSOLUTE
    bitband.c                                0x00000000   Number         0  bitband.o ABSOLUTE
    bmp280.c                                 0x00000000   Number         0  bmp280.o ABSOLUTE
    bsp_led.c                                0x00000000   Number         0  bsp_led.o ABSOLUTE
    can.c                                    0x00000000   Number         0  can.o ABSOLUTE
    cdrcmple.s                               0x00000000   Number         0  cdrcmple.o ABSOLUTE
    command_parsing.c                        0x00000000   Number         0  command_parsing.o ABSOLUTE
    dc.s                                     0x00000000   Number         0  dc.o ABSOLUTE
    debug_uart.c                             0x00000000   Number         0  debug_uart.o ABSOLUTE
    dip_switch.c                             0x00000000   Number         0  dip_switch.o ABSOLUTE
    eeprom.c                                 0x00000000   Number         0  eeprom.o ABSOLUTE
    gd32f4xx_adc.c                           0x00000000   Number         0  gd32f4xx_adc.o ABSOLUTE
    gd32f4xx_can.c                           0x00000000   Number         0  gd32f4xx_can.o ABSOLUTE
    gd32f4xx_crc.c                           0x00000000   Number         0  gd32f4xx_crc.o ABSOLUTE
    gd32f4xx_ctc.c                           0x00000000   Number         0  gd32f4xx_ctc.o ABSOLUTE
    gd32f4xx_dac.c                           0x00000000   Number         0  gd32f4xx_dac.o ABSOLUTE
    gd32f4xx_dbg.c                           0x00000000   Number         0  gd32f4xx_dbg.o ABSOLUTE
    gd32f4xx_dci.c                           0x00000000   Number         0  gd32f4xx_dci.o ABSOLUTE
    gd32f4xx_dma.c                           0x00000000   Number         0  gd32f4xx_dma.o ABSOLUTE
    gd32f4xx_enet.c                          0x00000000   Number         0  gd32f4xx_enet.o ABSOLUTE
    gd32f4xx_exmc.c                          0x00000000   Number         0  gd32f4xx_exmc.o ABSOLUTE
    gd32f4xx_exti.c                          0x00000000   Number         0  gd32f4xx_exti.o ABSOLUTE
    gd32f4xx_fmc.c                           0x00000000   Number         0  gd32f4xx_fmc.o ABSOLUTE
    gd32f4xx_fwdgt.c                         0x00000000   Number         0  gd32f4xx_fwdgt.o ABSOLUTE
    gd32f4xx_gpio.c                          0x00000000   Number         0  gd32f4xx_gpio.o ABSOLUTE
    gd32f4xx_i2c.c                           0x00000000   Number         0  gd32f4xx_i2c.o ABSOLUTE
    gd32f4xx_ipa.c                           0x00000000   Number         0  gd32f4xx_ipa.o ABSOLUTE
    gd32f4xx_iref.c                          0x00000000   Number         0  gd32f4xx_iref.o ABSOLUTE
    gd32f4xx_it.c                            0x00000000   Number         0  gd32f4xx_it.o ABSOLUTE
    gd32f4xx_misc.c                          0x00000000   Number         0  gd32f4xx_misc.o ABSOLUTE
    gd32f4xx_pmu.c                           0x00000000   Number         0  gd32f4xx_pmu.o ABSOLUTE
    gd32f4xx_rcu.c                           0x00000000   Number         0  gd32f4xx_rcu.o ABSOLUTE
    gd32f4xx_rtc.c                           0x00000000   Number         0  gd32f4xx_rtc.o ABSOLUTE
    gd32f4xx_sdio.c                          0x00000000   Number         0  gd32f4xx_sdio.o ABSOLUTE
    gd32f4xx_spi.c                           0x00000000   Number         0  gd32f4xx_spi.o ABSOLUTE
    gd32f4xx_syscfg.c                        0x00000000   Number         0  gd32f4xx_syscfg.o ABSOLUTE
    gd32f4xx_timer.c                         0x00000000   Number         0  gd32f4xx_timer.o ABSOLUTE
    gd32f4xx_tli.c                           0x00000000   Number         0  gd32f4xx_tli.o ABSOLUTE
    gd32f4xx_trng.c                          0x00000000   Number         0  gd32f4xx_trng.o ABSOLUTE
    gd32f4xx_usart.c                         0x00000000   Number         0  gd32f4xx_usart.o ABSOLUTE
    gd32f4xx_wwdgt.c                         0x00000000   Number         0  gd32f4xx_wwdgt.o ABSOLUTE
    handlers.s                               0x00000000   Number         0  handlers.o ABSOLUTE
    ina226.c                                 0x00000000   Number         0  ina226.o ABSOLUTE
    init.s                                   0x00000000   Number         0  init.o ABSOLUTE
    key.c                                    0x00000000   Number         0  key.o ABSOLUTE
    main.c                                   0x00000000   Number         0  main.o ABSOLUTE
    pc_task.c                                0x00000000   Number         0  pc_task.o ABSOLUTE
    rs485.c                                  0x00000000   Number         0  rs485.o ABSOLUTE
    soft_i2c.c                               0x00000000   Number         0  soft_i2c.o ABSOLUTE
    system_gd32f4xx.c                        0x00000000   Number         0  system_gd32f4xx.o ABSOLUTE
    systick.c                                0x00000000   Number         0  systick.o ABSOLUTE
    w25q128.c                                0x00000000   Number         0  w25q128.o ABSOLUTE
    RESET                                    0x08000000   Section      428  startup_gd32f450_470.o(RESET)
    .ARM.Collect$$$$00000000                 0x080001ac   Section        0  entry.o(.ARM.Collect$$$$00000000)
    .ARM.Collect$$$$00000001                 0x080001ac   Section        4  entry2.o(.ARM.Collect$$$$00000001)
    .ARM.Collect$$$$00000004                 0x080001b0   Section        4  entry5.o(.ARM.Collect$$$$00000004)
    .ARM.Collect$$$$00000008                 0x080001b4   Section        0  entry7b.o(.ARM.Collect$$$$00000008)
    .ARM.Collect$$$$0000000A                 0x080001b4   Section        0  entry8b.o(.ARM.Collect$$$$0000000A)
    .ARM.Collect$$$$0000000B                 0x080001b4   Section        8  entry9a.o(.ARM.Collect$$$$0000000B)
    __lit__00000000                          0x080001bc   Data           4  entry2.o(.ARM.Collect$$$$00002712)
    .ARM.Collect$$$$0000000D                 0x080001bc   Section        0  entry10a.o(.ARM.Collect$$$$0000000D)
    .ARM.Collect$$$$0000000F                 0x080001bc   Section        0  entry11a.o(.ARM.Collect$$$$0000000F)
    .ARM.Collect$$$$00002712                 0x080001bc   Section        4  entry2.o(.ARM.Collect$$$$00002712)
    $v0                                      0x080001c0   Number         0  startup_gd32f450_470.o(.text)
    .text                                    0x080001c0   Section       36  startup_gd32f450_470.o(.text)
    .text                                    0x080001e4   Section        0  memcpya.o(.text)
    .text                                    0x08000208   Section        0  memseta.o(.text)
    .text                                    0x0800022c   Section        0  strlen.o(.text)
    .text                                    0x0800023a   Section        0  memchr.o(.text)
    .text                                    0x0800024e   Section        0  memcmp.o(.text)
    .text                                    0x08000268   Section        0  f2d.o(.text)
    .text                                    0x0800028e   Section        0  uidiv.o(.text)
    .text                                    0x080002ba   Section        0  uldiv.o(.text)
    .text                                    0x0800031c   Section        0  iusefp.o(.text)
    .text                                    0x0800031c   Section        0  dadd.o(.text)
    .text                                    0x0800046a   Section        0  dmul.o(.text)
    .text                                    0x0800054e   Section        0  ddiv.o(.text)
    .text                                    0x0800062c   Section        0  dfixul.o(.text)
    .text                                    0x0800065c   Section       48  cdrcmple.o(.text)
    .text                                    0x0800068c   Section       36  init.o(.text)
    .text                                    0x080006b0   Section        0  llshl.o(.text)
    .text                                    0x080006ce   Section        0  llushr.o(.text)
    .text                                    0x080006ee   Section        0  llsshr.o(.text)
    .text                                    0x08000712   Section        0  depilogue.o(.text)
    [Anonymous Symbol]                       0x080007cc   Section        0  gd32f4xx_it.o(.text.BusFault_Handler)
    [Anonymous Symbol]                       0x080007d0   Section        0  can.o(.text.CAN1_RX1_IRQHandler)
    CANx_RX_IRQHandler                       0x080007d9   Thumb Code   136  can.o(.text.CANx_RX_IRQHandler)
    [Anonymous Symbol]                       0x080007d8   Section        0  can.o(.text.CANx_RX_IRQHandler)
    [Anonymous Symbol]                       0x08000898   Section        0  gd32f4xx_it.o(.text.DebugMon_Handler)
    [Anonymous Symbol]                       0x0800089c   Section        0  gd32f4xx_it.o(.text.HardFault_Handler)
    INA226_Alert_Config                      0x080008a1   Thumb Code    32  ina226.o(.text.INA226_Alert_Config)
    [Anonymous Symbol]                       0x080008a0   Section        0  ina226.o(.text.INA226_Alert_Config)
    INA226_BuildConfigRegister               0x080008c1   Thumb Code    46  ina226.o(.text.INA226_BuildConfigRegister)
    [Anonymous Symbol]                       0x080008c0   Section        0  ina226.o(.text.INA226_BuildConfigRegister)
    INA226_Get_Bus_Voltage                   0x080008f1   Thumb Code    40  ina226.o(.text.INA226_Get_Bus_Voltage)
    [Anonymous Symbol]                       0x080008f0   Section        0  ina226.o(.text.INA226_Get_Bus_Voltage)
    INA226_Get_Current                       0x08000919   Thumb Code    48  ina226.o(.text.INA226_Get_Current)
    [Anonymous Symbol]                       0x08000918   Section        0  ina226.o(.text.INA226_Get_Current)
    INA226_Get_Die_ID                        0x08000949   Thumb Code    10  ina226.o(.text.INA226_Get_Die_ID)
    [Anonymous Symbol]                       0x08000948   Section        0  ina226.o(.text.INA226_Get_Die_ID)
    INA226_Get_Manufacturer_ID               0x08000955   Thumb Code    10  ina226.o(.text.INA226_Get_Manufacturer_ID)
    [Anonymous Symbol]                       0x08000954   Section        0  ina226.o(.text.INA226_Get_Manufacturer_ID)
    INA226_Get_Power                         0x08000961   Thumb Code    44  ina226.o(.text.INA226_Get_Power)
    [Anonymous Symbol]                       0x08000960   Section        0  ina226.o(.text.INA226_Get_Power)
    INA226_Get_Shunt_Voltage                 0x0800098d   Thumb Code    36  ina226.o(.text.INA226_Get_Shunt_Voltage)
    [Anonymous Symbol]                       0x0800098c   Section        0  ina226.o(.text.INA226_Get_Shunt_Voltage)
    INA226_Init                              0x080009b1   Thumb Code    82  ina226.o(.text.INA226_Init)
    [Anonymous Symbol]                       0x080009b0   Section        0  ina226.o(.text.INA226_Init)
    INA226_Unlock_Alert                      0x08000a05   Thumb Code    10  ina226.o(.text.INA226_Unlock_Alert)
    [Anonymous Symbol]                       0x08000a04   Section        0  ina226.o(.text.INA226_Unlock_Alert)
    Ina226_ReadRegister                      0x08000a11   Thumb Code   132  ina226.o(.text.Ina226_ReadRegister)
    [Anonymous Symbol]                       0x08000a10   Section        0  ina226.o(.text.Ina226_ReadRegister)
    Ina226_WriteRegister                     0x08000a95   Thumb Code    96  ina226.o(.text.Ina226_WriteRegister)
    [Anonymous Symbol]                       0x08000a94   Section        0  ina226.o(.text.Ina226_WriteRegister)
    [Anonymous Symbol]                       0x08000af4   Section        0  key.o(.text.Key_Configuration)
    Key_GPIO_Init                            0x08000afd   Thumb Code    54  key.o(.text.Key_GPIO_Init)
    [Anonymous Symbol]                       0x08000afc   Section        0  key.o(.text.Key_GPIO_Init)
    [Anonymous Symbol]                       0x08000b34   Section        0  gd32f4xx_it.o(.text.MemManage_Handler)
    [Anonymous Symbol]                       0x08000b38   Section        0  gd32f4xx_it.o(.text.NMI_Handler)
    NVIC_SetPriority                         0x08000b3d   Thumb Code    14  systick.o(.text.NVIC_SetPriority)
    [Anonymous Symbol]                       0x08000b3c   Section        0  systick.o(.text.NVIC_SetPriority)
    [Anonymous Symbol]                       0x08000b4c   Section        0  gd32f4xx_it.o(.text.PendSV_Handler)
    [Anonymous Symbol]                       0x08000b50   Section        0  rs485.o(.text.Rs485_Init_config)
    Rs485_en_gpio_init                       0x08000b5d   Thumb Code    58  rs485.o(.text.Rs485_en_gpio_init)
    [Anonymous Symbol]                       0x08000b5c   Section        0  rs485.o(.text.Rs485_en_gpio_init)
    Rs485_gpio_init                          0x08000b99   Thumb Code   200  rs485.o(.text.Rs485_gpio_init)
    [Anonymous Symbol]                       0x08000b98   Section        0  rs485.o(.text.Rs485_gpio_init)
    [Anonymous Symbol]                       0x08000c60   Section        0  gd32f4xx_it.o(.text.SVC_Handler)
    [Anonymous Symbol]                       0x08000c64   Section        0  soft_i2c.o(.text.Soft_I2C_Init)
    [Anonymous Symbol]                       0x08000d18   Section        0  soft_i2c.o(.text.Soft_I2C_ReceiveAck)
    [Anonymous Symbol]                       0x08000d40   Section        0  soft_i2c.o(.text.Soft_I2C_ReceiveByte)
    [Anonymous Symbol]                       0x08000d80   Section        0  soft_i2c.o(.text.Soft_I2C_Start)
    [Anonymous Symbol]                       0x08000da4   Section        0  soft_i2c.o(.text.Soft_I2C_Stop)
    [Anonymous Symbol]                       0x08000dc0   Section        0  soft_i2c.o(.text.Soft_I2C_WriteAck)
    [Anonymous Symbol]                       0x08000ddc   Section        0  soft_i2c.o(.text.Soft_I2C_WriteByte)
    [Anonymous Symbol]                       0x08000e24   Section        0  soft_i2c.o(.text.Soft_R_SDA)
    [Anonymous Symbol]                       0x08000e3c   Section        0  soft_i2c.o(.text.Soft_W_SCL)
    [Anonymous Symbol]                       0x08000e58   Section        0  soft_i2c.o(.text.Soft_W_SDA)
    SysTick_Config                           0x08000e75   Thumb Code    42  systick.o(.text.SysTick_Config)
    [Anonymous Symbol]                       0x08000e74   Section        0  systick.o(.text.SysTick_Config)
    [Anonymous Symbol]                       0x08000ea0   Section        0  gd32f4xx_it.o(.text.SysTick_Handler)
    [Anonymous Symbol]                       0x08000ea8   Section        0  system_gd32f4xx.o(.text.SystemInit)
    [Anonymous Symbol]                       0x08000f64   Section        0  debug_uart.o(.text.USART0_IRQHandler)
    [Anonymous Symbol]                       0x08001124   Section        0  rs485.o(.text.USART1_IRQHandler)
    [Anonymous Symbol]                       0x080012d4   Section        0  gd32f4xx_it.o(.text.UsageFault_Handler)
    [Anonymous Symbol]                       0x080012d8   Section        0  can.o(.text.can_config)
    [Anonymous Symbol]                       0x080012f8   Section        0  gd32f4xx_can.o(.text.can_deinit)
    [Anonymous Symbol]                       0x0800131c   Section        0  gd32f4xx_can.o(.text.can_error_get)
    [Anonymous Symbol]                       0x08001324   Section        0  gd32f4xx_can.o(.text.can_filter_init)
    [Anonymous Symbol]                       0x080013d8   Section        0  gd32f4xx_can.o(.text.can_flag_get)
    can_gpio_init                            0x080013e9   Thumb Code    68  can.o(.text.can_gpio_init)
    [Anonymous Symbol]                       0x080013e8   Section        0  can.o(.text.can_gpio_init)
    [Anonymous Symbol]                       0x0800142c   Section        0  gd32f4xx_can.o(.text.can_init)
    [Anonymous Symbol]                       0x08001514   Section        0  gd32f4xx_can.o(.text.can_interrupt_enable)
    [Anonymous Symbol]                       0x0800151c   Section        0  gd32f4xx_can.o(.text.can_interrupt_flag_clear)
    [Anonymous Symbol]                       0x0800152c   Section        0  gd32f4xx_can.o(.text.can_interrupt_flag_get)
    can_networking_init                      0x08001591   Thumb Code   132  can.o(.text.can_networking_init)
    [Anonymous Symbol]                       0x08001590   Section        0  can.o(.text.can_networking_init)
    [Anonymous Symbol]                       0x08001660   Section        0  gd32f4xx_can.o(.text.can_receive_message_length_get)
    [Anonymous Symbol]                       0x08001678   Section        0  gd32f4xx_can.o(.text.can_struct_para_init)
    [Anonymous Symbol]                       0x080016d4   Section        0  command_parsing.o(.text.command_parsing)
    [Anonymous Symbol]                       0x0800179c   Section        0  debug_uart.o(.text.debug_init_config)
    debug_recv_config                        0x08001851   Thumb Code    50  debug_uart.o(.text.debug_recv_config)
    [Anonymous Symbol]                       0x08001850   Section        0  debug_uart.o(.text.debug_recv_config)
    [Anonymous Symbol]                       0x08001884   Section        0  debug_uart.o(.text.debug_send_it_data)
    [Anonymous Symbol]                       0x080018d0   Section        0  systick.o(.text.delay_decrement)
    [Anonymous Symbol]                       0x080018e8   Section        0  systick.o(.text.delay_us)
    [Anonymous Symbol]                       0x08001924   Section        0  eeprom.o(.text.eeprom_config)
    [Anonymous Symbol]                       0x08001948   Section        0  debug_uart.o(.text.fputc)
    [Anonymous Symbol]                       0x08001978   Section        0  gd32f4xx_gpio.o(.text.gpio_af_set)
    [Anonymous Symbol]                       0x080019e8   Section        0  gd32f4xx_gpio.o(.text.gpio_bit_reset)
    [Anonymous Symbol]                       0x080019ec   Section        0  gd32f4xx_gpio.o(.text.gpio_bit_set)
    [Anonymous Symbol]                       0x080019f0   Section        0  gd32f4xx_gpio.o(.text.gpio_bit_write)
    [Anonymous Symbol]                       0x080019fc   Section        0  gd32f4xx_gpio.o(.text.gpio_input_bit_get)
    [Anonymous Symbol]                       0x08001a08   Section        0  gd32f4xx_gpio.o(.text.gpio_mode_set)
    [Anonymous Symbol]                       0x08001a5c   Section        0  gd32f4xx_gpio.o(.text.gpio_output_options_set)
    handle_bus_voltage                       0x08001aa5   Thumb Code    44  command_parsing.o(.text.handle_bus_voltage)
    [Anonymous Symbol]                       0x08001aa4   Section        0  command_parsing.o(.text.handle_bus_voltage)
    handle_current                           0x08001ae5   Thumb Code    44  command_parsing.o(.text.handle_current)
    [Anonymous Symbol]                       0x08001ae4   Section        0  command_parsing.o(.text.handle_current)
    handle_die_id                            0x08001b25   Thumb Code    32  command_parsing.o(.text.handle_die_id)
    [Anonymous Symbol]                       0x08001b24   Section        0  command_parsing.o(.text.handle_die_id)
    handle_manufacturer_id                   0x08001b55   Thumb Code    32  command_parsing.o(.text.handle_manufacturer_id)
    [Anonymous Symbol]                       0x08001b54   Section        0  command_parsing.o(.text.handle_manufacturer_id)
    handle_power                             0x08001b91   Thumb Code    40  command_parsing.o(.text.handle_power)
    [Anonymous Symbol]                       0x08001b90   Section        0  command_parsing.o(.text.handle_power)
    handle_shunt_voltage                     0x08001bd1   Thumb Code    44  command_parsing.o(.text.handle_shunt_voltage)
    [Anonymous Symbol]                       0x08001bd0   Section        0  command_parsing.o(.text.handle_shunt_voltage)
    handle_unlock_alert                      0x08001c15   Thumb Code    32  command_parsing.o(.text.handle_unlock_alert)
    [Anonymous Symbol]                       0x08001c14   Section        0  command_parsing.o(.text.handle_unlock_alert)
    [Anonymous Symbol]                       0x08001c4c   Section        0  bsp_led.o(.text.led_gpio_config)
    [Anonymous Symbol]                       0x08001cdc   Section        0  bsp_led.o(.text.led_off)
    [Anonymous Symbol]                       0x08001d20   Section        0  bsp_led.o(.text.led_toggle)
    [Anonymous Symbol]                       0x08001d94   Section        0  main.o(.text.main)
    nvic_config                              0x08001da1   Thumb Code    14  can.o(.text.nvic_config)
    [Anonymous Symbol]                       0x08001da0   Section        0  can.o(.text.nvic_config)
    [Anonymous Symbol]                       0x08001db0   Section        0  gd32f4xx_misc.o(.text.nvic_irq_enable)
    [Anonymous Symbol]                       0x08001e54   Section        0  gd32f4xx_misc.o(.text.nvic_priority_group_set)
    [Anonymous Symbol]                       0x08001e68   Section        0  gd32f4xx_rcu.o(.text.rcu_clock_freq_get)
    [Anonymous Symbol]                       0x08001f2c   Section        0  gd32f4xx_rcu.o(.text.rcu_periph_clock_enable)
    [Anonymous Symbol]                       0x08001f4c   Section        0  gd32f4xx_rcu.o(.text.rcu_periph_reset_disable)
    [Anonymous Symbol]                       0x08001f6c   Section        0  gd32f4xx_rcu.o(.text.rcu_periph_reset_enable)
    set_rs485_en                             0x08001f8d   Thumb Code    30  rs485.o(.text.set_rs485_en)
    [Anonymous Symbol]                       0x08001f8c   Section        0  rs485.o(.text.set_rs485_en)
    [Anonymous Symbol]                       0x08001fac   Section        0  gd32f4xx_spi.o(.text.spi_enable)
    [Anonymous Symbol]                       0x08001fb8   Section        0  gd32f4xx_spi.o(.text.spi_init)
    system_clock_240m_8m_hxtal               0x08001fed   Thumb Code   188  system_gd32f4xx.o(.text.system_clock_240m_8m_hxtal)
    [Anonymous Symbol]                       0x08001fec   Section        0  system_gd32f4xx.o(.text.system_clock_240m_8m_hxtal)
    system_clock_config                      0x080020a9   Thumb Code     8  system_gd32f4xx.o(.text.system_clock_config)
    [Anonymous Symbol]                       0x080020a8   Section        0  system_gd32f4xx.o(.text.system_clock_config)
    [Anonymous Symbol]                       0x080020b0   Section        0  systick.o(.text.systick_config)
    systick_task_config                      0x080020dd   Thumb Code    92  main.o(.text.systick_task_config)
    [Anonymous Symbol]                       0x080020dc   Section        0  main.o(.text.systick_task_config)
    [Anonymous Symbol]                       0x08002148   Section        0  gd32f4xx_usart.o(.text.usart_baudrate_set)
    [Anonymous Symbol]                       0x08002208   Section        0  gd32f4xx_usart.o(.text.usart_data_receive)
    [Anonymous Symbol]                       0x08002210   Section        0  gd32f4xx_usart.o(.text.usart_data_transmit)
    [Anonymous Symbol]                       0x08002218   Section        0  gd32f4xx_usart.o(.text.usart_deinit)
    [Anonymous Symbol]                       0x080022dc   Section        0  gd32f4xx_usart.o(.text.usart_enable)
    [Anonymous Symbol]                       0x080022e8   Section        0  gd32f4xx_usart.o(.text.usart_flag_clear)
    [Anonymous Symbol]                       0x08002300   Section        0  gd32f4xx_usart.o(.text.usart_flag_get)
    [Anonymous Symbol]                       0x08002310   Section        0  gd32f4xx_usart.o(.text.usart_interrupt_disable)
    [Anonymous Symbol]                       0x08002328   Section        0  gd32f4xx_usart.o(.text.usart_interrupt_enable)
    [Anonymous Symbol]                       0x08002340   Section        0  gd32f4xx_usart.o(.text.usart_interrupt_flag_get)
    [Anonymous Symbol]                       0x08002364   Section        0  gd32f4xx_usart.o(.text.usart_parity_config)
    [Anonymous Symbol]                       0x08002374   Section        0  gd32f4xx_usart.o(.text.usart_receive_config)
    [Anonymous Symbol]                       0x08002380   Section        0  gd32f4xx_usart.o(.text.usart_stop_bit_set)
    [Anonymous Symbol]                       0x08002390   Section        0  gd32f4xx_usart.o(.text.usart_transmit_config)
    [Anonymous Symbol]                       0x0800239c   Section        0  gd32f4xx_usart.o(.text.usart_word_length_set)
    w25q128_gpio_init                        0x080023ad   Thumb Code   156  w25q128.o(.text.w25q128_gpio_init)
    [Anonymous Symbol]                       0x080023ac   Section        0  w25q128.o(.text.w25q128_gpio_init)
    w25q128_spi_init                         0x08002449   Thumb Code    64  w25q128.o(.text.w25q128_spi_init)
    [Anonymous Symbol]                       0x08002448   Section        0  w25q128.o(.text.w25q128_spi_init)
    [Anonymous Symbol]                       0x08002488   Section        0  w25q128.o(.text.w25qxx_css_disable)
    [Anonymous Symbol]                       0x0800249c   Section        0  w25q128.o(.text.w25qxx_spi_config)
    i.__0sprintf                             0x080024a8   Section        0  printfa.o(i.__0sprintf)
    i.__scatterload_copy                     0x080024d0   Section       14  handlers.o(i.__scatterload_copy)
    i.__scatterload_null                     0x080024de   Section        2  handlers.o(i.__scatterload_null)
    i.__scatterload_zeroinit                 0x080024e0   Section       14  handlers.o(i.__scatterload_zeroinit)
    _fp_digits                               0x080024f1   Thumb Code   366  printfa.o(i._fp_digits)
    i._fp_digits                             0x080024f0   Section        0  printfa.o(i._fp_digits)
    _printf_core                             0x08002675   Thumb Code  1744  printfa.o(i._printf_core)
    i._printf_core                           0x08002674   Section        0  printfa.o(i._printf_core)
    _printf_post_padding                     0x08002d51   Thumb Code    36  printfa.o(i._printf_post_padding)
    i._printf_post_padding                   0x08002d50   Section        0  printfa.o(i._printf_post_padding)
    _printf_pre_padding                      0x08002d75   Thumb Code    46  printfa.o(i._printf_pre_padding)
    i._printf_pre_padding                    0x08002d74   Section        0  printfa.o(i._printf_pre_padding)
    _sputc                                   0x08002da3   Thumb Code    10  printfa.o(i._sputc)
    i._sputc                                 0x08002da2   Section        0  printfa.o(i._sputc)
    i.puts                                   0x08002dac   Section        0  puts.o(i.puts)
    cmd_table                                0x08002df0   Data          56  command_parsing.o(.rodata.cmd_table)
    [Anonymous Symbol]                       0x08002df0   Section        0  command_parsing.o(.rodata.cmd_table)
    [Anonymous Symbol]                       0x08002e28   Section        0  command_parsing.o(.rodata.str1.1)
    .data                                    0x20000000   Section        4  stdout.o(.data)
    Debug_IT_Secd_Buffer                     0x20000020   Data         130  debug_uart.o(.bss.Debug_IT_Secd_Buffer)
    [Anonymous Symbol]                       0x20000020   Section        0  debug_uart.o(.bss.Debug_IT_Secd_Buffer)
    Ina226_ReadRegister.Data_Temp            0x20000890   Data           4  ina226.o(.bss.Ina226_ReadRegister.Data_Temp)
    [Anonymous Symbol]                       0x20000890   Section        0  ina226.o(.bss.Ina226_ReadRegister.Data_Temp)
    Rs485_IT_Secd_Buffer                     0x20000894   Data         130  rs485.o(.bss.Rs485_IT_Secd_Buffer)
    [Anonymous Symbol]                       0x20000894   Section        0  rs485.o(.bss.Rs485_IT_Secd_Buffer)
    USART0_IRQHandler.Send_Count             0x200010f6   Data           1  debug_uart.o(.bss.USART0_IRQHandler.Send_Count)
    [Anonymous Symbol]                       0x200010f6   Section        0  debug_uart.o(.bss.USART0_IRQHandler.Send_Count)
    USART0_IRQHandler.Temp_Recevice_Buffer   0x200010f8   Data         250  debug_uart.o(.bss.USART0_IRQHandler.Temp_Recevice_Buffer)
    [Anonymous Symbol]                       0x200010f8   Section        0  debug_uart.o(.bss.USART0_IRQHandler.Temp_Recevice_Buffer)
    USART0_IRQHandler.Temp_Recevice_Count    0x200011f2   Data           2  debug_uart.o(.bss.USART0_IRQHandler.Temp_Recevice_Count)
    [Anonymous Symbol]                       0x200011f2   Section        0  debug_uart.o(.bss.USART0_IRQHandler.Temp_Recevice_Count)
    USART1_IRQHandler.Send_Count             0x200011f4   Data           1  rs485.o(.bss.USART1_IRQHandler.Send_Count)
    [Anonymous Symbol]                       0x200011f4   Section        0  rs485.o(.bss.USART1_IRQHandler.Send_Count)
    USART1_IRQHandler.Temp_Recevice_Buffer   0x200011f8   Data         250  rs485.o(.bss.USART1_IRQHandler.Temp_Recevice_Buffer)
    [Anonymous Symbol]                       0x200011f8   Section        0  rs485.o(.bss.USART1_IRQHandler.Temp_Recevice_Buffer)
    USART1_IRQHandler.Temp_Recevice_Count    0x200012f2   Data           1  rs485.o(.bss.USART1_IRQHandler.Temp_Recevice_Count)
    [Anonymous Symbol]                       0x200012f2   Section        0  rs485.o(.bss.USART1_IRQHandler.Temp_Recevice_Count)
    delay                                    0x200012f4   Data           4  systick.o(.bss.delay)
    [Anonymous Symbol]                       0x200012f4   Section        0  systick.o(.bss.delay)
    send_buffer                              0x20001308   Data          32  command_parsing.o(.bss.send_buffer)
    [Anonymous Symbol]                       0x20001308   Section        0  command_parsing.o(.bss.send_buffer)
    send_idx                                 0x20001328   Data           1  command_parsing.o(.bss.send_idx)
    [Anonymous Symbol]                       0x20001328   Section        0  command_parsing.o(.bss.send_idx)
    STACK                                    0x20001330   Section     1024  startup_gd32f450_470.o(STACK)

    Global Symbols

    Symbol Name                              Value     Ov Type        Size  Object(Section)

    BuildAttributes$$THM_ISAv4$E$P$D$K$B$S$7EM$VFPi3$EXTD16$VFPS$VFMA$PE$A:L22UL41UL21$X:L11$S22US41US21$IEEE1$IW$~IW$USESV6$~STKCKD$USESV7$~SHL$OTIME$ROPI$EBA8$MICROLIB$REQ8$PRES8$EABIv2 0x00000000   Number         0  anon$$obj.o ABSOLUTE
    _printf_a                                0x00000000   Number         0  printfstubs.o ABSOLUTE
    _printf_c                                0x00000000   Number         0  printfstubs.o ABSOLUTE
    _printf_charcount                        0x00000000   Number         0  printfstubs.o ABSOLUTE
    _printf_d                                0x00000000   Number         0  printfstubs.o ABSOLUTE
    _printf_e                                0x00000000   Number         0  printfstubs.o ABSOLUTE
    _printf_f                                0x00000000   Number         0  printfstubs.o ABSOLUTE
    _printf_flags                            0x00000000   Number         0  printfstubs.o ABSOLUTE
    _printf_fp_dec                           0x00000000   Number         0  printfstubs.o ABSOLUTE
    _printf_fp_hex                           0x00000000   Number         0  printfstubs.o ABSOLUTE
    _printf_g                                0x00000000   Number         0  printfstubs.o ABSOLUTE
    _printf_i                                0x00000000   Number         0  printfstubs.o ABSOLUTE
    _printf_int_dec                          0x00000000   Number         0  printfstubs.o ABSOLUTE
    _printf_l                                0x00000000   Number         0  printfstubs.o ABSOLUTE
    _printf_lc                               0x00000000   Number         0  printfstubs.o ABSOLUTE
    _printf_ll                               0x00000000   Number         0  printfstubs.o ABSOLUTE
    _printf_lld                              0x00000000   Number         0  printfstubs.o ABSOLUTE
    _printf_lli                              0x00000000   Number         0  printfstubs.o ABSOLUTE
    _printf_llo                              0x00000000   Number         0  printfstubs.o ABSOLUTE
    _printf_llu                              0x00000000   Number         0  printfstubs.o ABSOLUTE
    _printf_llx                              0x00000000   Number         0  printfstubs.o ABSOLUTE
    _printf_longlong_dec                     0x00000000   Number         0  printfstubs.o ABSOLUTE
    _printf_longlong_hex                     0x00000000   Number         0  printfstubs.o ABSOLUTE
    _printf_longlong_oct                     0x00000000   Number         0  printfstubs.o ABSOLUTE
    _printf_ls                               0x00000000   Number         0  printfstubs.o ABSOLUTE
    _printf_mbtowc                           0x00000000   Number         0  printfstubs.o ABSOLUTE
    _printf_n                                0x00000000   Number         0  printfstubs.o ABSOLUTE
    _printf_o                                0x00000000   Number         0  printfstubs.o ABSOLUTE
    _printf_p                                0x00000000   Number         0  printfstubs.o ABSOLUTE
    _printf_percent                          0x00000000   Number         0  printfstubs.o ABSOLUTE
    _printf_pre_padding                      0x00000000   Number         0  printfstubs.o ABSOLUTE
    _printf_return_value                     0x00000000   Number         0  printfstubs.o ABSOLUTE
    _printf_s                                0x00000000   Number         0  printfstubs.o ABSOLUTE
    _printf_sizespec                         0x00000000   Number         0  printfstubs.o ABSOLUTE
    _printf_str                              0x00000000   Number         0  printfstubs.o ABSOLUTE
    _printf_truncate_signed                  0x00000000   Number         0  printfstubs.o ABSOLUTE
    _printf_truncate_unsigned                0x00000000   Number         0  printfstubs.o ABSOLUTE
    _printf_u                                0x00000000   Number         0  printfstubs.o ABSOLUTE
    _printf_wc                               0x00000000   Number         0  printfstubs.o ABSOLUTE
    _printf_wctomb                           0x00000000   Number         0  printfstubs.o ABSOLUTE
    _printf_widthprec                        0x00000000   Number         0  printfstubs.o ABSOLUTE
    _printf_x                                0x00000000   Number         0  printfstubs.o ABSOLUTE
    __cpp_initialize__aeabi_                  - Undefined Weak Reference
    __cxa_finalize                            - Undefined Weak Reference
    __decompress                              - Undefined Weak Reference
    _clock_init                               - Undefined Weak Reference
    _microlib_exit                            - Undefined Weak Reference
    __Vectors_Size                           0x000001ac   Number         0  startup_gd32f450_470.o ABSOLUTE
    __Vectors                                0x08000000   Data           4  startup_gd32f450_470.o(RESET)
    __Vectors_End                            0x080001ac   Data           0  startup_gd32f450_470.o(RESET)
    __main                                   0x080001ad   Thumb Code     0  entry.o(.ARM.Collect$$$$00000000)
    _main_stk                                0x080001ad   Thumb Code     0  entry2.o(.ARM.Collect$$$$00000001)
    _main_scatterload                        0x080001b1   Thumb Code     0  entry5.o(.ARM.Collect$$$$00000004)
    __main_after_scatterload                 0x080001b5   Thumb Code     0  entry5.o(.ARM.Collect$$$$00000004)
    _main_clock                              0x080001b5   Thumb Code     0  entry7b.o(.ARM.Collect$$$$00000008)
    _main_cpp_init                           0x080001b5   Thumb Code     0  entry8b.o(.ARM.Collect$$$$0000000A)
    _main_init                               0x080001b5   Thumb Code     0  entry9a.o(.ARM.Collect$$$$0000000B)
    __rt_final_cpp                           0x080001bd   Thumb Code     0  entry10a.o(.ARM.Collect$$$$0000000D)
    __rt_final_exit                          0x080001bd   Thumb Code     0  entry11a.o(.ARM.Collect$$$$0000000F)
    Reset_Handler                            0x080001c1   Thumb Code     8  startup_gd32f450_470.o(.text)
    ADC_IRQHandler                           0x080001db   Thumb Code     0  startup_gd32f450_470.o(.text)
    CAN0_EWMC_IRQHandler                     0x080001db   Thumb Code     0  startup_gd32f450_470.o(.text)
    CAN0_RX0_IRQHandler                      0x080001db   Thumb Code     0  startup_gd32f450_470.o(.text)
    CAN0_RX1_IRQHandler                      0x080001db   Thumb Code     0  startup_gd32f450_470.o(.text)
    CAN0_TX_IRQHandler                       0x080001db   Thumb Code     0  startup_gd32f450_470.o(.text)
    CAN1_EWMC_IRQHandler                     0x080001db   Thumb Code     0  startup_gd32f450_470.o(.text)
    CAN1_RX0_IRQHandler                      0x080001db   Thumb Code     0  startup_gd32f450_470.o(.text)
    CAN1_TX_IRQHandler                       0x080001db   Thumb Code     0  startup_gd32f450_470.o(.text)
    DCI_IRQHandler                           0x080001db   Thumb Code     0  startup_gd32f450_470.o(.text)
    DMA0_Channel0_IRQHandler                 0x080001db   Thumb Code     0  startup_gd32f450_470.o(.text)
    DMA0_Channel1_IRQHandler                 0x080001db   Thumb Code     0  startup_gd32f450_470.o(.text)
    DMA0_Channel2_IRQHandler                 0x080001db   Thumb Code     0  startup_gd32f450_470.o(.text)
    DMA0_Channel3_IRQHandler                 0x080001db   Thumb Code     0  startup_gd32f450_470.o(.text)
    DMA0_Channel4_IRQHandler                 0x080001db   Thumb Code     0  startup_gd32f450_470.o(.text)
    DMA0_Channel5_IRQHandler                 0x080001db   Thumb Code     0  startup_gd32f450_470.o(.text)
    DMA0_Channel6_IRQHandler                 0x080001db   Thumb Code     0  startup_gd32f450_470.o(.text)
    DMA0_Channel7_IRQHandler                 0x080001db   Thumb Code     0  startup_gd32f450_470.o(.text)
    DMA1_Channel0_IRQHandler                 0x080001db   Thumb Code     0  startup_gd32f450_470.o(.text)
    DMA1_Channel1_IRQHandler                 0x080001db   Thumb Code     0  startup_gd32f450_470.o(.text)
    DMA1_Channel2_IRQHandler                 0x080001db   Thumb Code     0  startup_gd32f450_470.o(.text)
    DMA1_Channel3_IRQHandler                 0x080001db   Thumb Code     0  startup_gd32f450_470.o(.text)
    DMA1_Channel4_IRQHandler                 0x080001db   Thumb Code     0  startup_gd32f450_470.o(.text)
    DMA1_Channel5_IRQHandler                 0x080001db   Thumb Code     0  startup_gd32f450_470.o(.text)
    DMA1_Channel6_IRQHandler                 0x080001db   Thumb Code     0  startup_gd32f450_470.o(.text)
    DMA1_Channel7_IRQHandler                 0x080001db   Thumb Code     0  startup_gd32f450_470.o(.text)
    ENET_IRQHandler                          0x080001db   Thumb Code     0  startup_gd32f450_470.o(.text)
    ENET_WKUP_IRQHandler                     0x080001db   Thumb Code     0  startup_gd32f450_470.o(.text)
    EXMC_IRQHandler                          0x080001db   Thumb Code     0  startup_gd32f450_470.o(.text)
    EXTI0_IRQHandler                         0x080001db   Thumb Code     0  startup_gd32f450_470.o(.text)
    EXTI10_15_IRQHandler                     0x080001db   Thumb Code     0  startup_gd32f450_470.o(.text)
    EXTI1_IRQHandler                         0x080001db   Thumb Code     0  startup_gd32f450_470.o(.text)
    EXTI2_IRQHandler                         0x080001db   Thumb Code     0  startup_gd32f450_470.o(.text)
    EXTI3_IRQHandler                         0x080001db   Thumb Code     0  startup_gd32f450_470.o(.text)
    EXTI4_IRQHandler                         0x080001db   Thumb Code     0  startup_gd32f450_470.o(.text)
    EXTI5_9_IRQHandler                       0x080001db   Thumb Code     0  startup_gd32f450_470.o(.text)
    FMC_IRQHandler                           0x080001db   Thumb Code     0  startup_gd32f450_470.o(.text)
    FPU_IRQHandler                           0x080001db   Thumb Code     0  startup_gd32f450_470.o(.text)
    I2C0_ER_IRQHandler                       0x080001db   Thumb Code     0  startup_gd32f450_470.o(.text)
    I2C0_EV_IRQHandler                       0x080001db   Thumb Code     0  startup_gd32f450_470.o(.text)
    I2C1_ER_IRQHandler                       0x080001db   Thumb Code     0  startup_gd32f450_470.o(.text)
    I2C1_EV_IRQHandler                       0x080001db   Thumb Code     0  startup_gd32f450_470.o(.text)
    I2C2_ER_IRQHandler                       0x080001db   Thumb Code     0  startup_gd32f450_470.o(.text)
    I2C2_EV_IRQHandler                       0x080001db   Thumb Code     0  startup_gd32f450_470.o(.text)
    IPA_IRQHandler                           0x080001db   Thumb Code     0  startup_gd32f450_470.o(.text)
    LVD_IRQHandler                           0x080001db   Thumb Code     0  startup_gd32f450_470.o(.text)
    RCU_CTC_IRQHandler                       0x080001db   Thumb Code     0  startup_gd32f450_470.o(.text)
    RTC_Alarm_IRQHandler                     0x080001db   Thumb Code     0  startup_gd32f450_470.o(.text)
    RTC_WKUP_IRQHandler                      0x080001db   Thumb Code     0  startup_gd32f450_470.o(.text)
    SDIO_IRQHandler                          0x080001db   Thumb Code     0  startup_gd32f450_470.o(.text)
    SPI0_IRQHandler                          0x080001db   Thumb Code     0  startup_gd32f450_470.o(.text)
    SPI1_IRQHandler                          0x080001db   Thumb Code     0  startup_gd32f450_470.o(.text)
    SPI2_IRQHandler                          0x080001db   Thumb Code     0  startup_gd32f450_470.o(.text)
    SPI3_IRQHandler                          0x080001db   Thumb Code     0  startup_gd32f450_470.o(.text)
    SPI4_IRQHandler                          0x080001db   Thumb Code     0  startup_gd32f450_470.o(.text)
    SPI5_IRQHandler                          0x080001db   Thumb Code     0  startup_gd32f450_470.o(.text)
    TAMPER_STAMP_IRQHandler                  0x080001db   Thumb Code     0  startup_gd32f450_470.o(.text)
    TIMER0_BRK_TIMER8_IRQHandler             0x080001db   Thumb Code     0  startup_gd32f450_470.o(.text)
    TIMER0_Channel_IRQHandler                0x080001db   Thumb Code     0  startup_gd32f450_470.o(.text)
    TIMER0_TRG_CMT_TIMER10_IRQHandler        0x080001db   Thumb Code     0  startup_gd32f450_470.o(.text)
    TIMER0_UP_TIMER9_IRQHandler              0x080001db   Thumb Code     0  startup_gd32f450_470.o(.text)
    TIMER1_IRQHandler                        0x080001db   Thumb Code     0  startup_gd32f450_470.o(.text)
    TIMER2_IRQHandler                        0x080001db   Thumb Code     0  startup_gd32f450_470.o(.text)
    TIMER3_IRQHandler                        0x080001db   Thumb Code     0  startup_gd32f450_470.o(.text)
    TIMER4_IRQHandler                        0x080001db   Thumb Code     0  startup_gd32f450_470.o(.text)
    TIMER5_DAC_IRQHandler                    0x080001db   Thumb Code     0  startup_gd32f450_470.o(.text)
    TIMER6_IRQHandler                        0x080001db   Thumb Code     0  startup_gd32f450_470.o(.text)
    TIMER7_BRK_TIMER11_IRQHandler            0x080001db   Thumb Code     0  startup_gd32f450_470.o(.text)
    TIMER7_Channel_IRQHandler                0x080001db   Thumb Code     0  startup_gd32f450_470.o(.text)
    TIMER7_TRG_CMT_TIMER13_IRQHandler        0x080001db   Thumb Code     0  startup_gd32f450_470.o(.text)
    TIMER7_UP_TIMER12_IRQHandler             0x080001db   Thumb Code     0  startup_gd32f450_470.o(.text)
    TLI_ER_IRQHandler                        0x080001db   Thumb Code     0  startup_gd32f450_470.o(.text)
    TLI_IRQHandler                           0x080001db   Thumb Code     0  startup_gd32f450_470.o(.text)
    TRNG_IRQHandler                          0x080001db   Thumb Code     0  startup_gd32f450_470.o(.text)
    UART3_IRQHandler                         0x080001db   Thumb Code     0  startup_gd32f450_470.o(.text)
    UART4_IRQHandler                         0x080001db   Thumb Code     0  startup_gd32f450_470.o(.text)
    UART6_IRQHandler                         0x080001db   Thumb Code     0  startup_gd32f450_470.o(.text)
    UART7_IRQHandler                         0x080001db   Thumb Code     0  startup_gd32f450_470.o(.text)
    USART2_IRQHandler                        0x080001db   Thumb Code     0  startup_gd32f450_470.o(.text)
    USART5_IRQHandler                        0x080001db   Thumb Code     0  startup_gd32f450_470.o(.text)
    USBFS_IRQHandler                         0x080001db   Thumb Code     0  startup_gd32f450_470.o(.text)
    USBFS_WKUP_IRQHandler                    0x080001db   Thumb Code     0  startup_gd32f450_470.o(.text)
    USBHS_EP1_In_IRQHandler                  0x080001db   Thumb Code     0  startup_gd32f450_470.o(.text)
    USBHS_EP1_Out_IRQHandler                 0x080001db   Thumb Code     0  startup_gd32f450_470.o(.text)
    USBHS_IRQHandler                         0x080001db   Thumb Code     0  startup_gd32f450_470.o(.text)
    USBHS_WKUP_IRQHandler                    0x080001db   Thumb Code     0  startup_gd32f450_470.o(.text)
    WWDGT_IRQHandler                         0x080001db   Thumb Code     0  startup_gd32f450_470.o(.text)
    __aeabi_memcpy                           0x080001e5   Thumb Code    36  memcpya.o(.text)
    __aeabi_memcpy4                          0x080001e5   Thumb Code     0  memcpya.o(.text)
    __aeabi_memcpy8                          0x080001e5   Thumb Code     0  memcpya.o(.text)
    __aeabi_memset                           0x08000209   Thumb Code    14  memseta.o(.text)
    __aeabi_memset4                          0x08000209   Thumb Code     0  memseta.o(.text)
    __aeabi_memset8                          0x08000209   Thumb Code     0  memseta.o(.text)
    __aeabi_memclr                           0x08000217   Thumb Code     4  memseta.o(.text)
    __aeabi_memclr4                          0x08000217   Thumb Code     0  memseta.o(.text)
    __aeabi_memclr8                          0x08000217   Thumb Code     0  memseta.o(.text)
    _memset$wrapper                          0x0800021b   Thumb Code    18  memseta.o(.text)
    strlen                                   0x0800022d   Thumb Code    14  strlen.o(.text)
    memchr                                   0x0800023b   Thumb Code    20  memchr.o(.text)
    memcmp                                   0x0800024f   Thumb Code    26  memcmp.o(.text)
    __aeabi_f2d                              0x08000269   Thumb Code    38  f2d.o(.text)
    __aeabi_uidiv                            0x0800028f   Thumb Code     0  uidiv.o(.text)
    __aeabi_uidivmod                         0x0800028f   Thumb Code    44  uidiv.o(.text)
    __aeabi_uldivmod                         0x080002bb   Thumb Code    98  uldiv.o(.text)
    __I$use$fp                               0x0800031d   Thumb Code     0  iusefp.o(.text)
    __aeabi_dadd                             0x0800031d   Thumb Code   322  dadd.o(.text)
    __aeabi_dsub                             0x0800045f   Thumb Code     6  dadd.o(.text)
    __aeabi_drsub                            0x08000465   Thumb Code     6  dadd.o(.text)
    __aeabi_dmul                             0x0800046b   Thumb Code   228  dmul.o(.text)
    __aeabi_ddiv                             0x0800054f   Thumb Code   222  ddiv.o(.text)
    __aeabi_d2ulz                            0x0800062d   Thumb Code    48  dfixul.o(.text)
    __aeabi_cdrcmple                         0x0800065d   Thumb Code    48  cdrcmple.o(.text)
    __scatterload                            0x0800068d   Thumb Code    28  init.o(.text)
    __scatterload_rt2                        0x0800068d   Thumb Code     0  init.o(.text)
    __aeabi_llsl                             0x080006b1   Thumb Code    30  llshl.o(.text)
    _ll_shift_l                              0x080006b1   Thumb Code     0  llshl.o(.text)
    __aeabi_llsr                             0x080006cf   Thumb Code    32  llushr.o(.text)
    _ll_ushift_r                             0x080006cf   Thumb Code     0  llushr.o(.text)
    __aeabi_lasr                             0x080006ef   Thumb Code    36  llsshr.o(.text)
    _ll_sshift_r                             0x080006ef   Thumb Code     0  llsshr.o(.text)
    _double_round                            0x08000713   Thumb Code    30  depilogue.o(.text)
    _double_epilogue                         0x08000731   Thumb Code   156  depilogue.o(.text)
    BusFault_Handler                         0x080007cd   Thumb Code     2  gd32f4xx_it.o(.text.BusFault_Handler)
    CAN1_RX1_IRQHandler                      0x080007d1   Thumb Code     8  can.o(.text.CAN1_RX1_IRQHandler)
    DebugMon_Handler                         0x08000899   Thumb Code     2  gd32f4xx_it.o(.text.DebugMon_Handler)
    HardFault_Handler                        0x0800089d   Thumb Code     2  gd32f4xx_it.o(.text.HardFault_Handler)
    Key_Configuration                        0x08000af5   Thumb Code     8  key.o(.text.Key_Configuration)
    MemManage_Handler                        0x08000b35   Thumb Code     2  gd32f4xx_it.o(.text.MemManage_Handler)
    NMI_Handler                              0x08000b39   Thumb Code     2  gd32f4xx_it.o(.text.NMI_Handler)
    PendSV_Handler                           0x08000b4d   Thumb Code     2  gd32f4xx_it.o(.text.PendSV_Handler)
    Rs485_Init_config                        0x08000b51   Thumb Code    12  rs485.o(.text.Rs485_Init_config)
    SVC_Handler                              0x08000c61   Thumb Code     2  gd32f4xx_it.o(.text.SVC_Handler)
    Soft_I2C_Init                            0x08000c65   Thumb Code   180  soft_i2c.o(.text.Soft_I2C_Init)
    Soft_I2C_ReceiveAck                      0x08000d19   Thumb Code    38  soft_i2c.o(.text.Soft_I2C_ReceiveAck)
    Soft_I2C_ReceiveByte                     0x08000d41   Thumb Code    64  soft_i2c.o(.text.Soft_I2C_ReceiveByte)
    Soft_I2C_Start                           0x08000d81   Thumb Code    36  soft_i2c.o(.text.Soft_I2C_Start)
    Soft_I2C_Stop                            0x08000da5   Thumb Code    28  soft_i2c.o(.text.Soft_I2C_Stop)
    Soft_I2C_WriteAck                        0x08000dc1   Thumb Code    26  soft_i2c.o(.text.Soft_I2C_WriteAck)
    Soft_I2C_WriteByte                       0x08000ddd   Thumb Code    70  soft_i2c.o(.text.Soft_I2C_WriteByte)
    Soft_R_SDA                               0x08000e25   Thumb Code    24  soft_i2c.o(.text.Soft_R_SDA)
    Soft_W_SCL                               0x08000e3d   Thumb Code    26  soft_i2c.o(.text.Soft_W_SCL)
    Soft_W_SDA                               0x08000e59   Thumb Code    26  soft_i2c.o(.text.Soft_W_SDA)
    SysTick_Handler                          0x08000ea1   Thumb Code     8  gd32f4xx_it.o(.text.SysTick_Handler)
    SystemInit                               0x08000ea9   Thumb Code   186  system_gd32f4xx.o(.text.SystemInit)
    USART0_IRQHandler                        0x08000f65   Thumb Code   432  debug_uart.o(.text.USART0_IRQHandler)
    USART1_IRQHandler                        0x08001125   Thumb Code   430  rs485.o(.text.USART1_IRQHandler)
    UsageFault_Handler                       0x080012d5   Thumb Code     2  gd32f4xx_it.o(.text.UsageFault_Handler)
    can_config                               0x080012d9   Thumb Code    30  can.o(.text.can_config)
    can_deinit                               0x080012f9   Thumb Code    36  gd32f4xx_can.o(.text.can_deinit)
    can_error_get                            0x0800131d   Thumb Code     8  gd32f4xx_can.o(.text.can_error_get)
    can_filter_init                          0x08001325   Thumb Code   178  gd32f4xx_can.o(.text.can_filter_init)
    can_flag_get                             0x080013d9   Thumb Code    16  gd32f4xx_can.o(.text.can_flag_get)
    can_init                                 0x0800142d   Thumb Code   230  gd32f4xx_can.o(.text.can_init)
    can_interrupt_enable                     0x08001515   Thumb Code     8  gd32f4xx_can.o(.text.can_interrupt_enable)
    can_interrupt_flag_clear                 0x0800151d   Thumb Code    16  gd32f4xx_can.o(.text.can_interrupt_flag_clear)
    can_interrupt_flag_get                   0x0800152d   Thumb Code    98  gd32f4xx_can.o(.text.can_interrupt_flag_get)
    can_receive_message_length_get           0x08001661   Thumb Code    24  gd32f4xx_can.o(.text.can_receive_message_length_get)
    can_struct_para_init                     0x08001679   Thumb Code    90  gd32f4xx_can.o(.text.can_struct_para_init)
    command_parsing                          0x080016d5   Thumb Code   198  command_parsing.o(.text.command_parsing)
    debug_init_config                        0x0800179d   Thumb Code   178  debug_uart.o(.text.debug_init_config)
    debug_send_it_data                       0x08001885   Thumb Code    74  debug_uart.o(.text.debug_send_it_data)
    delay_decrement                          0x080018d1   Thumb Code    24  systick.o(.text.delay_decrement)
    delay_us                                 0x080018e9   Thumb Code    58  systick.o(.text.delay_us)
    eeprom_config                            0x08001925   Thumb Code    34  eeprom.o(.text.eeprom_config)
    fputc                                    0x08001949   Thumb Code    48  debug_uart.o(.text.fputc)
    gpio_af_set                              0x08001979   Thumb Code   110  gd32f4xx_gpio.o(.text.gpio_af_set)
    gpio_bit_reset                           0x080019e9   Thumb Code     4  gd32f4xx_gpio.o(.text.gpio_bit_reset)
    gpio_bit_set                             0x080019ed   Thumb Code     4  gd32f4xx_gpio.o(.text.gpio_bit_set)
    gpio_bit_write                           0x080019f1   Thumb Code    12  gd32f4xx_gpio.o(.text.gpio_bit_write)
    gpio_input_bit_get                       0x080019fd   Thumb Code    10  gd32f4xx_gpio.o(.text.gpio_input_bit_get)
    gpio_mode_set                            0x08001a09   Thumb Code    84  gd32f4xx_gpio.o(.text.gpio_mode_set)
    gpio_output_options_set                  0x08001a5d   Thumb Code    70  gd32f4xx_gpio.o(.text.gpio_output_options_set)
    led_gpio_config                          0x08001c4d   Thumb Code   142  bsp_led.o(.text.led_gpio_config)
    led_off                                  0x08001cdd   Thumb Code    68  bsp_led.o(.text.led_off)
    led_toggle                               0x08001d21   Thumb Code   116  bsp_led.o(.text.led_toggle)
    main                                     0x08001d95   Thumb Code    10  main.o(.text.main)
    nvic_irq_enable                          0x08001db1   Thumb Code   162  gd32f4xx_misc.o(.text.nvic_irq_enable)
    nvic_priority_group_set                  0x08001e55   Thumb Code    20  gd32f4xx_misc.o(.text.nvic_priority_group_set)
    rcu_clock_freq_get                       0x08001e69   Thumb Code   172  gd32f4xx_rcu.o(.text.rcu_clock_freq_get)
    rcu_periph_clock_enable                  0x08001f2d   Thumb Code    30  gd32f4xx_rcu.o(.text.rcu_periph_clock_enable)
    rcu_periph_reset_disable                 0x08001f4d   Thumb Code    32  gd32f4xx_rcu.o(.text.rcu_periph_reset_disable)
    rcu_periph_reset_enable                  0x08001f6d   Thumb Code    30  gd32f4xx_rcu.o(.text.rcu_periph_reset_enable)
    spi_enable                               0x08001fad   Thumb Code    10  gd32f4xx_spi.o(.text.spi_enable)
    spi_init                                 0x08001fb9   Thumb Code    52  gd32f4xx_spi.o(.text.spi_init)
    systick_config                           0x080020b1   Thumb Code    42  systick.o(.text.systick_config)
    usart_baudrate_set                       0x08002149   Thumb Code   190  gd32f4xx_usart.o(.text.usart_baudrate_set)
    usart_data_receive                       0x08002209   Thumb Code     8  gd32f4xx_usart.o(.text.usart_data_receive)
    usart_data_transmit                      0x08002211   Thumb Code     8  gd32f4xx_usart.o(.text.usart_data_transmit)
    usart_deinit                             0x08002219   Thumb Code   196  gd32f4xx_usart.o(.text.usart_deinit)
    usart_enable                             0x080022dd   Thumb Code    10  gd32f4xx_usart.o(.text.usart_enable)
    usart_flag_clear                         0x080022e9   Thumb Code    24  gd32f4xx_usart.o(.text.usart_flag_clear)
    usart_flag_get                           0x08002301   Thumb Code    16  gd32f4xx_usart.o(.text.usart_flag_get)
    usart_interrupt_disable                  0x08002311   Thumb Code    24  gd32f4xx_usart.o(.text.usart_interrupt_disable)
    usart_interrupt_enable                   0x08002329   Thumb Code    22  gd32f4xx_usart.o(.text.usart_interrupt_enable)
    usart_interrupt_flag_get                 0x08002341   Thumb Code    34  gd32f4xx_usart.o(.text.usart_interrupt_flag_get)
    usart_parity_config                      0x08002365   Thumb Code    16  gd32f4xx_usart.o(.text.usart_parity_config)
    usart_receive_config                     0x08002375   Thumb Code    12  gd32f4xx_usart.o(.text.usart_receive_config)
    usart_stop_bit_set                       0x08002381   Thumb Code    16  gd32f4xx_usart.o(.text.usart_stop_bit_set)
    usart_transmit_config                    0x08002391   Thumb Code    12  gd32f4xx_usart.o(.text.usart_transmit_config)
    usart_word_length_set                    0x0800239d   Thumb Code    16  gd32f4xx_usart.o(.text.usart_word_length_set)
    w25qxx_css_disable                       0x08002489   Thumb Code    18  w25q128.o(.text.w25qxx_css_disable)
    w25qxx_spi_config                        0x0800249d   Thumb Code    12  w25q128.o(.text.w25qxx_spi_config)
    __0sprintf                               0x080024a9   Thumb Code    34  printfa.o(i.__0sprintf)
    __1sprintf                               0x080024a9   Thumb Code     0  printfa.o(i.__0sprintf)
    __2sprintf                               0x080024a9   Thumb Code     0  printfa.o(i.__0sprintf)
    __c89sprintf                             0x080024a9   Thumb Code     0  printfa.o(i.__0sprintf)
    sprintf                                  0x080024a9   Thumb Code     0  printfa.o(i.__0sprintf)
    __scatterload_copy                       0x080024d1   Thumb Code    14  handlers.o(i.__scatterload_copy)
    __scatterload_null                       0x080024df   Thumb Code     2  handlers.o(i.__scatterload_null)
    __scatterload_zeroinit                   0x080024e1   Thumb Code    14  handlers.o(i.__scatterload_zeroinit)
    puts                                     0x08002dad   Thumb Code    30  puts.o(i.puts)
    INA226_Device_Info                       0x08002dd0   Data          32  ina226.o(.rodata.INA226_Device_Info)
    Region$$Table$$Base                      0x08002e9c   Number         0  anon$$obj.o(Region$$Table)
    Region$$Table$$Limit                     0x08002ebc   Number         0  anon$$obj.o(Region$$Table)
    __stdout                                 0x20000000   Data           4  stdout.o(.data)
    INA226_Info                              0x20000004   Data          20  ina226.o(.data.INA226_Info)
    SystemCoreClock                          0x20000018   Data           4  system_gd32f4xx.o(.data.SystemCoreClock)
    Debug_Receive_Buffer                     0x200000a2   Data        2016  debug_uart.o(.bss.Debug_Receive_Buffer)
    INA226_i2C                               0x20000884   Data          12  ina226.o(.bss.INA226_i2C)
    Rs485_Receive_Buffer                     0x20000916   Data        2016  rs485.o(.bss.Rs485_Receive_Buffer)
    eepron_info                              0x200012f8   Data          12  eeprom.o(.bss.eepron_info)
    receive_flag                             0x20001304   Data           1  can.o(.bss.receive_flag)
    __initial_sp                             0x20001730   Data           0  startup_gd32f450_470.o(STACK)



==============================================================================

Memory Map of the image

  Image Entry point : 0x080001ad

  Load Region LR_IROM1 (Base: 0x08000000, Size: 0x00002ee0, Max: 0x00200000, ABSOLUTE)

    Execution Region ER_IROM1 (Exec base: 0x08000000, Load base: 0x08000000, Size: 0x00002ebc, Max: 0x00200000, ABSOLUTE)

    Exec Addr    Load Addr    Size         Type   Attr      Idx    E Section Name        Object

    0x08000000   0x08000000   0x000001ac   Data   RO           49    RESET               startup_gd32f450_470.o
    0x080001ac   0x080001ac   0x00000000   Code   RO         2370  * .ARM.Collect$$$$00000000  mc_w.l(entry.o)
    0x080001ac   0x080001ac   0x00000004   Code   RO         2656    .ARM.Collect$$$$00000001  mc_w.l(entry2.o)
    0x080001b0   0x080001b0   0x00000004   Code   RO         2659    .ARM.Collect$$$$00000004  mc_w.l(entry5.o)
    0x080001b4   0x080001b4   0x00000000   Code   RO         2661    .ARM.Collect$$$$00000008  mc_w.l(entry7b.o)
    0x080001b4   0x080001b4   0x00000000   Code   RO         2663    .ARM.Collect$$$$0000000A  mc_w.l(entry8b.o)
    0x080001b4   0x080001b4   0x00000008   Code   RO         2664    .ARM.Collect$$$$0000000B  mc_w.l(entry9a.o)
    0x080001bc   0x080001bc   0x00000000   Code   RO         2666    .ARM.Collect$$$$0000000D  mc_w.l(entry10a.o)
    0x080001bc   0x080001bc   0x00000000   Code   RO         2668    .ARM.Collect$$$$0000000F  mc_w.l(entry11a.o)
    0x080001bc   0x080001bc   0x00000004   Code   RO         2657    .ARM.Collect$$$$00002712  mc_w.l(entry2.o)
    0x080001c0   0x080001c0   0x00000024   Code   RO           50    .text               startup_gd32f450_470.o
    0x080001e4   0x080001e4   0x00000024   Code   RO         2377    .text               mc_w.l(memcpya.o)
    0x08000208   0x08000208   0x00000024   Code   RO         2379    .text               mc_w.l(memseta.o)
    0x0800022c   0x0800022c   0x0000000e   Code   RO         2381    .text               mc_w.l(strlen.o)
    0x0800023a   0x0800023a   0x00000014   Code   RO         2385    .text               mc_w.l(memchr.o)
    0x0800024e   0x0800024e   0x0000001a   Code   RO         2387    .text               mc_w.l(memcmp.o)
    0x08000268   0x08000268   0x00000026   Code   RO         2654    .text               mf_w.l(f2d.o)
    0x0800028e   0x0800028e   0x0000002c   Code   RO         2680    .text               mc_w.l(uidiv.o)
    0x080002ba   0x080002ba   0x00000062   Code   RO         2682    .text               mc_w.l(uldiv.o)
    0x0800031c   0x0800031c   0x00000000   Code   RO         2684    .text               mc_w.l(iusefp.o)
    0x0800031c   0x0800031c   0x0000014e   Code   RO         2685    .text               mf_w.l(dadd.o)
    0x0800046a   0x0800046a   0x000000e4   Code   RO         2687    .text               mf_w.l(dmul.o)
    0x0800054e   0x0800054e   0x000000de   Code   RO         2689    .text               mf_w.l(ddiv.o)
    0x0800062c   0x0800062c   0x00000030   Code   RO         2691    .text               mf_w.l(dfixul.o)
    0x0800065c   0x0800065c   0x00000030   Code   RO         2693    .text               mf_w.l(cdrcmple.o)
    0x0800068c   0x0800068c   0x00000024   Code   RO         2695    .text               mc_w.l(init.o)
    0x080006b0   0x080006b0   0x0000001e   Code   RO         2697    .text               mc_w.l(llshl.o)
    0x080006ce   0x080006ce   0x00000020   Code   RO         2699    .text               mc_w.l(llushr.o)
    0x080006ee   0x080006ee   0x00000024   Code   RO         2701    .text               mc_w.l(llsshr.o)
    0x08000712   0x08000712   0x000000ba   Code   RO         2703    .text               mf_w.l(depilogue.o)
    0x080007cc   0x080007cc   0x00000002   Code   RO         2352    .text.BusFault_Handler  gd32f4xx_it.o
    0x080007ce   0x080007ce   0x00000002   PAD
    0x080007d0   0x080007d0   0x00000008   Code   RO          167    .text.CAN1_RX1_IRQHandler  can.o
    0x080007d8   0x080007d8   0x000000c0   Code   RO          169    .text.CANx_RX_IRQHandler  can.o
    0x08000898   0x08000898   0x00000002   Code   RO         2358    .text.DebugMon_Handler  gd32f4xx_it.o
    0x0800089a   0x0800089a   0x00000002   PAD
    0x0800089c   0x0800089c   0x00000002   Code   RO         2348    .text.HardFault_Handler  gd32f4xx_it.o
    0x0800089e   0x0800089e   0x00000002   PAD
    0x080008a0   0x080008a0   0x00000020   Code   RO          223    .text.INA226_Alert_Config  ina226.o
    0x080008c0   0x080008c0   0x0000002e   Code   RO          221    .text.INA226_BuildConfigRegister  ina226.o
    0x080008ee   0x080008ee   0x00000002   PAD
    0x080008f0   0x080008f0   0x00000028   Code   RO          211    .text.INA226_Get_Bus_Voltage  ina226.o
    0x08000918   0x08000918   0x00000030   Code   RO          207    .text.INA226_Get_Current  ina226.o
    0x08000948   0x08000948   0x0000000a   Code   RO          217    .text.INA226_Get_Die_ID  ina226.o
    0x08000952   0x08000952   0x00000002   PAD
    0x08000954   0x08000954   0x0000000a   Code   RO          215    .text.INA226_Get_Manufacturer_ID  ina226.o
    0x0800095e   0x0800095e   0x00000002   PAD
    0x08000960   0x08000960   0x0000002c   Code   RO          209    .text.INA226_Get_Power  ina226.o
    0x0800098c   0x0800098c   0x00000024   Code   RO          213    .text.INA226_Get_Shunt_Voltage  ina226.o
    0x080009b0   0x080009b0   0x00000052   Code   RO          205    .text.INA226_Init   ina226.o
    0x08000a02   0x08000a02   0x00000002   PAD
    0x08000a04   0x08000a04   0x0000000a   Code   RO          219    .text.INA226_Unlock_Alert  ina226.o
    0x08000a0e   0x08000a0e   0x00000002   PAD
    0x08000a10   0x08000a10   0x00000084   Code   RO          201    .text.Ina226_ReadRegister  ina226.o
    0x08000a94   0x08000a94   0x00000060   Code   RO          225    .text.Ina226_WriteRegister  ina226.o
    0x08000af4   0x08000af4   0x00000008   Code   RO          240    .text.Key_Configuration  key.o
    0x08000afc   0x08000afc   0x00000036   Code   RO          242    .text.Key_GPIO_Init  key.o
    0x08000b32   0x08000b32   0x00000002   PAD
    0x08000b34   0x08000b34   0x00000002   Code   RO         2350    .text.MemManage_Handler  gd32f4xx_it.o
    0x08000b36   0x08000b36   0x00000002   PAD
    0x08000b38   0x08000b38   0x00000002   Code   RO         2346    .text.NMI_Handler   gd32f4xx_it.o
    0x08000b3a   0x08000b3a   0x00000002   PAD
    0x08000b3c   0x08000b3c   0x0000000e   Code   RO         2315    .text.NVIC_SetPriority  systick.o
    0x08000b4a   0x08000b4a   0x00000002   PAD
    0x08000b4c   0x08000b4c   0x00000002   Code   RO         2360    .text.PendSV_Handler  gd32f4xx_it.o
    0x08000b4e   0x08000b4e   0x00000002   PAD
    0x08000b50   0x08000b50   0x0000000c   Code   RO          104    .text.Rs485_Init_config  rs485.o
    0x08000b5c   0x08000b5c   0x0000003a   Code   RO          108    .text.Rs485_en_gpio_init  rs485.o
    0x08000b96   0x08000b96   0x00000002   PAD
    0x08000b98   0x08000b98   0x000000c8   Code   RO          106    .text.Rs485_gpio_init  rs485.o
    0x08000c60   0x08000c60   0x00000002   Code   RO         2356    .text.SVC_Handler   gd32f4xx_it.o
    0x08000c62   0x08000c62   0x00000002   PAD
    0x08000c64   0x08000c64   0x000000b4   Code   RO          259    .text.Soft_I2C_Init  soft_i2c.o
    0x08000d18   0x08000d18   0x00000026   Code   RO          271    .text.Soft_I2C_ReceiveAck  soft_i2c.o
    0x08000d3e   0x08000d3e   0x00000002   PAD
    0x08000d40   0x08000d40   0x00000040   Code   RO          267    .text.Soft_I2C_ReceiveByte  soft_i2c.o
    0x08000d80   0x08000d80   0x00000024   Code   RO          261    .text.Soft_I2C_Start  soft_i2c.o
    0x08000da4   0x08000da4   0x0000001c   Code   RO          263    .text.Soft_I2C_Stop  soft_i2c.o
    0x08000dc0   0x08000dc0   0x0000001a   Code   RO          269    .text.Soft_I2C_WriteAck  soft_i2c.o
    0x08000dda   0x08000dda   0x00000002   PAD
    0x08000ddc   0x08000ddc   0x00000046   Code   RO          265    .text.Soft_I2C_WriteByte  soft_i2c.o
    0x08000e22   0x08000e22   0x00000002   PAD
    0x08000e24   0x08000e24   0x00000018   Code   RO          257    .text.Soft_R_SDA    soft_i2c.o
    0x08000e3c   0x08000e3c   0x0000001a   Code   RO          253    .text.Soft_W_SCL    soft_i2c.o
    0x08000e56   0x08000e56   0x00000002   PAD
    0x08000e58   0x08000e58   0x0000001a   Code   RO          255    .text.Soft_W_SDA    soft_i2c.o
    0x08000e72   0x08000e72   0x00000002   PAD
    0x08000e74   0x08000e74   0x0000002a   Code   RO         2313    .text.SysTick_Config  systick.o
    0x08000e9e   0x08000e9e   0x00000002   PAD
    0x08000ea0   0x08000ea0   0x00000008   Code   RO         2362    .text.SysTick_Handler  gd32f4xx_it.o
    0x08000ea8   0x08000ea8   0x000000ba   Code   RO           31    .text.SystemInit    system_gd32f4xx.o
    0x08000f62   0x08000f62   0x00000002   PAD
    0x08000f64   0x08000f64   0x000001c0   Code   RO           83    .text.USART0_IRQHandler  debug_uart.o
    0x08001124   0x08001124   0x000001ae   Code   RO          110    .text.USART1_IRQHandler  rs485.o
    0x080012d2   0x080012d2   0x00000002   PAD
    0x080012d4   0x080012d4   0x00000002   Code   RO         2354    .text.UsageFault_Handler  gd32f4xx_it.o
    0x080012d6   0x080012d6   0x00000002   PAD
    0x080012d8   0x080012d8   0x0000001e   Code   RO          159    .text.can_config    can.o
    0x080012f6   0x080012f6   0x00000002   PAD
    0x080012f8   0x080012f8   0x00000024   Code   RO          599    .text.can_deinit    gd32f4xx_can.o
    0x0800131c   0x0800131c   0x00000008   Code   RO          633    .text.can_error_get  gd32f4xx_can.o
    0x08001324   0x08001324   0x000000b2   Code   RO          605    .text.can_filter_init  gd32f4xx_can.o
    0x080013d6   0x080013d6   0x00000002   PAD
    0x080013d8   0x080013d8   0x00000010   Code   RO          639    .text.can_flag_get  gd32f4xx_can.o
    0x080013e8   0x080013e8   0x00000044   Code   RO          161    .text.can_gpio_init  can.o
    0x0800142c   0x0800142c   0x000000e6   Code   RO          603    .text.can_init      gd32f4xx_can.o
    0x08001512   0x08001512   0x00000002   PAD
    0x08001514   0x08001514   0x00000008   Code   RO          643    .text.can_interrupt_enable  gd32f4xx_can.o
    0x0800151c   0x0800151c   0x00000010   Code   RO          649    .text.can_interrupt_flag_clear  gd32f4xx_can.o
    0x0800152c   0x0800152c   0x00000062   Code   RO          647    .text.can_interrupt_flag_get  gd32f4xx_can.o
    0x0800158e   0x0800158e   0x00000002   PAD
    0x08001590   0x08001590   0x000000d0   Code   RO          163    .text.can_networking_init  can.o
    0x08001660   0x08001660   0x00000018   Code   RO          627    .text.can_receive_message_length_get  gd32f4xx_can.o
    0x08001678   0x08001678   0x0000005a   Code   RO          601    .text.can_struct_para_init  gd32f4xx_can.o
    0x080016d2   0x080016d2   0x00000002   PAD
    0x080016d4   0x080016d4   0x000000c6   Code   RO            2    .text.command_parsing  command_parsing.o
    0x0800179a   0x0800179a   0x00000002   PAD
    0x0800179c   0x0800179c   0x000000b2   Code   RO           73    .text.debug_init_config  debug_uart.o
    0x0800184e   0x0800184e   0x00000002   PAD
    0x08001850   0x08001850   0x00000032   Code   RO           75    .text.debug_recv_config  debug_uart.o
    0x08001882   0x08001882   0x00000002   PAD
    0x08001884   0x08001884   0x0000004a   Code   RO           79    .text.debug_send_it_data  debug_uart.o
    0x080018ce   0x080018ce   0x00000002   PAD
    0x080018d0   0x080018d0   0x00000018   Code   RO         2323    .text.delay_decrement  systick.o
    0x080018e8   0x080018e8   0x0000003a   Code   RO         2319    .text.delay_us      systick.o
    0x08001922   0x08001922   0x00000002   PAD
    0x08001924   0x08001924   0x00000022   Code   RO          285    .text.eeprom_config  eeprom.o
    0x08001946   0x08001946   0x00000002   PAD
    0x08001948   0x08001948   0x00000030   Code   RO           77    .text.fputc         debug_uart.o
    0x08001978   0x08001978   0x0000006e   Code   RO          381    .text.gpio_af_set   gd32f4xx_gpio.o
    0x080019e6   0x080019e6   0x00000002   PAD
    0x080019e8   0x080019e8   0x00000004   Code   RO          367    .text.gpio_bit_reset  gd32f4xx_gpio.o
    0x080019ec   0x080019ec   0x00000004   Code   RO          365    .text.gpio_bit_set  gd32f4xx_gpio.o
    0x080019f0   0x080019f0   0x0000000c   Code   RO          369    .text.gpio_bit_write  gd32f4xx_gpio.o
    0x080019fc   0x080019fc   0x0000000a   Code   RO          373    .text.gpio_input_bit_get  gd32f4xx_gpio.o
    0x08001a06   0x08001a06   0x00000002   PAD
    0x08001a08   0x08001a08   0x00000054   Code   RO          361    .text.gpio_mode_set  gd32f4xx_gpio.o
    0x08001a5c   0x08001a5c   0x00000046   Code   RO          363    .text.gpio_output_options_set  gd32f4xx_gpio.o
    0x08001aa2   0x08001aa2   0x00000002   PAD
    0x08001aa4   0x08001aa4   0x00000040   Code   RO            4    .text.handle_bus_voltage  command_parsing.o
    0x08001ae4   0x08001ae4   0x00000040   Code   RO            6    .text.handle_current  command_parsing.o
    0x08001b24   0x08001b24   0x00000030   Code   RO           16    .text.handle_die_id  command_parsing.o
    0x08001b54   0x08001b54   0x0000003c   Code   RO           14    .text.handle_manufacturer_id  command_parsing.o
    0x08001b90   0x08001b90   0x00000040   Code   RO           10    .text.handle_power  command_parsing.o
    0x08001bd0   0x08001bd0   0x00000044   Code   RO            8    .text.handle_shunt_voltage  command_parsing.o
    0x08001c14   0x08001c14   0x00000038   Code   RO           12    .text.handle_unlock_alert  command_parsing.o
    0x08001c4c   0x08001c4c   0x0000008e   Code   RO           57    .text.led_gpio_config  bsp_led.o
    0x08001cda   0x08001cda   0x00000002   PAD
    0x08001cdc   0x08001cdc   0x00000044   Code   RO           61    .text.led_off       bsp_led.o
    0x08001d20   0x08001d20   0x00000074   Code   RO           63    .text.led_toggle    bsp_led.o
    0x08001d94   0x08001d94   0x0000000a   Code   RO         2334    .text.main          main.o
    0x08001d9e   0x08001d9e   0x00000002   PAD
    0x08001da0   0x08001da0   0x0000000e   Code   RO          165    .text.nvic_config   can.o
    0x08001dae   0x08001dae   0x00000002   PAD
    0x08001db0   0x08001db0   0x000000a2   Code   RO         1557    .text.nvic_irq_enable  gd32f4xx_misc.o
    0x08001e52   0x08001e52   0x00000002   PAD
    0x08001e54   0x08001e54   0x00000014   Code   RO         1555    .text.nvic_priority_group_set  gd32f4xx_misc.o
    0x08001e68   0x08001e68   0x000000c4   Code   RO          489    .text.rcu_clock_freq_get  gd32f4xx_rcu.o
    0x08001f2c   0x08001f2c   0x0000001e   Code   RO          401    .text.rcu_periph_clock_enable  gd32f4xx_rcu.o
    0x08001f4a   0x08001f4a   0x00000002   PAD
    0x08001f4c   0x08001f4c   0x00000020   Code   RO          411    .text.rcu_periph_reset_disable  gd32f4xx_rcu.o
    0x08001f6c   0x08001f6c   0x0000001e   Code   RO          409    .text.rcu_periph_reset_enable  gd32f4xx_rcu.o
    0x08001f8a   0x08001f8a   0x00000002   PAD
    0x08001f8c   0x08001f8c   0x0000001e   Code   RO          100    .text.set_rs485_en  rs485.o
    0x08001faa   0x08001faa   0x00000002   PAD
    0x08001fac   0x08001fac   0x0000000a   Code   RO         1829    .text.spi_enable    gd32f4xx_spi.o
    0x08001fb6   0x08001fb6   0x00000002   PAD
    0x08001fb8   0x08001fb8   0x00000034   Code   RO         1827    .text.spi_init      gd32f4xx_spi.o
    0x08001fec   0x08001fec   0x000000bc   Code   RO           37    .text.system_clock_240m_8m_hxtal  system_gd32f4xx.o
    0x080020a8   0x080020a8   0x00000008   Code   RO           33    .text.system_clock_config  system_gd32f4xx.o
    0x080020b0   0x080020b0   0x0000002a   Code   RO         2311    .text.systick_config  systick.o
    0x080020da   0x080020da   0x00000002   PAD
    0x080020dc   0x080020dc   0x0000006c   Code   RO         2336    .text.systick_task_config  main.o
    0x08002148   0x08002148   0x000000be   Code   RO         2173    .text.usart_baudrate_set  gd32f4xx_usart.o
    0x08002206   0x08002206   0x00000002   PAD
    0x08002208   0x08002208   0x00000008   Code   RO         2205    .text.usart_data_receive  gd32f4xx_usart.o
    0x08002210   0x08002210   0x00000008   Code   RO         2203    .text.usart_data_transmit  gd32f4xx_usart.o
    0x08002218   0x08002218   0x000000c4   Code   RO         2171    .text.usart_deinit  gd32f4xx_usart.o
    0x080022dc   0x080022dc   0x0000000a   Code   RO         2181    .text.usart_enable  gd32f4xx_usart.o
    0x080022e6   0x080022e6   0x00000002   PAD
    0x080022e8   0x080022e8   0x00000018   Code   RO         2271    .text.usart_flag_clear  gd32f4xx_usart.o
    0x08002300   0x08002300   0x00000010   Code   RO         2269    .text.usart_flag_get  gd32f4xx_usart.o
    0x08002310   0x08002310   0x00000018   Code   RO         2275    .text.usart_interrupt_disable  gd32f4xx_usart.o
    0x08002328   0x08002328   0x00000016   Code   RO         2273    .text.usart_interrupt_enable  gd32f4xx_usart.o
    0x0800233e   0x0800233e   0x00000002   PAD
    0x08002340   0x08002340   0x00000022   Code   RO         2277    .text.usart_interrupt_flag_get  gd32f4xx_usart.o
    0x08002362   0x08002362   0x00000002   PAD
    0x08002364   0x08002364   0x00000010   Code   RO         2175    .text.usart_parity_config  gd32f4xx_usart.o
    0x08002374   0x08002374   0x0000000c   Code   RO         2187    .text.usart_receive_config  gd32f4xx_usart.o
    0x08002380   0x08002380   0x00000010   Code   RO         2179    .text.usart_stop_bit_set  gd32f4xx_usart.o
    0x08002390   0x08002390   0x0000000c   Code   RO         2185    .text.usart_transmit_config  gd32f4xx_usart.o
    0x0800239c   0x0800239c   0x00000010   Code   RO         2177    .text.usart_word_length_set  gd32f4xx_usart.o
    0x080023ac   0x080023ac   0x0000009c   Code   RO          345    .text.w25q128_gpio_init  w25q128.o
    0x08002448   0x08002448   0x00000040   Code   RO          347    .text.w25q128_spi_init  w25q128.o
    0x08002488   0x08002488   0x00000012   Code   RO          325    .text.w25qxx_css_disable  w25q128.o
    0x0800249a   0x0800249a   0x00000002   PAD
    0x0800249c   0x0800249c   0x0000000c   Code   RO          343    .text.w25qxx_spi_config  w25q128.o
    0x080024a8   0x080024a8   0x00000028   Code   RO         2628    i.__0sprintf        mc_w.l(printfa.o)
    0x080024d0   0x080024d0   0x0000000e   Code   RO         2707    i.__scatterload_copy  mc_w.l(handlers.o)
    0x080024de   0x080024de   0x00000002   Code   RO         2708    i.__scatterload_null  mc_w.l(handlers.o)
    0x080024e0   0x080024e0   0x0000000e   Code   RO         2709    i.__scatterload_zeroinit  mc_w.l(handlers.o)
    0x080024ee   0x080024ee   0x00000002   PAD
    0x080024f0   0x080024f0   0x00000184   Code   RO         2633    i._fp_digits        mc_w.l(printfa.o)
    0x08002674   0x08002674   0x000006dc   Code   RO         2634    i._printf_core      mc_w.l(printfa.o)
    0x08002d50   0x08002d50   0x00000024   Code   RO         2635    i._printf_post_padding  mc_w.l(printfa.o)
    0x08002d74   0x08002d74   0x0000002e   Code   RO         2636    i._printf_pre_padding  mc_w.l(printfa.o)
    0x08002da2   0x08002da2   0x0000000a   Code   RO         2638    i._sputc            mc_w.l(printfa.o)
    0x08002dac   0x08002dac   0x00000024   Code   RO         2373    i.puts              mc_w.l(puts.o)
    0x08002dd0   0x08002dd0   0x00000020   Data   RO          230    .rodata.INA226_Device_Info  ina226.o
    0x08002df0   0x08002df0   0x00000038   Data   RO           18    .rodata.cmd_table   command_parsing.o
    0x08002e28   0x08002e28   0x00000071   Data   RO           21    .rodata.str1.1      command_parsing.o
    0x08002e99   0x08002e99   0x00000003   PAD
    0x08002e9c   0x08002e9c   0x00000020   Data   RO         2706    Region$$Table       anon$$obj.o


    Execution Region RW_IRAM1 (Exec base: 0x20000000, Load base: 0x08002ec0, Size: 0x00001730, Max: 0x000b0000, ABSOLUTE)

    Exec Addr    Load Addr    Size         Type   Attr      Idx    E Section Name        Object

    0x20000000   0x08002ec0   0x00000004   Data   RW         2670    .data               mc_w.l(stdout.o)
    0x20000004   0x08002ec4   0x00000014   Data   RW          227    .data.INA226_Info   ina226.o
    0x20000018   0x08002ed8   0x00000004   Data   RW           39    .data.SystemCoreClock  system_gd32f4xx.o
    0x2000001c   0x08002edc   0x00000004   PAD
    0x20000020        -       0x00000082   Zero   RW           85    .bss.Debug_IT_Secd_Buffer  debug_uart.o
    0x200000a2        -       0x000007e0   Zero   RW           89    .bss.Debug_Receive_Buffer  debug_uart.o
    0x20000882   0x08002edc   0x00000002   PAD
    0x20000884        -       0x0000000c   Zero   RW          228    .bss.INA226_i2C     ina226.o
    0x20000890        -       0x00000004   Zero   RW          231    .bss.Ina226_ReadRegister.Data_Temp  ina226.o
    0x20000894        -       0x00000082   Zero   RW          112    .bss.Rs485_IT_Secd_Buffer  rs485.o
    0x20000916        -       0x000007e0   Zero   RW          116    .bss.Rs485_Receive_Buffer  rs485.o
    0x200010f6        -       0x00000001   Zero   RW           88    .bss.USART0_IRQHandler.Send_Count  debug_uart.o
    0x200010f7   0x08002edc   0x00000001   PAD
    0x200010f8        -       0x000000fa   Zero   RW           86    .bss.USART0_IRQHandler.Temp_Recevice_Buffer  debug_uart.o
    0x200011f2        -       0x00000002   Zero   RW           87    .bss.USART0_IRQHandler.Temp_Recevice_Count  debug_uart.o
    0x200011f4        -       0x00000001   Zero   RW          115    .bss.USART1_IRQHandler.Send_Count  rs485.o
    0x200011f5   0x08002edc   0x00000003   PAD
    0x200011f8        -       0x000000fa   Zero   RW          113    .bss.USART1_IRQHandler.Temp_Recevice_Buffer  rs485.o
    0x200012f2        -       0x00000001   Zero   RW          114    .bss.USART1_IRQHandler.Temp_Recevice_Count  rs485.o
    0x200012f3   0x08002edc   0x00000001   PAD
    0x200012f4        -       0x00000004   Zero   RW         2325    .bss.delay          systick.o
    0x200012f8        -       0x0000000c   Zero   RW          313    .bss.eepron_info    eeprom.o
    0x20001304        -       0x00000001   Zero   RW          173    .bss.receive_flag   can.o
    0x20001305   0x08002edc   0x00000003   PAD
    0x20001308        -       0x00000020   Zero   RW           20    .bss.send_buffer    command_parsing.o
    0x20001328        -       0x00000001   Zero   RW           19    .bss.send_idx       command_parsing.o
    0x20001329   0x08002edc   0x00000007   PAD
    0x20001330        -       0x00000400   Zero   RW           47    STACK               startup_gd32f450_470.o


==============================================================================

Image component sizes


      Code (inc. data)   RO Data    RW Data    ZI Data      Debug   Object Name

       326          0          0          0          0       2811   bsp_led.o
       520        132          0          0          1       8462   can.o
       622        156        169          0         33       2158   command_parsing.o
       798         16          0          0       2399       7325   debug_uart.o
        34          0          0          0         12       5025   eeprom.o
       704          4          0          0          0      13154   gd32f4xx_can.o
       294          0          0          0          0       5248   gd32f4xx_gpio.o
        24          0          0          0          0        996   gd32f4xx_it.o
       182          0          0          0          0       3468   gd32f4xx_misc.o
       288         28          0          0          0      17214   gd32f4xx_rcu.o
        62          0          0          0          0       9259   gd32f4xx_spi.o
       604          0          0          0          0      13566   gd32f4xx_usart.o
       586         12         32         20         16       9160   ina226.o
        62          0          0          0          0       2133   key.o
       118         16          0          0          0        829   main.o
       730          0          0          0       2398       7179   rs485.o
       518         10          0          0          0       5132   soft_i2c.o
        36          8        428          0       1024        908   startup_gd32f450_470.o
       382          0          0          4          0       2580   system_gd32f4xx.o
       180          0          0          0          4       5215   systick.o
       250          0          0          0          0       5320   w25q128.o

    ----------------------------------------------------------------------
      7424        382        664         24       5908     127142   Object Totals
         0          0         32          0          0          0   (incl. Generated)
       104          0          3          0         21          0   (incl. Padding)

    ----------------------------------------------------------------------

      Code (inc. data)   RO Data    RW Data    ZI Data      Debug   Library Member Name

         0          0          0          0          0          0   entry.o
         0          0          0          0          0          0   entry10a.o
         0          0          0          0          0          0   entry11a.o
         8          4          0          0          0          0   entry2.o
         4          0          0          0          0          0   entry5.o
         0          0          0          0          0          0   entry7b.o
         0          0          0          0          0          0   entry8b.o
         8          4          0          0          0          0   entry9a.o
        30          0          0          0          0          0   handlers.o
        36          8          0          0          0         68   init.o
         0          0          0          0          0          0   iusefp.o
        30          0          0          0          0         68   llshl.o
        36          0          0          0          0         68   llsshr.o
        32          0          0          0          0         68   llushr.o
        20          0          0          0          0         68   memchr.o
        26          0          0          0          0         80   memcmp.o
        36          0          0          0          0         68   memcpya.o
        36          0          0          0          0        108   memseta.o
      2276         86          0          0          0        520   printfa.o
        36          6          0          0          0         80   puts.o
         0          0          0          4          0          0   stdout.o
        14          0          0          0          0         68   strlen.o
        44          0          0          0          0         80   uidiv.o
        98          0          0          0          0         92   uldiv.o
        48          0          0          0          0         68   cdrcmple.o
       334          0          0          0          0        148   dadd.o
       222          0          0          0          0        100   ddiv.o
       186          0          0          0          0        176   depilogue.o
        48          0          0          0          0         68   dfixul.o
       228          0          0          0          0         96   dmul.o
        38          0          0          0          0         68   f2d.o

    ----------------------------------------------------------------------
      3876        108          0          4          0       2160   Library Totals
         2          0          0          0          0          0   (incl. Padding)

    ----------------------------------------------------------------------

      Code (inc. data)   RO Data    RW Data    ZI Data      Debug   Library Name

      2770        108          0          4          0       1436   mc_w.l
      1104          0          0          0          0        724   mf_w.l

    ----------------------------------------------------------------------
      3876        108          0          4          0       2160   Library Totals

    ----------------------------------------------------------------------

==============================================================================


      Code (inc. data)   RO Data    RW Data    ZI Data      Debug   

     11300        490        664         28       5908     127982   Grand Totals
     11300        490        664         28       5908     127982   ELF Image Totals
     11300        490        664         28          0          0   ROM Totals

==============================================================================

    Total RO  Size (Code + RO Data)                11964 (  11.68kB)
    Total RW  Size (RW Data + ZI Data)              5936 (   5.80kB)
    Total ROM Size (Code + RO Data + RW Data)      11992 (  11.71kB)

==============================================================================

