<html>
<body>
<pre>
<h1>µVision Build Log</h1>
<h2>Tool Versions:</h2>
IDE-Version: ¦ÌVision V5.36.0.0
Copyright (C) 2021 ARM Ltd and ARM Germany GmbH. All rights reserved.
License Information: 21 addiction, 21, LIC=RC93N-YVK8B-RA6DM-XAY8M-3GT9S-EC7Y8
 
Tool Versions:
Toolchain:       MDK-ARM Plus  Version: 5.36.0.0
Toolchain Path:  D:\KELE5 MDK\ARM\ARMCLANG\Bin
C Compiler:      ArmClang.exe V6.16
Assembler:       Armasm.exe V6.16
Linker/Locator:  ArmLink.exe V6.16
Library Manager: ArmAr.exe V6.16
Hex Converter:   FromElf.exe V6.16
CPU DLL:         SARMCM3.DLL V5.36.0.0
Dialog DLL:      DCM.DLL V1.17.3.0
Target DLL:      CMSIS_AGDI.dll V1.33.0.0
Dialog DLL:      TCM.DLL V1.53.0.0
 
<h2>Project:</h2>
G:\1-VscodeProject\GD-32\1-GD_Template-F4xx\Project\GD_Template-F4xx.uvprojx
Project File Date:  07/09/2025

<h2>Output:</h2>
*** Using Compiler 'V6.16', folder: 'D:\KELE5 MDK\ARM\ARMCLANG\Bin'
Build target 'GD_Template-F4xx'
../User/main.c(1): warning: In file included from...
../User/main.h(7): warning: In file included from...
../User/../Hardware/inc/rs485.h(3): warning: 'CHCHE_COUNT' macro redefined [-Wmacro-redefined]
#define CHCHE_COUNT 8
        ^
../User/../Hardware/inc/debug_uart.h(13): note: previous definition is here
#define CHCHE_COUNT 4
        ^
1 warning generated.
compiling main.c...
linking...
Program Size: Code=3900 RO-data=460 RW-data=4 ZI-data=4844  
FromELF: creating hex file...
".\Objects\GD32F450.axf" - 0 Error(s), 1 Warning(s).

<h2>Software Packages used:</h2>

Package Vendor: GigaDevice
                https://gd32mcu.com/data/documents/pack/GigaDevice.GD32F4xx_DFP.3.0.3.pack
                GigaDevice.GD32F4xx_DFP.3.0.3
                GigaDevice GD32F4xx Series Device Support and Examples

<h2>Collection of Component include folders:</h2>
  D:\KELE5 MDK\Packs\GigaDevice\GD32F4xx_DFP\3.0.3\Device\F4XX\Include

<h2>Collection of Component Files used:</h2>
Build Time Elapsed:  00:00:00
</pre>
</body>
</html>
