<html>
<body>
<pre>
<h1>�Vision Build Log</h1>
<h2>Tool Versions:</h2>
IDE-Version: ��Vision V5.36.0.0
Copyright (C) 2021 ARM Ltd and ARM Germany GmbH. All rights reserved.
License Information: 1212 Administrator, 1212, LIC=14HV2-9B8UP-8TS3P-M40MK-0YQSA-HCVDA
 
Tool Versions:
Toolchain:       MDK-ARM Plus  Version: 5.36.0.0
Toolchain Path:  D:\Keil MDK\ARM\ARMCLANG\Bin
C Compiler:      ArmClang.exe V6.16
Assembler:       Armasm.exe V6.16
Linker/Locator:  ArmLink.exe V6.16
Library Manager: ArmAr.exe V6.16
Hex Converter:   FromElf.exe V6.16
CPU DLL:         SARMCM3.DLL V5.36.0.0
Dialog DLL:      DCM.DLL V1.17.3.0
Target DLL:      CMSIS_AGDI.dll V1.33.0.0
Dialog DLL:      TCM.DLL V1.53.0.0
 
<h2>Project:</h2>
G:\VscodeProject\GitProject\GD_Template-M4\Project\GD_Template-F4xx.uvprojx
Project File Date:  10/02/2025

<h2>Output:</h2>
*** Using Compiler 'V6.16', folder: 'D:\Keil MDK\ARM\ARMCLANG\Bin'
Build target 'GD_Template-F4xx'
compiling pc_task.c...
compiling bmp280.c...
../Hardware/src/dip_switch.c(91): warning: implicitly declaring library function 'printf' with type 'int (const char *, ...)' [-Wimplicit-function-declaration]
        printf("DIP Switch Value: 0x%02X\n", switch_value);
        ^
../Hardware/src/dip_switch.c(91): note: include the header <stdio.h> or explicitly provide a declaration for 'printf'
1 warning generated.
compiling dip_switch.c...
compiling bsp_led.c...
compiling command_parsing.c...
compiling key.c...
../Hardware/src/bitband.c(58): warning: implicitly declaring library function 'printf' with type 'int (const char *, ...)' [-Wimplicit-function-declaration]
        printf("GPIOA Pin 5 Set: Passed\n");
        ^
../Hardware/src/bitband.c(58): note: include the header <stdio.h> or explicitly provide a declaration for 'printf'
1 warning generated.
compiling bitband.c...
compiling ina226.c...
compiling can.c...
compiling system_gd32f4xx.c...
../Hardware/src/debug_uart.c(93): warning: implicit conversion from enumeration type 'usart_flag_enum' to different enumeration type 'usart_interrupt_enum' [-Wenum-conversion]
        usart_interrupt_disable(DEBUG_USART, USART_FLAG_TBE); // 禁止发送中断
        ~~~~~~~~~~~~~~~~~~~~~~~              ^~~~~~~~~~~~~~
../Hardware/src/debug_uart.c(94): warning: implicit conversion from enumeration type 'usart_flag_enum' to different enumeration type 'usart_interrupt_enum' [-Wenum-conversion]
        usart_interrupt_disable(DEBUG_USART, USART_FLAG_TC);  // 禁止发送完成中断
        ~~~~~~~~~~~~~~~~~~~~~~~              ^~~~~~~~~~~~~
../Hardware/src/debug_uart.c(151): warning: multi-character character constant [-Wmultichar]
                if (Temp_Recevice_Count > 0 && memchr(Temp_Recevice_Buffer, '\r\n', Temp_Recevice_Count) != NULL)
                                                                            ^
3 warnings generated.
compiling debug_uart.c...
../Hardware/src/rs485.c(97): warning: implicit conversion from enumeration type 'usart_flag_enum' to different enumeration type 'usart_interrupt_enum' [-Wenum-conversion]
        usart_interrupt_disable(RS485_USART, USART_FLAG_TBE); // 禁止发送中断
        ~~~~~~~~~~~~~~~~~~~~~~~              ^~~~~~~~~~~~~~
../Hardware/src/rs485.c(98): warning: implicit conversion from enumeration type 'usart_flag_enum' to different enumeration type 'usart_interrupt_enum' [-Wenum-conversion]
        usart_interrupt_disable(RS485_USART, USART_FLAG_TC);  // 禁止发送完成中断
        ~~~~~~~~~~~~~~~~~~~~~~~              ^~~~~~~~~~~~~
../Hardware/src/rs485.c(163): warning: multi-character character constant [-Wmultichar]
                if (Temp_Recevice_Count > 0 && memchr(Temp_Recevice_Buffer, '\r\n', Temp_Recevice_Count) != NULL)
                                                                            ^
3 warnings generated.
compiling rs485.c...
compiling soft_i2c.c...
../Hardware/src/eeprom.c(123): warning: result of comparison of constant 256 with expression of type 'uint8_t' (aka 'unsigned char') is always true [-Wtautological-constant-out-of-range-compare]
        for (uint8_t i = 10; i < sizeof(read_data); i++)
                             ~ ^ ~~~~~~~~~~~~~~~~~
../Hardware/src/eeprom.c(165): warning: result of comparison of constant 256 with expression of type 'uint8_t' (aka 'unsigned char') is always true [-Wtautological-constant-out-of-range-compare]
        for (uint8_t i = 0; i < sizeof(read_data); i++)
                            ~ ^ ~~~~~~~~~~~~~~~~~
2 warnings generated.
compiling eeprom.c...
compiling gd32f4xx_gpio.c...
../Hardware/src/w25q128.c(183): warning: implicitly declaring library function 'printf' with type 'int (const char *, ...)' [-Wimplicit-function-declaration]
        printf("=====================================\r\n");
        ^
../Hardware/src/w25q128.c(183): note: include the header <stdio.h> or explicitly provide a declaration for 'printf'
../Hardware/src/w25q128.c(229): warning: implicitly declaring library function 'memset' with type 'void *(void *, int, unsigned int)' [-Wimplicit-function-declaration]
        memset(read_buffer, 0, sizeof(read_buffer));
        ^
../Hardware/src/w25q128.c(229): note: include the header <string.h> or explicitly provide a declaration for 'memset'
../Hardware/src/w25q128.c(241): warning: implicitly declaring library function 'memcmp' with type 'int (const void *, const void *, unsigned int)' [-Wimplicit-function-declaration]
        if (memcmp(write_buffer, read_buffer, test_length) == 0)
            ^
../Hardware/src/w25q128.c(241): note: include the header <string.h> or explicitly provide a declaration for 'memcmp'
../Hardware/src/w25q128.c(257): warning: implicitly declaring library function 'strcpy' with type 'char *(char *, const char *)' [-Wimplicit-function-declaration]
        strcpy((char *)write_buffer, test_string);
        ^
../Hardware/src/w25q128.c(257): note: include the header <string.h> or explicitly provide a declaration for 'strcpy'
../Hardware/src/w25q128.c(258): warning: implicitly declaring library function 'strlen' with type 'unsigned int (const char *)' [-Wimplicit-function-declaration]
        test_length = strlen(test_string) + 1;
                      ^
../Hardware/src/w25q128.c(258): note: include the header <string.h> or explicitly provide a declaration for 'strlen'
../Hardware/src/w25q128.c(267): warning: implicitly declaring library function 'strcmp' with type 'int (const char *, const char *)' [-Wimplicit-function-declaration]
        if (strcmp((char *)write_buffer, (char *)read_buffer) == 0)
            ^
../Hardware/src/w25q128.c(267): note: include the header <string.h> or explicitly provide a declaration for 'strcmp'
6 warnings generated.
compiling w25q128.c...
compiling gd32f4xx_crc.c...
compiling gd32f4xx_adc.c...
compiling gd32f4xx_ctc.c...
compiling gd32f4xx_rcu.c...
compiling gd32f4xx_dac.c...
compiling gd32f4xx_dbg.c...
compiling gd32f4xx_can.c...
compiling gd32f4xx_dci.c...
compiling gd32f4xx_dma.c...
compiling gd32f4xx_exmc.c...
compiling gd32f4xx_exti.c...
compiling gd32f4xx_fwdgt.c...
compiling gd32f4xx_iref.c...
compiling gd32f4xx_misc.c...
compiling gd32f4xx_ipa.c...
compiling gd32f4xx_pmu.c...
compiling gd32f4xx_fmc.c...
compiling gd32f4xx_i2c.c...
compiling gd32f4xx_sdio.c...
compiling gd32f4xx_enet.c...
compiling gd32f4xx_rtc.c...
compiling gd32f4xx_spi.c...
compiling gd32f4xx_syscfg.c...
compiling gd32f4xx_trng.c...
compiling gd32f4xx_tli.c...
compiling gd32f4xx_wwdgt.c...
compiling gd32f4xx_it.c...
compiling systick.c...
compiling gd32f4xx_usart.c...
compiling gd32f4xx_timer.c...
linking...
Program Size: Code=11300 RO-data=664 RW-data=28 ZI-data=5908  
FromELF: creating hex file...
".\Objects\GD32F450.axf" - 0 Error(s), 16 Warning(s).

<h2>Software Packages used:</h2>

Package Vendor: GigaDevice
                https://gd32mcu.com/data/documents/pack/GigaDevice.GD32F4xx_DFP.3.0.3.pack
                GigaDevice.GD32F4xx_DFP.3.0.3
                GigaDevice GD32F4xx Series Device Support and Examples

<h2>Collection of Component include folders:</h2>
  D:\Keil MDK\pack\GigaDevice\GD32F4xx_DFP\3.0.3\Device\F4XX\Include

<h2>Collection of Component Files used:</h2>
Build Time Elapsed:  00:00:02
</pre>
</body>
</html>
