Component: ARM Compiler 6.16 Tool: armlink [5dfeaa00]

==============================================================================

Section Cross References

    startup_gd32f450_470.o(RESET) refers to startup_gd32f450_470.o(STACK) for __initial_sp
    startup_gd32f450_470.o(RESET) refers to startup_gd32f450_470.o(.text) for Reset_Handler
    startup_gd32f450_470.o(RESET) refers to lto-llvm-d75d8d.o(.text.NMI_Handler) for NMI_Handler
    startup_gd32f450_470.o(RESET) refers to lto-llvm-d75d8d.o(.text.HardFault_Handler) for HardFault_Handler
    startup_gd32f450_470.o(RESET) refers to lto-llvm-d75d8d.o(.text.MemManage_Handler) for MemManage_Handler
    startup_gd32f450_470.o(RESET) refers to lto-llvm-d75d8d.o(.text.BusFault_Handler) for BusFault_Handler
    startup_gd32f450_470.o(RESET) refers to lto-llvm-d75d8d.o(.text.UsageFault_Handler) for UsageFault_Handler
    startup_gd32f450_470.o(RESET) refers to lto-llvm-d75d8d.o(.text.SVC_Handler) for SVC_Handler
    startup_gd32f450_470.o(RESET) refers to lto-llvm-d75d8d.o(.text.DebugMon_Handler) for DebugMon_Handler
    startup_gd32f450_470.o(RESET) refers to lto-llvm-d75d8d.o(.text.PendSV_Handler) for PendSV_Handler
    startup_gd32f450_470.o(RESET) refers to lto-llvm-d75d8d.o(.text.SysTick_Handler) for SysTick_Handler
    startup_gd32f450_470.o(RESET) refers to lto-llvm-d75d8d.o(.text.USART0_IRQHandler) for USART0_IRQHandler
    startup_gd32f450_470.o(RESET) refers to lto-llvm-d75d8d.o(.text.USART1_IRQHandler) for USART1_IRQHandler
    startup_gd32f450_470.o(RESET) refers to lto-llvm-d75d8d.o(.text.CAN1_RX1_IRQHandler) for CAN1_RX1_IRQHandler
    startup_gd32f450_470.o(.text) refers to lto-llvm-d75d8d.o(.text.SystemInit) for SystemInit
    startup_gd32f450_470.o(.text) refers to entry.o(.ARM.Collect$$$$00000000) for __main
    entry.o(.ARM.Collect$$$$00000000) refers (Special) to entry10a.o(.ARM.Collect$$$$0000000D) for __rt_final_cpp
    entry.o(.ARM.Collect$$$$00000000) refers (Special) to entry11a.o(.ARM.Collect$$$$0000000F) for __rt_final_exit
    entry.o(.ARM.Collect$$$$00000000) refers (Special) to entry7b.o(.ARM.Collect$$$$00000008) for _main_clock
    entry.o(.ARM.Collect$$$$00000000) refers (Special) to entry8b.o(.ARM.Collect$$$$0000000A) for _main_cpp_init
    entry.o(.ARM.Collect$$$$00000000) refers (Special) to entry9a.o(.ARM.Collect$$$$0000000B) for _main_init
    entry.o(.ARM.Collect$$$$00000000) refers (Special) to entry5.o(.ARM.Collect$$$$00000004) for _main_scatterload
    entry.o(.ARM.Collect$$$$00000000) refers (Special) to entry2.o(.ARM.Collect$$$$00000001) for _main_stk
    puts.o(i.puts) refers to lto-llvm-d75d8d.o(.text.fputc) for fputc
    puts.o(i.puts) refers to stdout.o(.data) for __stdout
    puts_e.o(.text) refers to lto-llvm-d75d8d.o(.text.fputc) for fputc
    puts_e.o(.text) refers to stdout.o(.data) for __stdout
    printfb.o(i.__0fprintf$bare) refers to printfb.o(i._printf_core) for _printf_core
    printfb.o(i.__0fprintf$bare) refers to lto-llvm-d75d8d.o(.text.fputc) for fputc
    printfb.o(i.__0printf$bare) refers to printfb.o(i._printf_core) for _printf_core
    printfb.o(i.__0printf$bare) refers to lto-llvm-d75d8d.o(.text.fputc) for fputc
    printfb.o(i.__0printf$bare) refers to stdout.o(.data) for __stdout
    printfb.o(i.__0snprintf$bare) refers to printfb.o(i._printf_core) for _printf_core
    printfb.o(i.__0snprintf$bare) refers to printfb.o(i._snputc) for _snputc
    printfb.o(i.__0sprintf$bare) refers to printfb.o(i._printf_core) for _printf_core
    printfb.o(i.__0sprintf$bare) refers to printfb.o(i._sputc) for _sputc
    printfb.o(i.__0vfprintf$bare) refers to printfb.o(i._printf_core) for _printf_core
    printfb.o(i.__0vfprintf$bare) refers to lto-llvm-d75d8d.o(.text.fputc) for fputc
    printfb.o(i.__0vprintf$bare) refers to printfb.o(i._printf_core) for _printf_core
    printfb.o(i.__0vprintf$bare) refers to lto-llvm-d75d8d.o(.text.fputc) for fputc
    printfb.o(i.__0vprintf$bare) refers to stdout.o(.data) for __stdout
    printfb.o(i.__0vsnprintf$bare) refers to printfb.o(i._printf_core) for _printf_core
    printfb.o(i.__0vsnprintf$bare) refers to printfb.o(i._snputc) for _snputc
    printfb.o(i.__0vsprintf$bare) refers to printfb.o(i._printf_core) for _printf_core
    printfb.o(i.__0vsprintf$bare) refers to printfb.o(i._sputc) for _sputc
    printf0.o(i.__0fprintf$0) refers to printf0.o(i._printf_core) for _printf_core
    printf0.o(i.__0fprintf$0) refers to lto-llvm-d75d8d.o(.text.fputc) for fputc
    printf0.o(i.__0printf$0) refers to printf0.o(i._printf_core) for _printf_core
    printf0.o(i.__0printf$0) refers to lto-llvm-d75d8d.o(.text.fputc) for fputc
    printf0.o(i.__0printf$0) refers to stdout.o(.data) for __stdout
    printf0.o(i.__0snprintf$0) refers to printf0.o(i._printf_core) for _printf_core
    printf0.o(i.__0snprintf$0) refers to printf0.o(i._snputc) for _snputc
    printf0.o(i.__0sprintf$0) refers to printf0.o(i._printf_core) for _printf_core
    printf0.o(i.__0sprintf$0) refers to printf0.o(i._sputc) for _sputc
    printf0.o(i.__0vfprintf$0) refers to printf0.o(i._printf_core) for _printf_core
    printf0.o(i.__0vfprintf$0) refers to lto-llvm-d75d8d.o(.text.fputc) for fputc
    printf0.o(i.__0vprintf$0) refers to printf0.o(i._printf_core) for _printf_core
    printf0.o(i.__0vprintf$0) refers to lto-llvm-d75d8d.o(.text.fputc) for fputc
    printf0.o(i.__0vprintf$0) refers to stdout.o(.data) for __stdout
    printf0.o(i.__0vsnprintf$0) refers to printf0.o(i._printf_core) for _printf_core
    printf0.o(i.__0vsnprintf$0) refers to printf0.o(i._snputc) for _snputc
    printf0.o(i.__0vsprintf$0) refers to printf0.o(i._printf_core) for _printf_core
    printf0.o(i.__0vsprintf$0) refers to printf0.o(i._sputc) for _sputc
    printf1.o(i.__0fprintf$1) refers to printf1.o(i._printf_core) for _printf_core
    printf1.o(i.__0fprintf$1) refers to lto-llvm-d75d8d.o(.text.fputc) for fputc
    printf1.o(i.__0printf$1) refers to printf1.o(i._printf_core) for _printf_core
    printf1.o(i.__0printf$1) refers to lto-llvm-d75d8d.o(.text.fputc) for fputc
    printf1.o(i.__0printf$1) refers to stdout.o(.data) for __stdout
    printf1.o(i.__0snprintf$1) refers to printf1.o(i._printf_core) for _printf_core
    printf1.o(i.__0snprintf$1) refers to printf1.o(i._snputc) for _snputc
    printf1.o(i.__0sprintf$1) refers to printf1.o(i._printf_core) for _printf_core
    printf1.o(i.__0sprintf$1) refers to printf1.o(i._sputc) for _sputc
    printf1.o(i.__0vfprintf$1) refers to printf1.o(i._printf_core) for _printf_core
    printf1.o(i.__0vfprintf$1) refers to lto-llvm-d75d8d.o(.text.fputc) for fputc
    printf1.o(i.__0vprintf$1) refers to printf1.o(i._printf_core) for _printf_core
    printf1.o(i.__0vprintf$1) refers to lto-llvm-d75d8d.o(.text.fputc) for fputc
    printf1.o(i.__0vprintf$1) refers to stdout.o(.data) for __stdout
    printf1.o(i.__0vsnprintf$1) refers to printf1.o(i._printf_core) for _printf_core
    printf1.o(i.__0vsnprintf$1) refers to printf1.o(i._snputc) for _snputc
    printf1.o(i.__0vsprintf$1) refers to printf1.o(i._printf_core) for _printf_core
    printf1.o(i.__0vsprintf$1) refers to printf1.o(i._sputc) for _sputc
    printf1.o(i._printf_core) refers to uidiv.o(.text) for __aeabi_uidivmod
    printf2.o(i.__0fprintf$2) refers to printf2.o(i._printf_core) for _printf_core
    printf2.o(i.__0fprintf$2) refers to lto-llvm-d75d8d.o(.text.fputc) for fputc
    printf2.o(i.__0printf$2) refers to printf2.o(i._printf_core) for _printf_core
    printf2.o(i.__0printf$2) refers to lto-llvm-d75d8d.o(.text.fputc) for fputc
    printf2.o(i.__0printf$2) refers to stdout.o(.data) for __stdout
    printf2.o(i.__0snprintf$2) refers to printf2.o(i._printf_core) for _printf_core
    printf2.o(i.__0snprintf$2) refers to printf2.o(i._snputc) for _snputc
    printf2.o(i.__0sprintf$2) refers to printf2.o(i._printf_core) for _printf_core
    printf2.o(i.__0sprintf$2) refers to printf2.o(i._sputc) for _sputc
    printf2.o(i.__0vfprintf$2) refers to printf2.o(i._printf_core) for _printf_core
    printf2.o(i.__0vfprintf$2) refers to lto-llvm-d75d8d.o(.text.fputc) for fputc
    printf2.o(i.__0vprintf$2) refers to printf2.o(i._printf_core) for _printf_core
    printf2.o(i.__0vprintf$2) refers to lto-llvm-d75d8d.o(.text.fputc) for fputc
    printf2.o(i.__0vprintf$2) refers to stdout.o(.data) for __stdout
    printf2.o(i.__0vsnprintf$2) refers to printf2.o(i._printf_core) for _printf_core
    printf2.o(i.__0vsnprintf$2) refers to printf2.o(i._snputc) for _snputc
    printf2.o(i.__0vsprintf$2) refers to printf2.o(i._printf_core) for _printf_core
    printf2.o(i.__0vsprintf$2) refers to printf2.o(i._sputc) for _sputc
    printf3.o(i.__0fprintf$3) refers to printf3.o(i._printf_core) for _printf_core
    printf3.o(i.__0fprintf$3) refers to lto-llvm-d75d8d.o(.text.fputc) for fputc
    printf3.o(i.__0printf$3) refers to printf3.o(i._printf_core) for _printf_core
    printf3.o(i.__0printf$3) refers to lto-llvm-d75d8d.o(.text.fputc) for fputc
    printf3.o(i.__0printf$3) refers to stdout.o(.data) for __stdout
    printf3.o(i.__0snprintf$3) refers to printf3.o(i._printf_core) for _printf_core
    printf3.o(i.__0snprintf$3) refers to printf3.o(i._snputc) for _snputc
    printf3.o(i.__0sprintf$3) refers to printf3.o(i._printf_core) for _printf_core
    printf3.o(i.__0sprintf$3) refers to printf3.o(i._sputc) for _sputc
    printf3.o(i.__0vfprintf$3) refers to printf3.o(i._printf_core) for _printf_core
    printf3.o(i.__0vfprintf$3) refers to lto-llvm-d75d8d.o(.text.fputc) for fputc
    printf3.o(i.__0vprintf$3) refers to printf3.o(i._printf_core) for _printf_core
    printf3.o(i.__0vprintf$3) refers to lto-llvm-d75d8d.o(.text.fputc) for fputc
    printf3.o(i.__0vprintf$3) refers to stdout.o(.data) for __stdout
    printf3.o(i.__0vsnprintf$3) refers to printf3.o(i._printf_core) for _printf_core
    printf3.o(i.__0vsnprintf$3) refers to printf3.o(i._snputc) for _snputc
    printf3.o(i.__0vsprintf$3) refers to printf3.o(i._printf_core) for _printf_core
    printf3.o(i.__0vsprintf$3) refers to printf3.o(i._sputc) for _sputc
    printf3.o(i._printf_core) refers to uidiv.o(.text) for __aeabi_uidivmod
    printf4.o(i.__0fprintf$4) refers to printf4.o(i._printf_core) for _printf_core
    printf4.o(i.__0fprintf$4) refers to lto-llvm-d75d8d.o(.text.fputc) for fputc
    printf4.o(i.__0printf$4) refers to printf4.o(i._printf_core) for _printf_core
    printf4.o(i.__0printf$4) refers to lto-llvm-d75d8d.o(.text.fputc) for fputc
    printf4.o(i.__0printf$4) refers to stdout.o(.data) for __stdout
    printf4.o(i.__0snprintf$4) refers to printf4.o(i._printf_core) for _printf_core
    printf4.o(i.__0snprintf$4) refers to printf4.o(i._snputc) for _snputc
    printf4.o(i.__0sprintf$4) refers to printf4.o(i._printf_core) for _printf_core
    printf4.o(i.__0sprintf$4) refers to printf4.o(i._sputc) for _sputc
    printf4.o(i.__0vfprintf$4) refers to printf4.o(i._printf_core) for _printf_core
    printf4.o(i.__0vfprintf$4) refers to lto-llvm-d75d8d.o(.text.fputc) for fputc
    printf4.o(i.__0vprintf$4) refers to printf4.o(i._printf_core) for _printf_core
    printf4.o(i.__0vprintf$4) refers to lto-llvm-d75d8d.o(.text.fputc) for fputc
    printf4.o(i.__0vprintf$4) refers to stdout.o(.data) for __stdout
    printf4.o(i.__0vsnprintf$4) refers to printf4.o(i._printf_core) for _printf_core
    printf4.o(i.__0vsnprintf$4) refers to printf4.o(i._snputc) for _snputc
    printf4.o(i.__0vsprintf$4) refers to printf4.o(i._printf_core) for _printf_core
    printf4.o(i.__0vsprintf$4) refers to printf4.o(i._sputc) for _sputc
    printf4.o(i._printf_core) refers to uldiv.o(.text) for __aeabi_uldivmod
    printf5.o(i.__0fprintf$5) refers to printf5.o(i._printf_core) for _printf_core
    printf5.o(i.__0fprintf$5) refers to lto-llvm-d75d8d.o(.text.fputc) for fputc
    printf5.o(i.__0printf$5) refers to printf5.o(i._printf_core) for _printf_core
    printf5.o(i.__0printf$5) refers to lto-llvm-d75d8d.o(.text.fputc) for fputc
    printf5.o(i.__0printf$5) refers to stdout.o(.data) for __stdout
    printf5.o(i.__0snprintf$5) refers to printf5.o(i._printf_core) for _printf_core
    printf5.o(i.__0snprintf$5) refers to printf5.o(i._snputc) for _snputc
    printf5.o(i.__0sprintf$5) refers to printf5.o(i._printf_core) for _printf_core
    printf5.o(i.__0sprintf$5) refers to printf5.o(i._sputc) for _sputc
    printf5.o(i.__0vfprintf$5) refers to printf5.o(i._printf_core) for _printf_core
    printf5.o(i.__0vfprintf$5) refers to lto-llvm-d75d8d.o(.text.fputc) for fputc
    printf5.o(i.__0vprintf$5) refers to printf5.o(i._printf_core) for _printf_core
    printf5.o(i.__0vprintf$5) refers to lto-llvm-d75d8d.o(.text.fputc) for fputc
    printf5.o(i.__0vprintf$5) refers to stdout.o(.data) for __stdout
    printf5.o(i.__0vsnprintf$5) refers to printf5.o(i._printf_core) for _printf_core
    printf5.o(i.__0vsnprintf$5) refers to printf5.o(i._snputc) for _snputc
    printf5.o(i.__0vsprintf$5) refers to printf5.o(i._printf_core) for _printf_core
    printf5.o(i.__0vsprintf$5) refers to printf5.o(i._sputc) for _sputc
    printf5.o(i._printf_core) refers to uldiv.o(.text) for __aeabi_uldivmod
    printf6.o(i.__0fprintf$6) refers to printf6.o(i._printf_core) for _printf_core
    printf6.o(i.__0fprintf$6) refers to lto-llvm-d75d8d.o(.text.fputc) for fputc
    printf6.o(i.__0printf$6) refers to printf6.o(i._printf_core) for _printf_core
    printf6.o(i.__0printf$6) refers to lto-llvm-d75d8d.o(.text.fputc) for fputc
    printf6.o(i.__0printf$6) refers to stdout.o(.data) for __stdout
    printf6.o(i.__0snprintf$6) refers to printf6.o(i._printf_core) for _printf_core
    printf6.o(i.__0snprintf$6) refers to printf6.o(i._snputc) for _snputc
    printf6.o(i.__0sprintf$6) refers to printf6.o(i._printf_core) for _printf_core
    printf6.o(i.__0sprintf$6) refers to printf6.o(i._sputc) for _sputc
    printf6.o(i.__0vfprintf$6) refers to printf6.o(i._printf_core) for _printf_core
    printf6.o(i.__0vfprintf$6) refers to lto-llvm-d75d8d.o(.text.fputc) for fputc
    printf6.o(i.__0vprintf$6) refers to printf6.o(i._printf_core) for _printf_core
    printf6.o(i.__0vprintf$6) refers to lto-llvm-d75d8d.o(.text.fputc) for fputc
    printf6.o(i.__0vprintf$6) refers to stdout.o(.data) for __stdout
    printf6.o(i.__0vsnprintf$6) refers to printf6.o(i._printf_core) for _printf_core
    printf6.o(i.__0vsnprintf$6) refers to printf6.o(i._snputc) for _snputc
    printf6.o(i.__0vsprintf$6) refers to printf6.o(i._printf_core) for _printf_core
    printf6.o(i.__0vsprintf$6) refers to printf6.o(i._sputc) for _sputc
    printf6.o(i._printf_core) refers to printf6.o(i._printf_pre_padding) for _printf_pre_padding
    printf6.o(i._printf_core) refers to uidiv.o(.text) for __aeabi_uidivmod
    printf6.o(i._printf_core) refers to printf6.o(i._printf_post_padding) for _printf_post_padding
    printf7.o(i.__0fprintf$7) refers to printf7.o(i._printf_core) for _printf_core
    printf7.o(i.__0fprintf$7) refers to lto-llvm-d75d8d.o(.text.fputc) for fputc
    printf7.o(i.__0printf$7) refers to printf7.o(i._printf_core) for _printf_core
    printf7.o(i.__0printf$7) refers to lto-llvm-d75d8d.o(.text.fputc) for fputc
    printf7.o(i.__0printf$7) refers to stdout.o(.data) for __stdout
    printf7.o(i.__0snprintf$7) refers to printf7.o(i._printf_core) for _printf_core
    printf7.o(i.__0snprintf$7) refers to printf7.o(i._snputc) for _snputc
    printf7.o(i.__0sprintf$7) refers to printf7.o(i._printf_core) for _printf_core
    printf7.o(i.__0sprintf$7) refers to printf7.o(i._sputc) for _sputc
    printf7.o(i.__0vfprintf$7) refers to printf7.o(i._printf_core) for _printf_core
    printf7.o(i.__0vfprintf$7) refers to lto-llvm-d75d8d.o(.text.fputc) for fputc
    printf7.o(i.__0vprintf$7) refers to printf7.o(i._printf_core) for _printf_core
    printf7.o(i.__0vprintf$7) refers to lto-llvm-d75d8d.o(.text.fputc) for fputc
    printf7.o(i.__0vprintf$7) refers to stdout.o(.data) for __stdout
    printf7.o(i.__0vsnprintf$7) refers to printf7.o(i._printf_core) for _printf_core
    printf7.o(i.__0vsnprintf$7) refers to printf7.o(i._snputc) for _snputc
    printf7.o(i.__0vsprintf$7) refers to printf7.o(i._printf_core) for _printf_core
    printf7.o(i.__0vsprintf$7) refers to printf7.o(i._sputc) for _sputc
    printf7.o(i._printf_core) refers to printf7.o(i._printf_pre_padding) for _printf_pre_padding
    printf7.o(i._printf_core) refers to uldiv.o(.text) for __aeabi_uldivmod
    printf7.o(i._printf_core) refers to printf7.o(i._printf_post_padding) for _printf_post_padding
    printf8.o(i.__0fprintf$8) refers to printf8.o(i._printf_core) for _printf_core
    printf8.o(i.__0fprintf$8) refers to lto-llvm-d75d8d.o(.text.fputc) for fputc
    printf8.o(i.__0printf$8) refers to printf8.o(i._printf_core) for _printf_core
    printf8.o(i.__0printf$8) refers to lto-llvm-d75d8d.o(.text.fputc) for fputc
    printf8.o(i.__0printf$8) refers to stdout.o(.data) for __stdout
    printf8.o(i.__0snprintf$8) refers to printf8.o(i._printf_core) for _printf_core
    printf8.o(i.__0snprintf$8) refers to printf8.o(i._snputc) for _snputc
    printf8.o(i.__0sprintf$8) refers to printf8.o(i._printf_core) for _printf_core
    printf8.o(i.__0sprintf$8) refers to printf8.o(i._sputc) for _sputc
    printf8.o(i.__0vfprintf$8) refers to printf8.o(i._printf_core) for _printf_core
    printf8.o(i.__0vfprintf$8) refers to lto-llvm-d75d8d.o(.text.fputc) for fputc
    printf8.o(i.__0vprintf$8) refers to printf8.o(i._printf_core) for _printf_core
    printf8.o(i.__0vprintf$8) refers to lto-llvm-d75d8d.o(.text.fputc) for fputc
    printf8.o(i.__0vprintf$8) refers to stdout.o(.data) for __stdout
    printf8.o(i.__0vsnprintf$8) refers to printf8.o(i._printf_core) for _printf_core
    printf8.o(i.__0vsnprintf$8) refers to printf8.o(i._snputc) for _snputc
    printf8.o(i.__0vsprintf$8) refers to printf8.o(i._printf_core) for _printf_core
    printf8.o(i.__0vsprintf$8) refers to printf8.o(i._sputc) for _sputc
    printf8.o(i._printf_core) refers to printf8.o(i._printf_pre_padding) for _printf_pre_padding
    printf8.o(i._printf_core) refers to uldiv.o(.text) for __aeabi_uldivmod
    printf8.o(i._printf_core) refers to printf8.o(i._printf_post_padding) for _printf_post_padding
    printfa.o(i.__0fprintf) refers (Special) to iusefp.o(.text) for __I$use$fp
    printfa.o(i.__0fprintf) refers to printfa.o(i._printf_core) for _printf_core
    printfa.o(i.__0fprintf) refers to lto-llvm-d75d8d.o(.text.fputc) for fputc
    printfa.o(i.__0printf) refers (Special) to iusefp.o(.text) for __I$use$fp
    printfa.o(i.__0printf) refers to printfa.o(i._printf_core) for _printf_core
    printfa.o(i.__0printf) refers to lto-llvm-d75d8d.o(.text.fputc) for fputc
    printfa.o(i.__0printf) refers to stdout.o(.data) for __stdout
    printfa.o(i.__0snprintf) refers (Special) to iusefp.o(.text) for __I$use$fp
    printfa.o(i.__0snprintf) refers to printfa.o(i._printf_core) for _printf_core
    printfa.o(i.__0snprintf) refers to printfa.o(i._snputc) for _snputc
    printfa.o(i.__0sprintf) refers (Special) to iusefp.o(.text) for __I$use$fp
    printfa.o(i.__0sprintf) refers to printfa.o(i._printf_core) for _printf_core
    printfa.o(i.__0sprintf) refers to printfa.o(i._sputc) for _sputc
    printfa.o(i.__0vfprintf) refers (Special) to iusefp.o(.text) for __I$use$fp
    printfa.o(i.__0vfprintf) refers to printfa.o(i._printf_core) for _printf_core
    printfa.o(i.__0vfprintf) refers to lto-llvm-d75d8d.o(.text.fputc) for fputc
    printfa.o(i.__0vprintf) refers (Special) to iusefp.o(.text) for __I$use$fp
    printfa.o(i.__0vprintf) refers to printfa.o(i._printf_core) for _printf_core
    printfa.o(i.__0vprintf) refers to lto-llvm-d75d8d.o(.text.fputc) for fputc
    printfa.o(i.__0vprintf) refers to stdout.o(.data) for __stdout
    printfa.o(i.__0vsnprintf) refers (Special) to iusefp.o(.text) for __I$use$fp
    printfa.o(i.__0vsnprintf) refers to printfa.o(i._printf_core) for _printf_core
    printfa.o(i.__0vsnprintf) refers to printfa.o(i._snputc) for _snputc
    printfa.o(i.__0vsprintf) refers (Special) to iusefp.o(.text) for __I$use$fp
    printfa.o(i.__0vsprintf) refers to printfa.o(i._printf_core) for _printf_core
    printfa.o(i.__0vsprintf) refers to printfa.o(i._sputc) for _sputc
    printfa.o(i._fp_digits) refers (Special) to iusefp.o(.text) for __I$use$fp
    printfa.o(i._fp_digits) refers to dmul.o(.text) for __aeabi_dmul
    printfa.o(i._fp_digits) refers to ddiv.o(.text) for __aeabi_ddiv
    printfa.o(i._fp_digits) refers to cdrcmple.o(.text) for __aeabi_cdrcmple
    printfa.o(i._fp_digits) refers to dadd.o(.text) for __aeabi_dadd
    printfa.o(i._fp_digits) refers to dfixul.o(.text) for __aeabi_d2ulz
    printfa.o(i._fp_digits) refers to uldiv.o(.text) for __aeabi_uldivmod
    printfa.o(i._printf_core) refers (Special) to iusefp.o(.text) for __I$use$fp
    printfa.o(i._printf_core) refers to printfa.o(i._printf_pre_padding) for _printf_pre_padding
    printfa.o(i._printf_core) refers to uldiv.o(.text) for __aeabi_uldivmod
    printfa.o(i._printf_core) refers to printfa.o(i._printf_post_padding) for _printf_post_padding
    printfa.o(i._printf_core) refers to printfa.o(i._fp_digits) for _fp_digits
    printfa.o(i._printf_core) refers to uidiv.o(.text) for __aeabi_uidivmod
    printfa.o(i._printf_post_padding) refers (Special) to iusefp.o(.text) for __I$use$fp
    printfa.o(i._printf_pre_padding) refers (Special) to iusefp.o(.text) for __I$use$fp
    printfa.o(i._snputc) refers (Special) to iusefp.o(.text) for __I$use$fp
    printfa.o(i._sputc) refers (Special) to iusefp.o(.text) for __I$use$fp
    entry2.o(.ARM.Collect$$$$00000001) refers to entry2.o(.ARM.Collect$$$$00002712) for __lit__00000000
    entry2.o(.ARM.Collect$$$$00002712) refers to startup_gd32f450_470.o(STACK) for __initial_sp
    entry2.o(__vectab_stack_and_reset_area) refers to startup_gd32f450_470.o(STACK) for __initial_sp
    entry2.o(__vectab_stack_and_reset_area) refers to entry.o(.ARM.Collect$$$$00000000) for __main
    entry5.o(.ARM.Collect$$$$00000004) refers to init.o(.text) for __scatterload
    entry9a.o(.ARM.Collect$$$$0000000B) refers to lto-llvm-d75d8d.o(.text.main) for main
    entry9b.o(.ARM.Collect$$$$0000000C) refers to lto-llvm-d75d8d.o(.text.main) for main
    uldiv.o(.text) refers to llushr.o(.text) for __aeabi_llsr
    uldiv.o(.text) refers to llshl.o(.text) for __aeabi_llsl
    dadd.o(.text) refers (Special) to iusefp.o(.text) for __I$use$fp
    dadd.o(.text) refers to llshl.o(.text) for __aeabi_llsl
    dadd.o(.text) refers to llsshr.o(.text) for __aeabi_lasr
    dadd.o(.text) refers to depilogue.o(.text) for _double_epilogue
    dmul.o(.text) refers (Special) to iusefp.o(.text) for __I$use$fp
    dmul.o(.text) refers to depilogue.o(.text) for _double_epilogue
    ddiv.o(.text) refers (Special) to iusefp.o(.text) for __I$use$fp
    ddiv.o(.text) refers to depilogue.o(.text) for _double_round
    dfixul.o(.text) refers (Special) to iusefp.o(.text) for __I$use$fp
    dfixul.o(.text) refers to llushr.o(.text) for __aeabi_llsr
    dfixul.o(.text) refers to llshl.o(.text) for __aeabi_llsl
    cdrcmple.o(.text) refers (Special) to iusefp.o(.text) for __I$use$fp
    init.o(.text) refers to entry5.o(.ARM.Collect$$$$00000004) for __main_after_scatterload
    depilogue.o(.text) refers (Special) to iusefp.o(.text) for __I$use$fp
    depilogue.o(.text) refers to llshl.o(.text) for __aeabi_llsl
    depilogue.o(.text) refers to llushr.o(.text) for __aeabi_llsr
    lto-llvm-d75d8d.o(.text.handle_bus_voltage) refers to lto-llvm-d75d8d.o(.text.Ina226_ReadRegister) for Ina226_ReadRegister
    lto-llvm-d75d8d.o(.text.handle_bus_voltage) refers to f2d.o(.text) for __aeabi_f2d
    lto-llvm-d75d8d.o(.text.handle_bus_voltage) refers to lto-llvm-d75d8d.o(.bss) for send_buffer
    lto-llvm-d75d8d.o(.text.handle_bus_voltage) refers to printfa.o(i.__0sprintf) for __2sprintf
    lto-llvm-d75d8d.o(.ARM.exidx.text.handle_bus_voltage) refers to lto-llvm-d75d8d.o(.text.handle_bus_voltage) for [Anonymous Symbol]
    lto-llvm-d75d8d.o(.text.handle_current) refers to lto-llvm-d75d8d.o(.text.Ina226_ReadRegister) for Ina226_ReadRegister
    lto-llvm-d75d8d.o(.text.handle_current) refers to f2d.o(.text) for __aeabi_f2d
    lto-llvm-d75d8d.o(.text.handle_current) refers to lto-llvm-d75d8d.o(.bss) for send_buffer
    lto-llvm-d75d8d.o(.text.handle_current) refers to printfa.o(i.__0sprintf) for __2sprintf
    lto-llvm-d75d8d.o(.ARM.exidx.text.handle_current) refers to lto-llvm-d75d8d.o(.text.handle_current) for [Anonymous Symbol]
    lto-llvm-d75d8d.o(.text.handle_shunt_voltage) refers to lto-llvm-d75d8d.o(.text.Ina226_ReadRegister) for Ina226_ReadRegister
    lto-llvm-d75d8d.o(.text.handle_shunt_voltage) refers to f2d.o(.text) for __aeabi_f2d
    lto-llvm-d75d8d.o(.text.handle_shunt_voltage) refers to lto-llvm-d75d8d.o(.bss) for send_buffer
    lto-llvm-d75d8d.o(.text.handle_shunt_voltage) refers to printfa.o(i.__0sprintf) for __2sprintf
    lto-llvm-d75d8d.o(.ARM.exidx.text.handle_shunt_voltage) refers to lto-llvm-d75d8d.o(.text.handle_shunt_voltage) for [Anonymous Symbol]
    lto-llvm-d75d8d.o(.text.handle_power) refers to lto-llvm-d75d8d.o(.text.Ina226_ReadRegister) for Ina226_ReadRegister
    lto-llvm-d75d8d.o(.text.handle_power) refers to lto-llvm-d75d8d.o(.bss) for send_buffer
    lto-llvm-d75d8d.o(.text.handle_power) refers to printfa.o(i.__0sprintf) for __2sprintf
    lto-llvm-d75d8d.o(.ARM.exidx.text.handle_power) refers to lto-llvm-d75d8d.o(.text.handle_power) for [Anonymous Symbol]
    lto-llvm-d75d8d.o(.text.handle_unlock_alert) refers to lto-llvm-d75d8d.o(.text.Ina226_ReadRegister) for Ina226_ReadRegister
    lto-llvm-d75d8d.o(.text.handle_unlock_alert) refers to lto-llvm-d75d8d.o(.bss) for send_buffer
    lto-llvm-d75d8d.o(.ARM.exidx.text.handle_unlock_alert) refers to lto-llvm-d75d8d.o(.text.handle_unlock_alert) for [Anonymous Symbol]
    lto-llvm-d75d8d.o(.text.handle_manufacturer_id) refers to lto-llvm-d75d8d.o(.text.Ina226_ReadRegister) for Ina226_ReadRegister
    lto-llvm-d75d8d.o(.text.handle_manufacturer_id) refers to lto-llvm-d75d8d.o(.bss) for send_buffer
    lto-llvm-d75d8d.o(.text.handle_manufacturer_id) refers to printfa.o(i.__0sprintf) for __2sprintf
    lto-llvm-d75d8d.o(.ARM.exidx.text.handle_manufacturer_id) refers to lto-llvm-d75d8d.o(.text.handle_manufacturer_id) for [Anonymous Symbol]
    lto-llvm-d75d8d.o(.text.handle_die_id) refers to lto-llvm-d75d8d.o(.text.Ina226_ReadRegister) for Ina226_ReadRegister
    lto-llvm-d75d8d.o(.text.handle_die_id) refers to lto-llvm-d75d8d.o(.bss) for send_buffer
    lto-llvm-d75d8d.o(.text.handle_die_id) refers to printfa.o(i.__0sprintf) for __2sprintf
    lto-llvm-d75d8d.o(.ARM.exidx.text.handle_die_id) refers to lto-llvm-d75d8d.o(.text.handle_die_id) for [Anonymous Symbol]
    lto-llvm-d75d8d.o(.ARM.exidx.text.SystemInit) refers to lto-llvm-d75d8d.o(.text.SystemInit) for [Anonymous Symbol]
    lto-llvm-d75d8d.o(.ARM.exidx.text.gpio_mode_set) refers to lto-llvm-d75d8d.o(.text.gpio_mode_set) for [Anonymous Symbol]
    lto-llvm-d75d8d.o(.ARM.exidx.text.gpio_output_options_set) refers to lto-llvm-d75d8d.o(.text.gpio_output_options_set) for [Anonymous Symbol]
    lto-llvm-d75d8d.o(.text.usart_baudrate_set) refers to lto-llvm-d75d8d.o(.rodata.cst8) for .L__const.rcu_clock_freq_get.apb2_exp
    lto-llvm-d75d8d.o(.ARM.exidx.text.usart_baudrate_set) refers to lto-llvm-d75d8d.o(.text.usart_baudrate_set) for [Anonymous Symbol]
    lto-llvm-d75d8d.o(.text.CAN1_RX1_IRQHandler) refers to puts.o(i.puts) for puts
    lto-llvm-d75d8d.o(.ARM.exidx.text.CAN1_RX1_IRQHandler) refers to lto-llvm-d75d8d.o(.text.CAN1_RX1_IRQHandler) for [Anonymous Symbol]
    lto-llvm-d75d8d.o(.ARM.exidx.text.fputc) refers to lto-llvm-d75d8d.o(.text.fputc) for [Anonymous Symbol]
    lto-llvm-d75d8d.o(.text.USART0_IRQHandler) refers to lto-llvm-d75d8d.o(.bss) for USART0_IRQHandler.Temp_Recevice_Buffer
    lto-llvm-d75d8d.o(.text.USART0_IRQHandler) refers to memseta.o(.text) for __aeabi_memclr4
    lto-llvm-d75d8d.o(.text.USART0_IRQHandler) refers to memchr.o(.text) for memchr
    lto-llvm-d75d8d.o(.text.USART0_IRQHandler) refers to memcpya.o(.text) for __aeabi_memcpy
    lto-llvm-d75d8d.o(.ARM.exidx.text.USART0_IRQHandler) refers to lto-llvm-d75d8d.o(.text.USART0_IRQHandler) for [Anonymous Symbol]
    lto-llvm-d75d8d.o(.text.Ina226_ReadRegister) refers to lto-llvm-d75d8d.o(.text.Soft_I2C_Start) for Soft_I2C_Start
    lto-llvm-d75d8d.o(.text.Ina226_ReadRegister) refers to lto-llvm-d75d8d.o(.text.Soft_I2C_WriteByte) for Soft_I2C_WriteByte
    lto-llvm-d75d8d.o(.text.Ina226_ReadRegister) refers to lto-llvm-d75d8d.o(.text.Soft_I2C_ReceiveAck) for Soft_I2C_ReceiveAck
    lto-llvm-d75d8d.o(.text.Ina226_ReadRegister) refers to lto-llvm-d75d8d.o(.text.Soft_I2C_ReceiveByte) for Soft_I2C_ReceiveByte
    lto-llvm-d75d8d.o(.text.Ina226_ReadRegister) refers to lto-llvm-d75d8d.o(.bss) for INA226_i2C
    lto-llvm-d75d8d.o(.ARM.exidx.text.Ina226_ReadRegister) refers to lto-llvm-d75d8d.o(.text.Ina226_ReadRegister) for [Anonymous Symbol]
    lto-llvm-d75d8d.o(.text.Ina226_WriteRegister) refers to lto-llvm-d75d8d.o(.text.Soft_I2C_Start) for Soft_I2C_Start
    lto-llvm-d75d8d.o(.text.Ina226_WriteRegister) refers to lto-llvm-d75d8d.o(.text.Soft_I2C_WriteByte) for Soft_I2C_WriteByte
    lto-llvm-d75d8d.o(.text.Ina226_WriteRegister) refers to lto-llvm-d75d8d.o(.text.Soft_I2C_ReceiveAck) for Soft_I2C_ReceiveAck
    lto-llvm-d75d8d.o(.text.Ina226_WriteRegister) refers to lto-llvm-d75d8d.o(.bss) for INA226_i2C
    lto-llvm-d75d8d.o(.ARM.exidx.text.Ina226_WriteRegister) refers to lto-llvm-d75d8d.o(.text.Ina226_WriteRegister) for [Anonymous Symbol]
    lto-llvm-d75d8d.o(.text.USART1_IRQHandler) refers to lto-llvm-d75d8d.o(.bss) for USART1_IRQHandler.Temp_Recevice_Buffer
    lto-llvm-d75d8d.o(.text.USART1_IRQHandler) refers to memseta.o(.text) for __aeabi_memclr4
    lto-llvm-d75d8d.o(.text.USART1_IRQHandler) refers to memchr.o(.text) for memchr
    lto-llvm-d75d8d.o(.text.USART1_IRQHandler) refers to memcpya.o(.text) for __aeabi_memcpy
    lto-llvm-d75d8d.o(.ARM.exidx.text.USART1_IRQHandler) refers to lto-llvm-d75d8d.o(.text.USART1_IRQHandler) for [Anonymous Symbol]
    lto-llvm-d75d8d.o(.text.Soft_I2C_Init) refers to lto-llvm-d75d8d.o(.text.gpio_mode_set) for gpio_mode_set
    lto-llvm-d75d8d.o(.text.Soft_I2C_Init) refers to lto-llvm-d75d8d.o(.text.gpio_output_options_set) for gpio_output_options_set
    lto-llvm-d75d8d.o(.ARM.exidx.text.Soft_I2C_Init) refers to lto-llvm-d75d8d.o(.text.Soft_I2C_Init) for [Anonymous Symbol]
    lto-llvm-d75d8d.o(.text.Soft_I2C_Start) refers to lto-llvm-d75d8d.o(.bss) for INA226_i2C
    lto-llvm-d75d8d.o(.ARM.exidx.text.Soft_I2C_Start) refers to lto-llvm-d75d8d.o(.text.Soft_I2C_Start) for [Anonymous Symbol]
    lto-llvm-d75d8d.o(.text.Soft_I2C_WriteByte) refers to lto-llvm-d75d8d.o(.bss) for INA226_i2C
    lto-llvm-d75d8d.o(.ARM.exidx.text.Soft_I2C_WriteByte) refers to lto-llvm-d75d8d.o(.text.Soft_I2C_WriteByte) for [Anonymous Symbol]
    lto-llvm-d75d8d.o(.text.Soft_I2C_ReceiveByte) refers to lto-llvm-d75d8d.o(.bss) for INA226_i2C
    lto-llvm-d75d8d.o(.ARM.exidx.text.Soft_I2C_ReceiveByte) refers to lto-llvm-d75d8d.o(.text.Soft_I2C_ReceiveByte) for [Anonymous Symbol]
    lto-llvm-d75d8d.o(.text.Soft_I2C_ReceiveAck) refers to lto-llvm-d75d8d.o(.bss) for INA226_i2C
    lto-llvm-d75d8d.o(.ARM.exidx.text.Soft_I2C_ReceiveAck) refers to lto-llvm-d75d8d.o(.text.Soft_I2C_ReceiveAck) for [Anonymous Symbol]
    lto-llvm-d75d8d.o(.ARM.exidx.text.NMI_Handler) refers to lto-llvm-d75d8d.o(.text.NMI_Handler) for [Anonymous Symbol]
    lto-llvm-d75d8d.o(.ARM.exidx.text.HardFault_Handler) refers to lto-llvm-d75d8d.o(.text.HardFault_Handler) for [Anonymous Symbol]
    lto-llvm-d75d8d.o(.ARM.exidx.text.MemManage_Handler) refers to lto-llvm-d75d8d.o(.text.MemManage_Handler) for [Anonymous Symbol]
    lto-llvm-d75d8d.o(.ARM.exidx.text.BusFault_Handler) refers to lto-llvm-d75d8d.o(.text.BusFault_Handler) for [Anonymous Symbol]
    lto-llvm-d75d8d.o(.ARM.exidx.text.UsageFault_Handler) refers to lto-llvm-d75d8d.o(.text.UsageFault_Handler) for [Anonymous Symbol]
    lto-llvm-d75d8d.o(.ARM.exidx.text.SVC_Handler) refers to lto-llvm-d75d8d.o(.text.SVC_Handler) for [Anonymous Symbol]
    lto-llvm-d75d8d.o(.ARM.exidx.text.DebugMon_Handler) refers to lto-llvm-d75d8d.o(.text.DebugMon_Handler) for [Anonymous Symbol]
    lto-llvm-d75d8d.o(.ARM.exidx.text.PendSV_Handler) refers to lto-llvm-d75d8d.o(.text.PendSV_Handler) for [Anonymous Symbol]
    lto-llvm-d75d8d.o(.text.SysTick_Handler) refers to lto-llvm-d75d8d.o(.bss) for delay
    lto-llvm-d75d8d.o(.ARM.exidx.text.SysTick_Handler) refers to lto-llvm-d75d8d.o(.text.SysTick_Handler) for [Anonymous Symbol]
    lto-llvm-d75d8d.o(.text.main) refers to lto-llvm-d75d8d.o(.bss) for INA226_i2C
    lto-llvm-d75d8d.o(.text.main) refers to lto-llvm-d75d8d.o(.text.Soft_I2C_Init) for Soft_I2C_Init
    lto-llvm-d75d8d.o(.text.main) refers to lto-llvm-d75d8d.o(.text.gpio_mode_set) for gpio_mode_set
    lto-llvm-d75d8d.o(.text.main) refers to lto-llvm-d75d8d.o(.text.Ina226_WriteRegister) for Ina226_WriteRegister
    lto-llvm-d75d8d.o(.text.main) refers to lto-llvm-d75d8d.o(.text.gpio_output_options_set) for gpio_output_options_set
    lto-llvm-d75d8d.o(.text.main) refers to lto-llvm-d75d8d.o(.text.usart_baudrate_set) for usart_baudrate_set
    lto-llvm-d75d8d.o(.text.main) refers to lto-llvm-d75d8d.o(.text.Ina226_ReadRegister) for Ina226_ReadRegister
    lto-llvm-d75d8d.o(.text.main) refers to strlen.o(.text) for strlen
    lto-llvm-d75d8d.o(.text.main) refers to memcpya.o(.text) for __aeabi_memcpy
    lto-llvm-d75d8d.o(.text.main) refers to memseta.o(.text) for __aeabi_memclr
    lto-llvm-d75d8d.o(.text.main) refers to lto-llvm-d75d8d.o(.rodata.str1.1) for .L.str.1
    lto-llvm-d75d8d.o(.text.main) refers to memcmp.o(.text) for memcmp
    lto-llvm-d75d8d.o(.text.main) refers to lto-llvm-d75d8d.o(.rodata) for channel_cmd
    lto-llvm-d75d8d.o(.text.main) refers to printfa.o(i.__0sprintf) for __2sprintf
    lto-llvm-d75d8d.o(.text.main) refers to lto-llvm-d75d8d.o(.text.handle_bus_voltage) for handle_bus_voltage
    lto-llvm-d75d8d.o(.text.main) refers to lto-llvm-d75d8d.o(.text.handle_current) for handle_current
    lto-llvm-d75d8d.o(.text.main) refers to lto-llvm-d75d8d.o(.text.handle_shunt_voltage) for handle_shunt_voltage
    lto-llvm-d75d8d.o(.text.main) refers to lto-llvm-d75d8d.o(.text.handle_power) for handle_power
    lto-llvm-d75d8d.o(.text.main) refers to lto-llvm-d75d8d.o(.text.handle_unlock_alert) for handle_unlock_alert
    lto-llvm-d75d8d.o(.text.main) refers to lto-llvm-d75d8d.o(.text.handle_manufacturer_id) for handle_manufacturer_id
    lto-llvm-d75d8d.o(.text.main) refers to lto-llvm-d75d8d.o(.text.handle_die_id) for handle_die_id
    lto-llvm-d75d8d.o(.ARM.exidx.text.main) refers to lto-llvm-d75d8d.o(.text.main) for [Anonymous Symbol]
    lto-llvm-d75d8d.o(.rodata) refers to lto-llvm-d75d8d.o(.rodata.str1.1) for [Anonymous Symbol]
    f2d.o(.text) refers (Special) to iusefp.o(.text) for __I$use$fp


==============================================================================

Removing Unused input sections from the image.

    Removing startup_gd32f450_470.o(HEAP), (1024 bytes).
    Removing lto-llvm-d75d8d.o(.text), (0 bytes).
    Removing lto-llvm-d75d8d.o(.ARM.exidx.text.handle_bus_voltage), (8 bytes).
    Removing lto-llvm-d75d8d.o(.ARM.exidx.text.handle_current), (8 bytes).
    Removing lto-llvm-d75d8d.o(.ARM.exidx.text.handle_shunt_voltage), (8 bytes).
    Removing lto-llvm-d75d8d.o(.ARM.exidx.text.handle_power), (8 bytes).
    Removing lto-llvm-d75d8d.o(.ARM.exidx.text.handle_unlock_alert), (8 bytes).
    Removing lto-llvm-d75d8d.o(.ARM.exidx.text.handle_manufacturer_id), (8 bytes).
    Removing lto-llvm-d75d8d.o(.ARM.exidx.text.handle_die_id), (8 bytes).
    Removing lto-llvm-d75d8d.o(.ARM.exidx.text.SystemInit), (8 bytes).
    Removing lto-llvm-d75d8d.o(.ARM.exidx.text.gpio_mode_set), (8 bytes).
    Removing lto-llvm-d75d8d.o(.ARM.exidx.text.gpio_output_options_set), (8 bytes).
    Removing lto-llvm-d75d8d.o(.ARM.exidx.text.usart_baudrate_set), (8 bytes).
    Removing lto-llvm-d75d8d.o(.ARM.exidx.text.CAN1_RX1_IRQHandler), (8 bytes).
    Removing lto-llvm-d75d8d.o(.ARM.exidx.text.fputc), (8 bytes).
    Removing lto-llvm-d75d8d.o(.ARM.exidx.text.USART0_IRQHandler), (8 bytes).
    Removing lto-llvm-d75d8d.o(.ARM.exidx.text.Ina226_ReadRegister), (8 bytes).
    Removing lto-llvm-d75d8d.o(.ARM.exidx.text.Ina226_WriteRegister), (8 bytes).
    Removing lto-llvm-d75d8d.o(.ARM.exidx.text.USART1_IRQHandler), (8 bytes).
    Removing lto-llvm-d75d8d.o(.ARM.exidx.text.Soft_I2C_Init), (8 bytes).
    Removing lto-llvm-d75d8d.o(.ARM.exidx.text.Soft_I2C_Start), (8 bytes).
    Removing lto-llvm-d75d8d.o(.ARM.exidx.text.Soft_I2C_WriteByte), (8 bytes).
    Removing lto-llvm-d75d8d.o(.ARM.exidx.text.Soft_I2C_ReceiveByte), (8 bytes).
    Removing lto-llvm-d75d8d.o(.ARM.exidx.text.Soft_I2C_ReceiveAck), (8 bytes).
    Removing lto-llvm-d75d8d.o(.ARM.exidx.text.NMI_Handler), (8 bytes).
    Removing lto-llvm-d75d8d.o(.ARM.exidx.text.HardFault_Handler), (8 bytes).
    Removing lto-llvm-d75d8d.o(.ARM.exidx.text.MemManage_Handler), (8 bytes).
    Removing lto-llvm-d75d8d.o(.ARM.exidx.text.BusFault_Handler), (8 bytes).
    Removing lto-llvm-d75d8d.o(.ARM.exidx.text.UsageFault_Handler), (8 bytes).
    Removing lto-llvm-d75d8d.o(.ARM.exidx.text.SVC_Handler), (8 bytes).
    Removing lto-llvm-d75d8d.o(.ARM.exidx.text.DebugMon_Handler), (8 bytes).
    Removing lto-llvm-d75d8d.o(.ARM.exidx.text.PendSV_Handler), (8 bytes).
    Removing lto-llvm-d75d8d.o(.ARM.exidx.text.SysTick_Handler), (8 bytes).
    Removing lto-llvm-d75d8d.o(.ARM.exidx.text.main), (8 bytes).
    Removing lto-llvm-d75d8d.o(.rodata.str1.4), (48 bytes).
    Removing lto-llvm-d75d8d.o(.ARM.use_no_argv), (4 bytes).

36 unused section(s) (total 1332 bytes) removed from the image.

==============================================================================

Image Symbol Table

    Local Symbols

    Symbol Name                              Value     Ov Type        Size  Object(Section)

    ../clib/division.s                       0x00000000   Number         0  aeabi_sdiv.o ABSOLUTE
    ../clib/microlib/division.c              0x00000000   Number         0  uidiv.o ABSOLUTE
    ../clib/microlib/division.c              0x00000000   Number         0  uldiv.o ABSOLUTE
    ../clib/microlib/init/entry.s            0x00000000   Number         0  entry.o ABSOLUTE
    ../clib/microlib/init/entry.s            0x00000000   Number         0  entry2.o ABSOLUTE
    ../clib/microlib/init/entry.s            0x00000000   Number         0  entry5.o ABSOLUTE
    ../clib/microlib/init/entry.s            0x00000000   Number         0  entry7a.o ABSOLUTE
    ../clib/microlib/init/entry.s            0x00000000   Number         0  entry7b.o ABSOLUTE
    ../clib/microlib/init/entry.s            0x00000000   Number         0  entry8a.o ABSOLUTE
    ../clib/microlib/init/entry.s            0x00000000   Number         0  entry8b.o ABSOLUTE
    ../clib/microlib/init/entry.s            0x00000000   Number         0  entry9a.o ABSOLUTE
    ../clib/microlib/init/entry.s            0x00000000   Number         0  entry9b.o ABSOLUTE
    ../clib/microlib/init/entry.s            0x00000000   Number         0  entry10a.o ABSOLUTE
    ../clib/microlib/init/entry.s            0x00000000   Number         0  entry10b.o ABSOLUTE
    ../clib/microlib/init/entry.s            0x00000000   Number         0  entry11a.o ABSOLUTE
    ../clib/microlib/init/entry.s            0x00000000   Number         0  entry11b.o ABSOLUTE
    ../clib/microlib/longlong.c              0x00000000   Number         0  llshl.o ABSOLUTE
    ../clib/microlib/longlong.c              0x00000000   Number         0  llushr.o ABSOLUTE
    ../clib/microlib/longlong.c              0x00000000   Number         0  llsshr.o ABSOLUTE
    ../clib/microlib/printf/printf.c         0x00000000   Number         0  printfb.o ABSOLUTE
    ../clib/microlib/printf/printf.c         0x00000000   Number         0  printf0.o ABSOLUTE
    ../clib/microlib/printf/printf.c         0x00000000   Number         0  printf1.o ABSOLUTE
    ../clib/microlib/printf/printf.c         0x00000000   Number         0  printf2.o ABSOLUTE
    ../clib/microlib/printf/printf.c         0x00000000   Number         0  printf3.o ABSOLUTE
    ../clib/microlib/printf/printf.c         0x00000000   Number         0  printf4.o ABSOLUTE
    ../clib/microlib/printf/printf.c         0x00000000   Number         0  printf5.o ABSOLUTE
    ../clib/microlib/printf/printf.c         0x00000000   Number         0  printf6.o ABSOLUTE
    ../clib/microlib/printf/printf.c         0x00000000   Number         0  printf7.o ABSOLUTE
    ../clib/microlib/printf/printf.c         0x00000000   Number         0  printf8.o ABSOLUTE
    ../clib/microlib/printf/printf.c         0x00000000   Number         0  printfa.o ABSOLUTE
    ../clib/microlib/printf/stubs.s          0x00000000   Number         0  printfstubs.o ABSOLUTE
    ../clib/microlib/stdio/puts.c            0x00000000   Number         0  puts.o ABSOLUTE
    ../clib/microlib/stdio/puts.c            0x00000000   Number         0  puts_e.o ABSOLUTE
    ../clib/microlib/stdio/streams.c         0x00000000   Number         0  stdout.o ABSOLUTE
    ../clib/microlib/string/memchr.c         0x00000000   Number         0  memchr.o ABSOLUTE
    ../clib/microlib/string/memcmp.c         0x00000000   Number         0  memcmp.o ABSOLUTE
    ../clib/microlib/string/memcpy.c         0x00000000   Number         0  memcpya.o ABSOLUTE
    ../clib/microlib/string/memcpy.c         0x00000000   Number         0  memcpyb.o ABSOLUTE
    ../clib/microlib/string/memset.c         0x00000000   Number         0  memseta.o ABSOLUTE
    ../clib/microlib/string/strcmp.c         0x00000000   Number         0  strcmp.o ABSOLUTE
    ../clib/microlib/string/strcpy.c         0x00000000   Number         0  strcpy.o ABSOLUTE
    ../clib/microlib/string/strlen.c         0x00000000   Number         0  strlen.o ABSOLUTE
    ../clib/microlib/stubs.s                 0x00000000   Number         0  iusefp.o ABSOLUTE
    ../fplib/microlib/f2d.c                  0x00000000   Number         0  f2d.o ABSOLUTE
    ../fplib/microlib/fpadd.c                0x00000000   Number         0  dadd.o ABSOLUTE
    ../fplib/microlib/fpdiv.c                0x00000000   Number         0  ddiv.o ABSOLUTE
    ../fplib/microlib/fpepilogue.c           0x00000000   Number         0  depilogue.o ABSOLUTE
    ../fplib/microlib/fpfix.c                0x00000000   Number         0  dfixul.o ABSOLUTE
    ../fplib/microlib/fpmul.c                0x00000000   Number         0  dmul.o ABSOLUTE
    ./../Firmware/CMSIS/GD/GD32F4xx/Source/ARM/startup_gd32f450_470.s 0x00000000   Number         0  startup_gd32f450_470.o ABSOLUTE
    cdrcmple.s                               0x00000000   Number         0  cdrcmple.o ABSOLUTE
    dc.s                                     0x00000000   Number         0  dc.o ABSOLUTE
    handlers.s                               0x00000000   Number         0  handlers.o ABSOLUTE
    init.s                                   0x00000000   Number         0  init.o ABSOLUTE
    ld-temp.o                                0x00000000   Number         0  lto-llvm-d75d8d.o ABSOLUTE
    RESET                                    0x08000000   Section      428  startup_gd32f450_470.o(RESET)
    .ARM.Collect$$$$00000000                 0x080001ac   Section        0  entry.o(.ARM.Collect$$$$00000000)
    .ARM.Collect$$$$00000001                 0x080001ac   Section        4  entry2.o(.ARM.Collect$$$$00000001)
    .ARM.Collect$$$$00000004                 0x080001b0   Section        4  entry5.o(.ARM.Collect$$$$00000004)
    .ARM.Collect$$$$00000008                 0x080001b4   Section        0  entry7b.o(.ARM.Collect$$$$00000008)
    .ARM.Collect$$$$0000000A                 0x080001b4   Section        0  entry8b.o(.ARM.Collect$$$$0000000A)
    .ARM.Collect$$$$0000000B                 0x080001b4   Section        8  entry9a.o(.ARM.Collect$$$$0000000B)
    __lit__00000000                          0x080001bc   Data           4  entry2.o(.ARM.Collect$$$$00002712)
    .ARM.Collect$$$$0000000D                 0x080001bc   Section        0  entry10a.o(.ARM.Collect$$$$0000000D)
    .ARM.Collect$$$$0000000F                 0x080001bc   Section        0  entry11a.o(.ARM.Collect$$$$0000000F)
    .ARM.Collect$$$$00002712                 0x080001bc   Section        4  entry2.o(.ARM.Collect$$$$00002712)
    $v0                                      0x080001c0   Number         0  startup_gd32f450_470.o(.text)
    .text                                    0x080001c0   Section       36  startup_gd32f450_470.o(.text)
    .text                                    0x080001e4   Section        0  strlen.o(.text)
    .text                                    0x080001f2   Section        0  memchr.o(.text)
    .text                                    0x08000206   Section        0  memcmp.o(.text)
    .text                                    0x08000220   Section        0  uidiv.o(.text)
    .text                                    0x0800024c   Section        0  uldiv.o(.text)
    .text                                    0x080002ae   Section        0  iusefp.o(.text)
    .text                                    0x080002ae   Section        0  dadd.o(.text)
    .text                                    0x080003fc   Section        0  dmul.o(.text)
    .text                                    0x080004e0   Section        0  ddiv.o(.text)
    .text                                    0x080005be   Section        0  dfixul.o(.text)
    .text                                    0x080005f0   Section       48  cdrcmple.o(.text)
    .text                                    0x08000620   Section       36  init.o(.text)
    .text                                    0x08000644   Section        0  llshl.o(.text)
    .text                                    0x08000662   Section        0  llushr.o(.text)
    .text                                    0x08000682   Section        0  llsshr.o(.text)
    .text                                    0x080006a6   Section        0  depilogue.o(.text)
    .text                                    0x08000760   Section        0  memcpya.o(.text)
    .text                                    0x08000784   Section        0  memseta.o(.text)
    .text                                    0x080007a8   Section        0  f2d.o(.text)
    [Anonymous Symbol]                       0x080007d0   Section        0  lto-llvm-d75d8d.o(.text.BusFault_Handler)
    [Anonymous Symbol]                       0x080007d4   Section        0  lto-llvm-d75d8d.o(.text.CAN1_RX1_IRQHandler)
    [Anonymous Symbol]                       0x08000870   Section        0  lto-llvm-d75d8d.o(.text.DebugMon_Handler)
    [Anonymous Symbol]                       0x08000874   Section        0  lto-llvm-d75d8d.o(.text.HardFault_Handler)
    Ina226_ReadRegister                      0x08000879   Thumb Code   286  lto-llvm-d75d8d.o(.text.Ina226_ReadRegister)
    [Anonymous Symbol]                       0x08000878   Section        0  lto-llvm-d75d8d.o(.text.Ina226_ReadRegister)
    Ina226_WriteRegister                     0x08000999   Thumb Code   168  lto-llvm-d75d8d.o(.text.Ina226_WriteRegister)
    [Anonymous Symbol]                       0x08000998   Section        0  lto-llvm-d75d8d.o(.text.Ina226_WriteRegister)
    [Anonymous Symbol]                       0x08000a40   Section        0  lto-llvm-d75d8d.o(.text.MemManage_Handler)
    [Anonymous Symbol]                       0x08000a44   Section        0  lto-llvm-d75d8d.o(.text.NMI_Handler)
    [Anonymous Symbol]                       0x08000a48   Section        0  lto-llvm-d75d8d.o(.text.PendSV_Handler)
    [Anonymous Symbol]                       0x08000a4c   Section        0  lto-llvm-d75d8d.o(.text.SVC_Handler)
    Soft_I2C_Init                            0x08000a51   Thumb Code   464  lto-llvm-d75d8d.o(.text.Soft_I2C_Init)
    [Anonymous Symbol]                       0x08000a50   Section        0  lto-llvm-d75d8d.o(.text.Soft_I2C_Init)
    Soft_I2C_ReceiveAck                      0x08000c21   Thumb Code   144  lto-llvm-d75d8d.o(.text.Soft_I2C_ReceiveAck)
    [Anonymous Symbol]                       0x08000c20   Section        0  lto-llvm-d75d8d.o(.text.Soft_I2C_ReceiveAck)
    Soft_I2C_ReceiveByte                     0x08000cb1   Thumb Code   192  lto-llvm-d75d8d.o(.text.Soft_I2C_ReceiveByte)
    [Anonymous Symbol]                       0x08000cb0   Section        0  lto-llvm-d75d8d.o(.text.Soft_I2C_ReceiveByte)
    Soft_I2C_Start                           0x08000d71   Thumb Code   148  lto-llvm-d75d8d.o(.text.Soft_I2C_Start)
    [Anonymous Symbol]                       0x08000d70   Section        0  lto-llvm-d75d8d.o(.text.Soft_I2C_Start)
    Soft_I2C_WriteByte                       0x08000e05   Thumb Code   242  lto-llvm-d75d8d.o(.text.Soft_I2C_WriteByte)
    [Anonymous Symbol]                       0x08000e04   Section        0  lto-llvm-d75d8d.o(.text.Soft_I2C_WriteByte)
    [Anonymous Symbol]                       0x08000ef8   Section        0  lto-llvm-d75d8d.o(.text.SysTick_Handler)
    [Anonymous Symbol]                       0x08000f10   Section        0  lto-llvm-d75d8d.o(.text.SystemInit)
    [Anonymous Symbol]                       0x08001138   Section        0  lto-llvm-d75d8d.o(.text.USART0_IRQHandler)
    [Anonymous Symbol]                       0x08001418   Section        0  lto-llvm-d75d8d.o(.text.USART1_IRQHandler)
    [Anonymous Symbol]                       0x0800161c   Section        0  lto-llvm-d75d8d.o(.text.UsageFault_Handler)
    [Anonymous Symbol]                       0x08001620   Section        0  lto-llvm-d75d8d.o(.text.fputc)
    gpio_mode_set                            0x0800166d   Thumb Code   376  lto-llvm-d75d8d.o(.text.gpio_mode_set)
    [Anonymous Symbol]                       0x0800166c   Section        0  lto-llvm-d75d8d.o(.text.gpio_mode_set)
    gpio_output_options_set                  0x080017e5   Thumb Code   244  lto-llvm-d75d8d.o(.text.gpio_output_options_set)
    [Anonymous Symbol]                       0x080017e4   Section        0  lto-llvm-d75d8d.o(.text.gpio_output_options_set)
    handle_bus_voltage                       0x080018d9   Thumb Code    64  lto-llvm-d75d8d.o(.text.handle_bus_voltage)
    [Anonymous Symbol]                       0x080018d8   Section        0  lto-llvm-d75d8d.o(.text.handle_bus_voltage)
    handle_current                           0x08001931   Thumb Code    56  lto-llvm-d75d8d.o(.text.handle_current)
    [Anonymous Symbol]                       0x08001930   Section        0  lto-llvm-d75d8d.o(.text.handle_current)
    handle_die_id                            0x08001981   Thumb Code    28  lto-llvm-d75d8d.o(.text.handle_die_id)
    [Anonymous Symbol]                       0x08001980   Section        0  lto-llvm-d75d8d.o(.text.handle_die_id)
    handle_manufacturer_id                   0x080019ad   Thumb Code    28  lto-llvm-d75d8d.o(.text.handle_manufacturer_id)
    [Anonymous Symbol]                       0x080019ac   Section        0  lto-llvm-d75d8d.o(.text.handle_manufacturer_id)
    handle_power                             0x080019e5   Thumb Code    52  lto-llvm-d75d8d.o(.text.handle_power)
    [Anonymous Symbol]                       0x080019e4   Section        0  lto-llvm-d75d8d.o(.text.handle_power)
    handle_shunt_voltage                     0x08001a31   Thumb Code    60  lto-llvm-d75d8d.o(.text.handle_shunt_voltage)
    [Anonymous Symbol]                       0x08001a30   Section        0  lto-llvm-d75d8d.o(.text.handle_shunt_voltage)
    handle_unlock_alert                      0x08001a89   Thumb Code    58  lto-llvm-d75d8d.o(.text.handle_unlock_alert)
    [Anonymous Symbol]                       0x08001a88   Section        0  lto-llvm-d75d8d.o(.text.handle_unlock_alert)
    [Anonymous Symbol]                       0x08001ac4   Section        0  lto-llvm-d75d8d.o(.text.main)
    cmd_table                                0x08002204   Number         0  lto-llvm-d75d8d.o(.text.main)
    usart_baudrate_set                       0x0800223d   Thumb Code   344  lto-llvm-d75d8d.o(.text.usart_baudrate_set)
    [Anonymous Symbol]                       0x0800223c   Section        0  lto-llvm-d75d8d.o(.text.usart_baudrate_set)
    i.__0sprintf                             0x080023a4   Section        0  printfa.o(i.__0sprintf)
    i.__scatterload_copy                     0x080023cc   Section       14  handlers.o(i.__scatterload_copy)
    i.__scatterload_null                     0x080023da   Section        2  handlers.o(i.__scatterload_null)
    i.__scatterload_zeroinit                 0x080023dc   Section       14  handlers.o(i.__scatterload_zeroinit)
    _fp_digits                               0x080023ed   Thumb Code   366  printfa.o(i._fp_digits)
    i._fp_digits                             0x080023ec   Section        0  printfa.o(i._fp_digits)
    _printf_core                             0x08002571   Thumb Code  1744  printfa.o(i._printf_core)
    i._printf_core                           0x08002570   Section        0  printfa.o(i._printf_core)
    _printf_post_padding                     0x08002c4d   Thumb Code    36  printfa.o(i._printf_post_padding)
    i._printf_post_padding                   0x08002c4c   Section        0  printfa.o(i._printf_post_padding)
    _printf_pre_padding                      0x08002c71   Thumb Code    46  printfa.o(i._printf_pre_padding)
    i._printf_pre_padding                    0x08002c70   Section        0  printfa.o(i._printf_pre_padding)
    _sputc                                   0x08002c9f   Thumb Code    10  printfa.o(i._sputc)
    i._sputc                                 0x08002c9e   Section        0  printfa.o(i._sputc)
    i.puts                                   0x08002ca8   Section        0  puts.o(i.puts)
    channel_cmd                              0x08002ccc   Data         272  lto-llvm-d75d8d.o(.rodata)
    [Anonymous Symbol]                       0x08002ccc   Section        0  lto-llvm-d75d8d.o(.rodata)
    .L__const.rcu_clock_freq_get.apb2_exp    0x08002ddc   Data           8  lto-llvm-d75d8d.o(.rodata.cst8)
    .L.str.7                                 0x08002de4   Data          13  lto-llvm-d75d8d.o(.rodata.str1.1)
    [Anonymous Symbol]                       0x08002de4   Section        0  lto-llvm-d75d8d.o(.rodata.str1.1)
    .L.str.6                                 0x08002df1   Data          22  lto-llvm-d75d8d.o(.rodata.str1.1)
    .L.str.1                                 0x08002e07   Data          18  lto-llvm-d75d8d.o(.rodata.str1.1)
    .L.str.3                                 0x08002e19   Data          20  lto-llvm-d75d8d.o(.rodata.str1.1)
    .L.str.4                                 0x08003341   Data          12  lto-llvm-d75d8d.o(.rodata.str1.1)
    .L.str.2                                 0x0800334d   Data          14  lto-llvm-d75d8d.o(.rodata.str1.1)
    .L.str.5                                 0x0800335b   Data          14  lto-llvm-d75d8d.o(.rodata.str1.1)
    .data                                    0x20000000   Section        4  stdout.o(.data)
    send_buffer                              0x20000008   Data         128  lto-llvm-d75d8d.o(.bss)
    [Anonymous Symbol]                       0x20000008   Section        0  lto-llvm-d75d8d.o(.bss)
    Debug_Receive_Buffer                     0x20000088   Data        2016  lto-llvm-d75d8d.o(.bss)
    Debug_IT_Secd_Buffer                     0x20000868   Data         130  lto-llvm-d75d8d.o(.bss)
    USART0_IRQHandler.Temp_Recevice_Buffer   0x200008ec   Data         250  lto-llvm-d75d8d.o(.bss)
    USART0_IRQHandler.Temp_Recevice_Count    0x200009e6   Data           2  lto-llvm-d75d8d.o(.bss)
    USART0_IRQHandler.Send_Count             0x200009e8   Data           1  lto-llvm-d75d8d.o(.bss)
    eepron_info                              0x200009ec   Data          12  lto-llvm-d75d8d.o(.bss)
    INA226_i2C                               0x200009f8   Data          12  lto-llvm-d75d8d.o(.bss)
    Ina226_ReadRegister.Data_Temp            0x20000a04   Data           4  lto-llvm-d75d8d.o(.bss)
    Rs485_Receive_Buffer                     0x20000a08   Data        2016  lto-llvm-d75d8d.o(.bss)
    Rs485_IT_Secd_Buffer                     0x200011e8   Data         130  lto-llvm-d75d8d.o(.bss)
    USART1_IRQHandler.Temp_Recevice_Buffer   0x2000126c   Data         250  lto-llvm-d75d8d.o(.bss)
    USART1_IRQHandler.Temp_Recevice_Count    0x20001366   Data           1  lto-llvm-d75d8d.o(.bss)
    USART1_IRQHandler.Send_Count             0x20001367   Data           1  lto-llvm-d75d8d.o(.bss)
    delay                                    0x20001368   Data           4  lto-llvm-d75d8d.o(.bss)
    STACK                                    0x20001370   Section     1024  startup_gd32f450_470.o(STACK)

    Global Symbols

    Symbol Name                              Value     Ov Type        Size  Object(Section)

    BuildAttributes$$THM_ISAv4$E$P$D$K$B$S$7EM$VFPi3$EXTD16$VFPS$VFMA$PE$A:L22UL41UL21$X:L11$S22US41US21$IEEE1$IW$~IW$USESV6$~STKCKD$USESV7$~SHL$OTIME$ROPI$IEEEF$EBA8$MICROLIB$REQ8$PRES8$EABIv2 0x00000000   Number         0  anon$$obj.o ABSOLUTE
    _printf_a                                0x00000000   Number         0  printfstubs.o ABSOLUTE
    _printf_c                                0x00000000   Number         0  printfstubs.o ABSOLUTE
    _printf_charcount                        0x00000000   Number         0  printfstubs.o ABSOLUTE
    _printf_d                                0x00000000   Number         0  printfstubs.o ABSOLUTE
    _printf_e                                0x00000000   Number         0  printfstubs.o ABSOLUTE
    _printf_f                                0x00000000   Number         0  printfstubs.o ABSOLUTE
    _printf_flags                            0x00000000   Number         0  printfstubs.o ABSOLUTE
    _printf_fp_dec                           0x00000000   Number         0  printfstubs.o ABSOLUTE
    _printf_fp_hex                           0x00000000   Number         0  printfstubs.o ABSOLUTE
    _printf_g                                0x00000000   Number         0  printfstubs.o ABSOLUTE
    _printf_i                                0x00000000   Number         0  printfstubs.o ABSOLUTE
    _printf_int_dec                          0x00000000   Number         0  printfstubs.o ABSOLUTE
    _printf_l                                0x00000000   Number         0  printfstubs.o ABSOLUTE
    _printf_lc                               0x00000000   Number         0  printfstubs.o ABSOLUTE
    _printf_ll                               0x00000000   Number         0  printfstubs.o ABSOLUTE
    _printf_lld                              0x00000000   Number         0  printfstubs.o ABSOLUTE
    _printf_lli                              0x00000000   Number         0  printfstubs.o ABSOLUTE
    _printf_llo                              0x00000000   Number         0  printfstubs.o ABSOLUTE
    _printf_llu                              0x00000000   Number         0  printfstubs.o ABSOLUTE
    _printf_llx                              0x00000000   Number         0  printfstubs.o ABSOLUTE
    _printf_longlong_dec                     0x00000000   Number         0  printfstubs.o ABSOLUTE
    _printf_longlong_hex                     0x00000000   Number         0  printfstubs.o ABSOLUTE
    _printf_longlong_oct                     0x00000000   Number         0  printfstubs.o ABSOLUTE
    _printf_ls                               0x00000000   Number         0  printfstubs.o ABSOLUTE
    _printf_mbtowc                           0x00000000   Number         0  printfstubs.o ABSOLUTE
    _printf_n                                0x00000000   Number         0  printfstubs.o ABSOLUTE
    _printf_o                                0x00000000   Number         0  printfstubs.o ABSOLUTE
    _printf_p                                0x00000000   Number         0  printfstubs.o ABSOLUTE
    _printf_percent                          0x00000000   Number         0  printfstubs.o ABSOLUTE
    _printf_pre_padding                      0x00000000   Number         0  printfstubs.o ABSOLUTE
    _printf_return_value                     0x00000000   Number         0  printfstubs.o ABSOLUTE
    _printf_s                                0x00000000   Number         0  printfstubs.o ABSOLUTE
    _printf_sizespec                         0x00000000   Number         0  printfstubs.o ABSOLUTE
    _printf_str                              0x00000000   Number         0  printfstubs.o ABSOLUTE
    _printf_truncate_signed                  0x00000000   Number         0  printfstubs.o ABSOLUTE
    _printf_truncate_unsigned                0x00000000   Number         0  printfstubs.o ABSOLUTE
    _printf_u                                0x00000000   Number         0  printfstubs.o ABSOLUTE
    _printf_wc                               0x00000000   Number         0  printfstubs.o ABSOLUTE
    _printf_wctomb                           0x00000000   Number         0  printfstubs.o ABSOLUTE
    _printf_widthprec                        0x00000000   Number         0  printfstubs.o ABSOLUTE
    _printf_x                                0x00000000   Number         0  printfstubs.o ABSOLUTE
    __cpp_initialize__aeabi_                  - Undefined Weak Reference
    __cxa_finalize                            - Undefined Weak Reference
    __decompress                              - Undefined Weak Reference
    _clock_init                               - Undefined Weak Reference
    _microlib_exit                            - Undefined Weak Reference
    __Vectors_Size                           0x000001ac   Number         0  startup_gd32f450_470.o ABSOLUTE
    __Vectors                                0x08000000   Data           4  startup_gd32f450_470.o(RESET)
    __Vectors_End                            0x080001ac   Data           0  startup_gd32f450_470.o(RESET)
    __main                                   0x080001ad   Thumb Code     0  entry.o(.ARM.Collect$$$$00000000)
    _main_stk                                0x080001ad   Thumb Code     0  entry2.o(.ARM.Collect$$$$00000001)
    _main_scatterload                        0x080001b1   Thumb Code     0  entry5.o(.ARM.Collect$$$$00000004)
    __main_after_scatterload                 0x080001b5   Thumb Code     0  entry5.o(.ARM.Collect$$$$00000004)
    _main_clock                              0x080001b5   Thumb Code     0  entry7b.o(.ARM.Collect$$$$00000008)
    _main_cpp_init                           0x080001b5   Thumb Code     0  entry8b.o(.ARM.Collect$$$$0000000A)
    _main_init                               0x080001b5   Thumb Code     0  entry9a.o(.ARM.Collect$$$$0000000B)
    __rt_final_cpp                           0x080001bd   Thumb Code     0  entry10a.o(.ARM.Collect$$$$0000000D)
    __rt_final_exit                          0x080001bd   Thumb Code     0  entry11a.o(.ARM.Collect$$$$0000000F)
    Reset_Handler                            0x080001c1   Thumb Code     8  startup_gd32f450_470.o(.text)
    ADC_IRQHandler                           0x080001db   Thumb Code     0  startup_gd32f450_470.o(.text)
    CAN0_EWMC_IRQHandler                     0x080001db   Thumb Code     0  startup_gd32f450_470.o(.text)
    CAN0_RX0_IRQHandler                      0x080001db   Thumb Code     0  startup_gd32f450_470.o(.text)
    CAN0_RX1_IRQHandler                      0x080001db   Thumb Code     0  startup_gd32f450_470.o(.text)
    CAN0_TX_IRQHandler                       0x080001db   Thumb Code     0  startup_gd32f450_470.o(.text)
    CAN1_EWMC_IRQHandler                     0x080001db   Thumb Code     0  startup_gd32f450_470.o(.text)
    CAN1_RX0_IRQHandler                      0x080001db   Thumb Code     0  startup_gd32f450_470.o(.text)
    CAN1_TX_IRQHandler                       0x080001db   Thumb Code     0  startup_gd32f450_470.o(.text)
    DCI_IRQHandler                           0x080001db   Thumb Code     0  startup_gd32f450_470.o(.text)
    DMA0_Channel0_IRQHandler                 0x080001db   Thumb Code     0  startup_gd32f450_470.o(.text)
    DMA0_Channel1_IRQHandler                 0x080001db   Thumb Code     0  startup_gd32f450_470.o(.text)
    DMA0_Channel2_IRQHandler                 0x080001db   Thumb Code     0  startup_gd32f450_470.o(.text)
    DMA0_Channel3_IRQHandler                 0x080001db   Thumb Code     0  startup_gd32f450_470.o(.text)
    DMA0_Channel4_IRQHandler                 0x080001db   Thumb Code     0  startup_gd32f450_470.o(.text)
    DMA0_Channel5_IRQHandler                 0x080001db   Thumb Code     0  startup_gd32f450_470.o(.text)
    DMA0_Channel6_IRQHandler                 0x080001db   Thumb Code     0  startup_gd32f450_470.o(.text)
    DMA0_Channel7_IRQHandler                 0x080001db   Thumb Code     0  startup_gd32f450_470.o(.text)
    DMA1_Channel0_IRQHandler                 0x080001db   Thumb Code     0  startup_gd32f450_470.o(.text)
    DMA1_Channel1_IRQHandler                 0x080001db   Thumb Code     0  startup_gd32f450_470.o(.text)
    DMA1_Channel2_IRQHandler                 0x080001db   Thumb Code     0  startup_gd32f450_470.o(.text)
    DMA1_Channel3_IRQHandler                 0x080001db   Thumb Code     0  startup_gd32f450_470.o(.text)
    DMA1_Channel4_IRQHandler                 0x080001db   Thumb Code     0  startup_gd32f450_470.o(.text)
    DMA1_Channel5_IRQHandler                 0x080001db   Thumb Code     0  startup_gd32f450_470.o(.text)
    DMA1_Channel6_IRQHandler                 0x080001db   Thumb Code     0  startup_gd32f450_470.o(.text)
    DMA1_Channel7_IRQHandler                 0x080001db   Thumb Code     0  startup_gd32f450_470.o(.text)
    ENET_IRQHandler                          0x080001db   Thumb Code     0  startup_gd32f450_470.o(.text)
    ENET_WKUP_IRQHandler                     0x080001db   Thumb Code     0  startup_gd32f450_470.o(.text)
    EXMC_IRQHandler                          0x080001db   Thumb Code     0  startup_gd32f450_470.o(.text)
    EXTI0_IRQHandler                         0x080001db   Thumb Code     0  startup_gd32f450_470.o(.text)
    EXTI10_15_IRQHandler                     0x080001db   Thumb Code     0  startup_gd32f450_470.o(.text)
    EXTI1_IRQHandler                         0x080001db   Thumb Code     0  startup_gd32f450_470.o(.text)
    EXTI2_IRQHandler                         0x080001db   Thumb Code     0  startup_gd32f450_470.o(.text)
    EXTI3_IRQHandler                         0x080001db   Thumb Code     0  startup_gd32f450_470.o(.text)
    EXTI4_IRQHandler                         0x080001db   Thumb Code     0  startup_gd32f450_470.o(.text)
    EXTI5_9_IRQHandler                       0x080001db   Thumb Code     0  startup_gd32f450_470.o(.text)
    FMC_IRQHandler                           0x080001db   Thumb Code     0  startup_gd32f450_470.o(.text)
    FPU_IRQHandler                           0x080001db   Thumb Code     0  startup_gd32f450_470.o(.text)
    I2C0_ER_IRQHandler                       0x080001db   Thumb Code     0  startup_gd32f450_470.o(.text)
    I2C0_EV_IRQHandler                       0x080001db   Thumb Code     0  startup_gd32f450_470.o(.text)
    I2C1_ER_IRQHandler                       0x080001db   Thumb Code     0  startup_gd32f450_470.o(.text)
    I2C1_EV_IRQHandler                       0x080001db   Thumb Code     0  startup_gd32f450_470.o(.text)
    I2C2_ER_IRQHandler                       0x080001db   Thumb Code     0  startup_gd32f450_470.o(.text)
    I2C2_EV_IRQHandler                       0x080001db   Thumb Code     0  startup_gd32f450_470.o(.text)
    IPA_IRQHandler                           0x080001db   Thumb Code     0  startup_gd32f450_470.o(.text)
    LVD_IRQHandler                           0x080001db   Thumb Code     0  startup_gd32f450_470.o(.text)
    RCU_CTC_IRQHandler                       0x080001db   Thumb Code     0  startup_gd32f450_470.o(.text)
    RTC_Alarm_IRQHandler                     0x080001db   Thumb Code     0  startup_gd32f450_470.o(.text)
    RTC_WKUP_IRQHandler                      0x080001db   Thumb Code     0  startup_gd32f450_470.o(.text)
    SDIO_IRQHandler                          0x080001db   Thumb Code     0  startup_gd32f450_470.o(.text)
    SPI0_IRQHandler                          0x080001db   Thumb Code     0  startup_gd32f450_470.o(.text)
    SPI1_IRQHandler                          0x080001db   Thumb Code     0  startup_gd32f450_470.o(.text)
    SPI2_IRQHandler                          0x080001db   Thumb Code     0  startup_gd32f450_470.o(.text)
    SPI3_IRQHandler                          0x080001db   Thumb Code     0  startup_gd32f450_470.o(.text)
    SPI4_IRQHandler                          0x080001db   Thumb Code     0  startup_gd32f450_470.o(.text)
    SPI5_IRQHandler                          0x080001db   Thumb Code     0  startup_gd32f450_470.o(.text)
    TAMPER_STAMP_IRQHandler                  0x080001db   Thumb Code     0  startup_gd32f450_470.o(.text)
    TIMER0_BRK_TIMER8_IRQHandler             0x080001db   Thumb Code     0  startup_gd32f450_470.o(.text)
    TIMER0_Channel_IRQHandler                0x080001db   Thumb Code     0  startup_gd32f450_470.o(.text)
    TIMER0_TRG_CMT_TIMER10_IRQHandler        0x080001db   Thumb Code     0  startup_gd32f450_470.o(.text)
    TIMER0_UP_TIMER9_IRQHandler              0x080001db   Thumb Code     0  startup_gd32f450_470.o(.text)
    TIMER1_IRQHandler                        0x080001db   Thumb Code     0  startup_gd32f450_470.o(.text)
    TIMER2_IRQHandler                        0x080001db   Thumb Code     0  startup_gd32f450_470.o(.text)
    TIMER3_IRQHandler                        0x080001db   Thumb Code     0  startup_gd32f450_470.o(.text)
    TIMER4_IRQHandler                        0x080001db   Thumb Code     0  startup_gd32f450_470.o(.text)
    TIMER5_DAC_IRQHandler                    0x080001db   Thumb Code     0  startup_gd32f450_470.o(.text)
    TIMER6_IRQHandler                        0x080001db   Thumb Code     0  startup_gd32f450_470.o(.text)
    TIMER7_BRK_TIMER11_IRQHandler            0x080001db   Thumb Code     0  startup_gd32f450_470.o(.text)
    TIMER7_Channel_IRQHandler                0x080001db   Thumb Code     0  startup_gd32f450_470.o(.text)
    TIMER7_TRG_CMT_TIMER13_IRQHandler        0x080001db   Thumb Code     0  startup_gd32f450_470.o(.text)
    TIMER7_UP_TIMER12_IRQHandler             0x080001db   Thumb Code     0  startup_gd32f450_470.o(.text)
    TLI_ER_IRQHandler                        0x080001db   Thumb Code     0  startup_gd32f450_470.o(.text)
    TLI_IRQHandler                           0x080001db   Thumb Code     0  startup_gd32f450_470.o(.text)
    TRNG_IRQHandler                          0x080001db   Thumb Code     0  startup_gd32f450_470.o(.text)
    UART3_IRQHandler                         0x080001db   Thumb Code     0  startup_gd32f450_470.o(.text)
    UART4_IRQHandler                         0x080001db   Thumb Code     0  startup_gd32f450_470.o(.text)
    UART6_IRQHandler                         0x080001db   Thumb Code     0  startup_gd32f450_470.o(.text)
    UART7_IRQHandler                         0x080001db   Thumb Code     0  startup_gd32f450_470.o(.text)
    USART2_IRQHandler                        0x080001db   Thumb Code     0  startup_gd32f450_470.o(.text)
    USART5_IRQHandler                        0x080001db   Thumb Code     0  startup_gd32f450_470.o(.text)
    USBFS_IRQHandler                         0x080001db   Thumb Code     0  startup_gd32f450_470.o(.text)
    USBFS_WKUP_IRQHandler                    0x080001db   Thumb Code     0  startup_gd32f450_470.o(.text)
    USBHS_EP1_In_IRQHandler                  0x080001db   Thumb Code     0  startup_gd32f450_470.o(.text)
    USBHS_EP1_Out_IRQHandler                 0x080001db   Thumb Code     0  startup_gd32f450_470.o(.text)
    USBHS_IRQHandler                         0x080001db   Thumb Code     0  startup_gd32f450_470.o(.text)
    USBHS_WKUP_IRQHandler                    0x080001db   Thumb Code     0  startup_gd32f450_470.o(.text)
    WWDGT_IRQHandler                         0x080001db   Thumb Code     0  startup_gd32f450_470.o(.text)
    strlen                                   0x080001e5   Thumb Code    14  strlen.o(.text)
    memchr                                   0x080001f3   Thumb Code    20  memchr.o(.text)
    memcmp                                   0x08000207   Thumb Code    26  memcmp.o(.text)
    __aeabi_uidiv                            0x08000221   Thumb Code     0  uidiv.o(.text)
    __aeabi_uidivmod                         0x08000221   Thumb Code    44  uidiv.o(.text)
    __aeabi_uldivmod                         0x0800024d   Thumb Code    98  uldiv.o(.text)
    __I$use$fp                               0x080002af   Thumb Code     0  iusefp.o(.text)
    __aeabi_dadd                             0x080002af   Thumb Code   322  dadd.o(.text)
    __aeabi_dsub                             0x080003f1   Thumb Code     6  dadd.o(.text)
    __aeabi_drsub                            0x080003f7   Thumb Code     6  dadd.o(.text)
    __aeabi_dmul                             0x080003fd   Thumb Code   228  dmul.o(.text)
    __aeabi_ddiv                             0x080004e1   Thumb Code   222  ddiv.o(.text)
    __aeabi_d2ulz                            0x080005bf   Thumb Code    48  dfixul.o(.text)
    __aeabi_cdrcmple                         0x080005f1   Thumb Code    48  cdrcmple.o(.text)
    __scatterload                            0x08000621   Thumb Code    28  init.o(.text)
    __scatterload_rt2                        0x08000621   Thumb Code     0  init.o(.text)
    __aeabi_llsl                             0x08000645   Thumb Code    30  llshl.o(.text)
    _ll_shift_l                              0x08000645   Thumb Code     0  llshl.o(.text)
    __aeabi_llsr                             0x08000663   Thumb Code    32  llushr.o(.text)
    _ll_ushift_r                             0x08000663   Thumb Code     0  llushr.o(.text)
    __aeabi_lasr                             0x08000683   Thumb Code    36  llsshr.o(.text)
    _ll_sshift_r                             0x08000683   Thumb Code     0  llsshr.o(.text)
    _double_round                            0x080006a7   Thumb Code    30  depilogue.o(.text)
    _double_epilogue                         0x080006c5   Thumb Code   156  depilogue.o(.text)
    __aeabi_memcpy                           0x08000761   Thumb Code    36  memcpya.o(.text)
    __aeabi_memcpy4                          0x08000761   Thumb Code     0  memcpya.o(.text)
    __aeabi_memcpy8                          0x08000761   Thumb Code     0  memcpya.o(.text)
    __aeabi_memset                           0x08000785   Thumb Code    14  memseta.o(.text)
    __aeabi_memset4                          0x08000785   Thumb Code     0  memseta.o(.text)
    __aeabi_memset8                          0x08000785   Thumb Code     0  memseta.o(.text)
    __aeabi_memclr                           0x08000793   Thumb Code     4  memseta.o(.text)
    __aeabi_memclr4                          0x08000793   Thumb Code     0  memseta.o(.text)
    __aeabi_memclr8                          0x08000793   Thumb Code     0  memseta.o(.text)
    _memset$wrapper                          0x08000797   Thumb Code    18  memseta.o(.text)
    __aeabi_f2d                              0x080007a9   Thumb Code    38  f2d.o(.text)
    BusFault_Handler                         0x080007d1   Thumb Code     2  lto-llvm-d75d8d.o(.text.BusFault_Handler)
    CAN1_RX1_IRQHandler                      0x080007d5   Thumb Code    96  lto-llvm-d75d8d.o(.text.CAN1_RX1_IRQHandler)
    DebugMon_Handler                         0x08000871   Thumb Code     2  lto-llvm-d75d8d.o(.text.DebugMon_Handler)
    HardFault_Handler                        0x08000875   Thumb Code     2  lto-llvm-d75d8d.o(.text.HardFault_Handler)
    MemManage_Handler                        0x08000a41   Thumb Code     2  lto-llvm-d75d8d.o(.text.MemManage_Handler)
    NMI_Handler                              0x08000a45   Thumb Code     2  lto-llvm-d75d8d.o(.text.NMI_Handler)
    PendSV_Handler                           0x08000a49   Thumb Code     2  lto-llvm-d75d8d.o(.text.PendSV_Handler)
    SVC_Handler                              0x08000a4d   Thumb Code     2  lto-llvm-d75d8d.o(.text.SVC_Handler)
    SysTick_Handler                          0x08000ef9   Thumb Code    24  lto-llvm-d75d8d.o(.text.SysTick_Handler)
    SystemInit                               0x08000f11   Thumb Code   552  lto-llvm-d75d8d.o(.text.SystemInit)
    USART0_IRQHandler                        0x08001139   Thumb Code   736  lto-llvm-d75d8d.o(.text.USART0_IRQHandler)
    USART1_IRQHandler                        0x08001419   Thumb Code   516  lto-llvm-d75d8d.o(.text.USART1_IRQHandler)
    UsageFault_Handler                       0x0800161d   Thumb Code     2  lto-llvm-d75d8d.o(.text.UsageFault_Handler)
    fputc                                    0x08001621   Thumb Code    74  lto-llvm-d75d8d.o(.text.fputc)
    main                                     0x08001ac5   Thumb Code  1912  lto-llvm-d75d8d.o(.text.main)
    __0sprintf                               0x080023a5   Thumb Code    34  printfa.o(i.__0sprintf)
    __1sprintf                               0x080023a5   Thumb Code     0  printfa.o(i.__0sprintf)
    __2sprintf                               0x080023a5   Thumb Code     0  printfa.o(i.__0sprintf)
    __c89sprintf                             0x080023a5   Thumb Code     0  printfa.o(i.__0sprintf)
    sprintf                                  0x080023a5   Thumb Code     0  printfa.o(i.__0sprintf)
    __scatterload_copy                       0x080023cd   Thumb Code    14  handlers.o(i.__scatterload_copy)
    __scatterload_null                       0x080023db   Thumb Code     2  handlers.o(i.__scatterload_null)
    __scatterload_zeroinit                   0x080023dd   Thumb Code    14  handlers.o(i.__scatterload_zeroinit)
    puts                                     0x08002ca9   Thumb Code    30  puts.o(i.puts)
    Region$$Table$$Base                      0x0800336c   Number         0  anon$$obj.o(Region$$Table)
    Region$$Table$$Limit                     0x0800338c   Number         0  anon$$obj.o(Region$$Table)
    __stdout                                 0x20000000   Data           4  stdout.o(.data)
    __initial_sp                             0x20001770   Data           0  startup_gd32f450_470.o(STACK)



==============================================================================

Memory Map of the image

  Image Entry point : 0x080001ad

  Load Region LR_IROM1 (Base: 0x08000000, Size: 0x00003398, Max: 0x00200000, ABSOLUTE)

    Execution Region ER_IROM1 (Base: 0x08000000, Size: 0x0000338c, Max: 0x00200000, ABSOLUTE)

    Base Addr    Size         Type   Attr      Idx    E Section Name        Object

    0x08000000   0x000001ac   Data   RO            5    RESET               startup_gd32f450_470.o
    0x080001ac   0x00000000   Code   RO           46  * .ARM.Collect$$$$00000000  mc_w.l(entry.o)
    0x080001ac   0x00000004   Code   RO          324    .ARM.Collect$$$$00000001  mc_w.l(entry2.o)
    0x080001b0   0x00000004   Code   RO          327    .ARM.Collect$$$$00000004  mc_w.l(entry5.o)
    0x080001b4   0x00000000   Code   RO          329    .ARM.Collect$$$$00000008  mc_w.l(entry7b.o)
    0x080001b4   0x00000000   Code   RO          331    .ARM.Collect$$$$0000000A  mc_w.l(entry8b.o)
    0x080001b4   0x00000008   Code   RO          332    .ARM.Collect$$$$0000000B  mc_w.l(entry9a.o)
    0x080001bc   0x00000000   Code   RO          334    .ARM.Collect$$$$0000000D  mc_w.l(entry10a.o)
    0x080001bc   0x00000000   Code   RO          336    .ARM.Collect$$$$0000000F  mc_w.l(entry11a.o)
    0x080001bc   0x00000004   Code   RO          325    .ARM.Collect$$$$00002712  mc_w.l(entry2.o)
    0x080001c0   0x00000024   Code   RO            6    .text               startup_gd32f450_470.o
    0x080001e4   0x0000000e   Code   RO           53    .text               mc_w.l(strlen.o)
    0x080001f2   0x00000014   Code   RO           57    .text               mc_w.l(memchr.o)
    0x08000206   0x0000001a   Code   RO           59    .text               mc_w.l(memcmp.o)
    0x08000220   0x0000002c   Code   RO          348    .text               mc_w.l(uidiv.o)
    0x0800024c   0x00000062   Code   RO          350    .text               mc_w.l(uldiv.o)
    0x080002ae   0x00000000   Code   RO          352    .text               mc_w.l(iusefp.o)
    0x080002ae   0x0000014e   Code   RO          353    .text               mf_w.l(dadd.o)
    0x080003fc   0x000000e4   Code   RO          355    .text               mf_w.l(dmul.o)
    0x080004e0   0x000000de   Code   RO          357    .text               mf_w.l(ddiv.o)
    0x080005be   0x00000030   Code   RO          359    .text               mf_w.l(dfixul.o)
    0x080005ee   0x00000002   PAD
    0x080005f0   0x00000030   Code   RO          361    .text               mf_w.l(cdrcmple.o)
    0x08000620   0x00000024   Code   RO          363    .text               mc_w.l(init.o)
    0x08000644   0x0000001e   Code   RO          365    .text               mc_w.l(llshl.o)
    0x08000662   0x00000020   Code   RO          367    .text               mc_w.l(llushr.o)
    0x08000682   0x00000024   Code   RO          369    .text               mc_w.l(llsshr.o)
    0x080006a6   0x000000ba   Code   RO          371    .text               mf_w.l(depilogue.o)
    0x08000760   0x00000024   Code   RO          451    .text               mc_w.l(memcpya.o)
    0x08000784   0x00000024   Code   RO          453    .text               mc_w.l(memseta.o)
    0x080007a8   0x00000026   Code   RO          457    .text               mf_w.l(f2d.o)
    0x080007ce   0x00000002   PAD
    0x080007d0   0x00000002   Code   RO          424    .text.BusFault_Handler  lto-llvm-d75d8d.o
    0x080007d2   0x00000002   PAD
    0x080007d4   0x0000009c   Code   RO          396    .text.CAN1_RX1_IRQHandler  lto-llvm-d75d8d.o
    0x08000870   0x00000002   Code   RO          430    .text.DebugMon_Handler  lto-llvm-d75d8d.o
    0x08000872   0x00000002   PAD
    0x08000874   0x00000002   Code   RO          420    .text.HardFault_Handler  lto-llvm-d75d8d.o
    0x08000876   0x00000002   PAD
    0x08000878   0x0000011e   Code   RO          402    .text.Ina226_ReadRegister  lto-llvm-d75d8d.o
    0x08000996   0x00000002   PAD
    0x08000998   0x000000a8   Code   RO          404    .text.Ina226_WriteRegister  lto-llvm-d75d8d.o
    0x08000a40   0x00000002   Code   RO          422    .text.MemManage_Handler  lto-llvm-d75d8d.o
    0x08000a42   0x00000002   PAD
    0x08000a44   0x00000002   Code   RO          418    .text.NMI_Handler   lto-llvm-d75d8d.o
    0x08000a46   0x00000002   PAD
    0x08000a48   0x00000002   Code   RO          432    .text.PendSV_Handler  lto-llvm-d75d8d.o
    0x08000a4a   0x00000002   PAD
    0x08000a4c   0x00000002   Code   RO          428    .text.SVC_Handler   lto-llvm-d75d8d.o
    0x08000a4e   0x00000002   PAD
    0x08000a50   0x000001d0   Code   RO          408    .text.Soft_I2C_Init  lto-llvm-d75d8d.o
    0x08000c20   0x00000090   Code   RO          416    .text.Soft_I2C_ReceiveAck  lto-llvm-d75d8d.o
    0x08000cb0   0x000000c0   Code   RO          414    .text.Soft_I2C_ReceiveByte  lto-llvm-d75d8d.o
    0x08000d70   0x00000094   Code   RO          410    .text.Soft_I2C_Start  lto-llvm-d75d8d.o
    0x08000e04   0x000000f2   Code   RO          412    .text.Soft_I2C_WriteByte  lto-llvm-d75d8d.o
    0x08000ef6   0x00000002   PAD
    0x08000ef8   0x00000018   Code   RO          434    .text.SysTick_Handler  lto-llvm-d75d8d.o
    0x08000f10   0x00000228   Code   RO          388    .text.SystemInit    lto-llvm-d75d8d.o
    0x08001138   0x000002e0   Code   RO          400    .text.USART0_IRQHandler  lto-llvm-d75d8d.o
    0x08001418   0x00000204   Code   RO          406    .text.USART1_IRQHandler  lto-llvm-d75d8d.o
    0x0800161c   0x00000002   Code   RO          426    .text.UsageFault_Handler  lto-llvm-d75d8d.o
    0x0800161e   0x00000002   PAD
    0x08001620   0x0000004a   Code   RO          398    .text.fputc         lto-llvm-d75d8d.o
    0x0800166a   0x00000002   PAD
    0x0800166c   0x00000178   Code   RO          390    .text.gpio_mode_set  lto-llvm-d75d8d.o
    0x080017e4   0x000000f4   Code   RO          392    .text.gpio_output_options_set  lto-llvm-d75d8d.o
    0x080018d8   0x00000058   Code   RO          374    .text.handle_bus_voltage  lto-llvm-d75d8d.o
    0x08001930   0x00000050   Code   RO          376    .text.handle_current  lto-llvm-d75d8d.o
    0x08001980   0x0000002c   Code   RO          386    .text.handle_die_id  lto-llvm-d75d8d.o
    0x080019ac   0x00000038   Code   RO          384    .text.handle_manufacturer_id  lto-llvm-d75d8d.o
    0x080019e4   0x0000004c   Code   RO          380    .text.handle_power  lto-llvm-d75d8d.o
    0x08001a30   0x00000058   Code   RO          378    .text.handle_shunt_voltage  lto-llvm-d75d8d.o
    0x08001a88   0x0000003a   Code   RO          382    .text.handle_unlock_alert  lto-llvm-d75d8d.o
    0x08001ac2   0x00000002   PAD
    0x08001ac4   0x00000778   Code   RO          436    .text.main          lto-llvm-d75d8d.o
    0x0800223c   0x00000168   Code   RO          394    .text.usart_baudrate_set  lto-llvm-d75d8d.o
    0x080023a4   0x00000028   Code   RO          298    i.__0sprintf        mc_w.l(printfa.o)
    0x080023cc   0x0000000e   Code   RO          461    i.__scatterload_copy  mc_w.l(handlers.o)
    0x080023da   0x00000002   Code   RO          462    i.__scatterload_null  mc_w.l(handlers.o)
    0x080023dc   0x0000000e   Code   RO          463    i.__scatterload_zeroinit  mc_w.l(handlers.o)
    0x080023ea   0x00000002   PAD
    0x080023ec   0x00000184   Code   RO          303    i._fp_digits        mc_w.l(printfa.o)
    0x08002570   0x000006dc   Code   RO          304    i._printf_core      mc_w.l(printfa.o)
    0x08002c4c   0x00000024   Code   RO          305    i._printf_post_padding  mc_w.l(printfa.o)
    0x08002c70   0x0000002e   Code   RO          306    i._printf_pre_padding  mc_w.l(printfa.o)
    0x08002c9e   0x0000000a   Code   RO          308    i._sputc            mc_w.l(printfa.o)
    0x08002ca8   0x00000024   Code   RO           49    i.puts              mc_w.l(puts.o)
    0x08002ccc   0x00000110   Data   RO          439    .rodata             lto-llvm-d75d8d.o
    0x08002ddc   0x00000008   Data   RO          442    .rodata.cst8        lto-llvm-d75d8d.o
    0x08002de4   0x00000585   Data   RO          438    .rodata.str1.1      lto-llvm-d75d8d.o
    0x08003369   0x00000003   PAD
    0x0800336c   0x00000020   Data   RO          460    Region$$Table       anon$$obj.o


    Execution Region RW_IRAM1 (Base: 0x20000000, Size: 0x00001770, Max: 0x000b0000, ABSOLUTE)

    Base Addr    Size         Type   Attr      Idx    E Section Name        Object

    0x20000000   0x00000004   Data   RW          338    .data               mc_w.l(stdout.o)
    0x20000004   0x00000004   PAD
    0x20000008   0x00001364   Zero   RW          440    .bss                lto-llvm-d75d8d.o
    0x2000136c   0x00000004   PAD
    0x20001370   0x00000400   Zero   RW            3    STACK               startup_gd32f450_470.o


==============================================================================

Image component sizes


      Code (inc. data)   RO Data    RW Data    ZI Data      Debug   Object Name

      7100        286       1693          0       4964      63281   lto-llvm-d75d8d.o
        36          8        428          0       1024        908   startup_gd32f450_470.o

    ----------------------------------------------------------------------
      7160        294       2156          0       5992      64189   Object Totals
         0          0         32          0          0          0   (incl. Generated)
        24          0          3          0          4          0   (incl. Padding)

    ----------------------------------------------------------------------

      Code (inc. data)   RO Data    RW Data    ZI Data      Debug   Library Member Name

         0          0          0          0          0          0   entry.o
         0          0          0          0          0          0   entry10a.o
         0          0          0          0          0          0   entry11a.o
         8          4          0          0          0          0   entry2.o
         4          0          0          0          0          0   entry5.o
         0          0          0          0          0          0   entry7b.o
         0          0          0          0          0          0   entry8b.o
         8          4          0          0          0          0   entry9a.o
        30          0          0          0          0          0   handlers.o
        36          8          0          0          0         68   init.o
         0          0          0          0          0          0   iusefp.o
        30          0          0          0          0         68   llshl.o
        36          0          0          0          0         68   llsshr.o
        32          0          0          0          0         68   llushr.o
        20          0          0          0          0         68   memchr.o
        26          0          0          0          0         80   memcmp.o
        36          0          0          0          0         68   memcpya.o
        36          0          0          0          0        108   memseta.o
      2276         86          0          0          0        520   printfa.o
        36          6          0          0          0         80   puts.o
         0          0          0          4          0          0   stdout.o
        14          0          0          0          0         68   strlen.o
        44          0          0          0          0         80   uidiv.o
        98          0          0          0          0         92   uldiv.o
        48          0          0          0          0         68   cdrcmple.o
       334          0          0          0          0        148   dadd.o
       222          0          0          0          0        100   ddiv.o
       186          0          0          0          0        176   depilogue.o
        48          0          0          0          0         68   dfixul.o
       228          0          0          0          0         96   dmul.o
        38          0          0          0          0         68   f2d.o

    ----------------------------------------------------------------------
      3880        108          0          4          4       2160   Library Totals
         6          0          0          0          4          0   (incl. Padding)

    ----------------------------------------------------------------------

      Code (inc. data)   RO Data    RW Data    ZI Data      Debug   Library Name

      2770        108          0          4          0       1436   mc_w.l
      1104          0          0          0          0        724   mf_w.l

    ----------------------------------------------------------------------
      3880        108          0          4          4       2160   Library Totals

    ----------------------------------------------------------------------

==============================================================================


      Code (inc. data)   RO Data    RW Data    ZI Data      Debug   

     11040        402       2156          4       5996      65409   Grand Totals
     11040        402       2156          4       5996      65409   ELF Image Totals
     11040        402       2156          4          0          0   ROM Totals

==============================================================================

    Total RO  Size (Code + RO Data)                13196 (  12.89kB)
    Total RW  Size (RW Data + ZI Data)              6000 (   5.86kB)
    Total ROM Size (Code + RO Data + RW Data)      13200 (  12.89kB)

==============================================================================

